Component: ARM Compiler 5.06 update 6 (build 750) Tool: armlink [4d35ed]

==============================================================================

Section Cross References

    init_func_sets.o(i.LED_Init) refers to stm32f10x_rcc.o(i.RCC_APB2PeriphClockCmd) for RCC_APB2PeriphClockCmd
    init_func_sets.o(i.LED_Init) refers to stm32f10x_gpio.o(i.GPIO_Init) for GPIO_Init
    init_func_sets.o(i.SWITCH_Init) refers to stm32f10x_rcc.o(i.RCC_APB2PeriphClockCmd) for RCC_APB2PeriphClockCmd
    init_func_sets.o(i.SWITCH_Init) refers to stm32f10x_gpio.o(i.GPIO_Init) for GPIO_Init
    init_func_sets.o(i.SWITCH_Init) refers to stm32f10x_gpio.o(i.GPIO_EXTILineConfig) for GPIO_EXTILineConfig
    init_func_sets.o(i.SWITCH_Init) refers to stm32f10x_exti.o(i.EXTI_Init) for EXTI_Init
    init_func_sets.o(i.SWITCH_Init) refers to misc.o(i.NVIC_Init) for NVIC_Init
    init_func_sets.o(i.Struct_Init) refers to main.o(.bss) for object
    init_func_sets.o(i.Struct_Init) refers to init_func_sets.o(.data) for def_Car
    init_func_sets.o(i.SysTick_Init) refers to system_stm32f10x.o(i.SystemCoreClockUpdate) for SystemCoreClockUpdate
    init_func_sets.o(i.SysTick_Init) refers to init_func_sets.o(i.__NVIC_SetPriority) for __NVIC_SetPriority
    init_func_sets.o(i.SysTick_Init) refers to system_stm32f10x.o(.data) for SystemCoreClock
    init_func_sets.o(i.TIM2_Init) refers to stm32f10x_rcc.o(i.RCC_APB1PeriphClockCmd) for RCC_APB1PeriphClockCmd
    init_func_sets.o(i.TIM2_Init) refers to stm32f10x_tim.o(i.TIM_TimeBaseInit) for TIM_TimeBaseInit
    init_func_sets.o(i.TIM2_Init) refers to stm32f10x_tim.o(i.TIM_ITConfig) for TIM_ITConfig
    init_func_sets.o(i.TIM2_Init) refers to misc.o(i.NVIC_Init) for NVIC_Init
    init_func_sets.o(i.TIM4_Init) refers to stm32f10x_rcc.o(i.RCC_APB1PeriphClockCmd) for RCC_APB1PeriphClockCmd
    init_func_sets.o(i.TIM4_Init) refers to stm32f10x_tim.o(i.TIM_TimeBaseInit) for TIM_TimeBaseInit
    init_func_sets.o(i.TIM4_Init) refers to stm32f10x_tim.o(i.TIM_Cmd) for TIM_Cmd
    init_func_sets.o(i.TIM4_Init) refers to stm32f10x_tim.o(i.TIM_ITConfig) for TIM_ITConfig
    init_func_sets.o(i.TIM4_Init) refers to misc.o(i.NVIC_Init) for NVIC_Init
    init_func_sets.o(i.USART2_Init) refers to stm32f10x_rcc.o(i.RCC_APB2PeriphClockCmd) for RCC_APB2PeriphClockCmd
    init_func_sets.o(i.USART2_Init) refers to stm32f10x_gpio.o(i.GPIO_Init) for GPIO_Init
    init_func_sets.o(i.USART2_Init) refers to stm32f10x_rcc.o(i.RCC_APB1PeriphClockCmd) for RCC_APB1PeriphClockCmd
    init_func_sets.o(i.USART2_Init) refers to stm32f10x_usart.o(i.USART_Init) for USART_Init
    init_func_sets.o(i.USART2_Init) refers to stm32f10x_usart.o(i.USART_Cmd) for USART_Cmd
    init_func_sets.o(i.WHEEL_PWM_Init) refers to stm32f10x_rcc.o(i.RCC_APB2PeriphClockCmd) for RCC_APB2PeriphClockCmd
    init_func_sets.o(i.WHEEL_PWM_Init) refers to stm32f10x_gpio.o(i.GPIO_Init) for GPIO_Init
    init_func_sets.o(i.WHEEL_PWM_Init) refers to stm32f10x_gpio.o(i.GPIO_WriteBit) for GPIO_WriteBit
    init_func_sets.o(i.WHEEL_PWM_Init) refers to stm32f10x_rcc.o(i.RCC_APB1PeriphClockCmd) for RCC_APB1PeriphClockCmd
    init_func_sets.o(i.WHEEL_PWM_Init) refers to stm32f10x_tim.o(i.TIM_TimeBaseInit) for TIM_TimeBaseInit
    init_func_sets.o(i.WHEEL_PWM_Init) refers to stm32f10x_tim.o(i.TIM_Cmd) for TIM_Cmd
    init_func_sets.o(i.WHEEL_PWM_Init) refers to stm32f10x_tim.o(i.TIM_OC1Init) for TIM_OC1Init
    init_func_sets.o(i.WHEEL_PWM_Init) refers to stm32f10x_tim.o(i.TIM_OC1PreloadConfig) for TIM_OC1PreloadConfig
    init_func_sets.o(i.WHEEL_PWM_Init) refers to stm32f10x_tim.o(i.TIM_OC2Init) for TIM_OC2Init
    init_func_sets.o(i.WHEEL_PWM_Init) refers to stm32f10x_tim.o(i.TIM_OC2PreloadConfig) for TIM_OC2PreloadConfig
    init_func_sets.o(i.WHEEL_PWM_Init) refers to stm32f10x_tim.o(i.TIM_OC3Init) for TIM_OC3Init
    init_func_sets.o(i.WHEEL_PWM_Init) refers to stm32f10x_tim.o(i.TIM_OC3PreloadConfig) for TIM_OC3PreloadConfig
    irq.o(i.EXTI9_5_IRQHandler) refers to stm32f10x_exti.o(i.EXTI_GetITStatus) for EXTI_GetITStatus
    irq.o(i.EXTI9_5_IRQHandler) refers to stm32f10x_exti.o(i.EXTI_ClearITPendingBit) for EXTI_ClearITPendingBit
    irq.o(i.EXTI9_5_IRQHandler) refers to main.o(.data) for SWITCH_State
    irq.o(i.TIM2_IRQHandler) refers to stm32f10x_tim.o(i.TIM_GetITStatus) for TIM_GetITStatus
    irq.o(i.TIM2_IRQHandler) refers to struct_func_sets.o(i.cal_dist) for cal_dist
    irq.o(i.TIM2_IRQHandler) refers to service_func_sets.o(i.PID_track) for PID_track
    irq.o(i.TIM2_IRQHandler) refers to stm32f10x_tim.o(i.TIM_Cmd) for TIM_Cmd
    irq.o(i.TIM2_IRQHandler) refers to stm32f10x_tim.o(i.TIM_ClearITPendingBit) for TIM_ClearITPendingBit
    irq.o(i.TIM2_IRQHandler) refers to main.o(.bss) for kick
    irq.o(i.TIM4_IRQHandler) refers to stm32f10x_tim.o(i.TIM_GetITStatus) for TIM_GetITStatus
    irq.o(i.TIM4_IRQHandler) refers to wifi_func_sets.o(i.get_loc) for get_loc
[...]
    ../clib/memcpset.s                       0x00000000   Number         0  strcmpv7m.o ABSOLUTE
    ../clib/memcpset.s                       0x00000000   Number         0  rt_memclr.o ABSOLUTE
    ../clib/printf.c                         0x00000000   Number         0  __printf_flags.o ABSOLUTE
    ../clib/printf.c                         0x00000000   Number         0  __printf_ss.o ABSOLUTE
    ../clib/printf.c                         0x00000000   Number         0  __printf_flags_ss.o ABSOLUTE
    ../clib/printf.c                         0x00000000   Number         0  __printf_ss_wp.o ABSOLUTE
    ../clib/printf.c                         0x00000000   Number         0  __printf_flags_ss_wp.o ABSOLUTE
    ../clib/printf.c                         0x00000000   Number         0  _sputc.o ABSOLUTE
    ../clib/printf.c                         0x00000000   Number         0  __printf_flags_wp.o ABSOLUTE
    ../clib/printf.c                         0x00000000   Number         0  _printf_char_common.o ABSOLUTE
    ../clib/printf.c                         0x00000000   Number         0  _printf_intcommon.o ABSOLUTE
    ../clib/printf.c                         0x00000000   Number         0  __printf_wp.o ABSOLUTE
    ../clib/printf.c                         0x00000000   Number         0  __printf_nopercent.o ABSOLUTE
    ../clib/printf.c                         0x00000000   Number         0  __2sprintf.o ABSOLUTE
    ../clib/printf.c                         0x00000000   Number         0  noretval__2sprintf.o ABSOLUTE
    ../clib/printf.c                         0x00000000   Number         0  __printf.o ABSOLUTE
    ../clib/printf.c                         0x00000000   Number         0  _printf_dec.o ABSOLUTE
    ../clib/printf_percent.s                 0x00000000   Number         0  _printf_d.o ABSOLUTE
    ../clib/printf_percent.s                 0x00000000   Number         0  _printf_percent_end.o ABSOLUTE
    ../clib/printf_percent.s                 0x00000000   Number         0  _printf_percent.o ABSOLUTE
    ../clib/scanf.c                          0x00000000   Number         0  _scanf.o ABSOLUTE
    ../clib/scanf.c                          0x00000000   Number         0  _chval.o ABSOLUTE
    ../clib/scanf.c                          0x00000000   Number         0  __0sscanf.o ABSOLUTE
    ../clib/scanf.c                          0x00000000   Number         0  _scanf_int.o ABSOLUTE
    ../clib/scanf.c                          0x00000000   Number         0  scanf_char.o ABSOLUTE
    ../clib/scanf.c                          0x00000000   Number         0  _sgetc.o ABSOLUTE
    ../clib/signal.c                         0x00000000   Number         0  __raise.o ABSOLUTE
    ../clib/signal.c                         0x00000000   Number         0  defsig_other.o ABSOLUTE
    ../clib/signal.c                         0x00000000   Number         0  defsig_rtmem_inner.o ABSOLUTE
    ../clib/signal.c                         0x00000000   Number         0  defsig_exit.o ABSOLUTE
    ../clib/signal.c                         0x00000000   Number         0  defsig_segv_inner.o ABSOLUTE
    ../clib/signal.c                         0x00000000   Number         0  defsig_rtmem_outer.o ABSOLUTE
    ../clib/signal.c                         0x00000000   Number         0  defsig_stak_inner.o ABSOLUTE
    ../clib/signal.c                         0x00000000   Number         0  defsig_general.o ABSOLUTE
    ../clib/signal.c                         0x00000000   Number         0  defsig_rtmem_formal.o ABSOLUTE
    ../clib/signal.c                         0x00000000   Number         0  defsig_cppl_inner.o ABSOLUTE
    ../clib/signal.c                         0x00000000   Number         0  defsig_pvfn_inner.o ABSOLUTE
    ../clib/signal.c                         0x00000000   Number         0  defsig_abrt_inner.o ABSOLUTE
    ../clib/signal.c                         0x00000000   Number         0  defsig_fpe_inner.o ABSOLUTE
    ../clib/signal.c                         0x00000000   Number         0  defsig_rtred_inner.o ABSOLUTE
    ../clib/signal.s                         0x00000000   Number         0  defsig.o ABSOLUTE
    ../clib/stdlib.c                         0x00000000   Number         0  exit.o ABSOLUTE
    ../clib/string.c                         0x00000000   Number         0  strlen.o ABSOLUTE
    ../fplib/daddsub.s                       0x00000000   Number         0  daddsub_clz.o ABSOLUTE
    ../fplib/dcheck1.s                       0x00000000   Number         0  dcheck1.o ABSOLUTE
    ../fplib/dcmpi.s                         0x00000000   Number         0  dcmpi.o ABSOLUTE
    ../fplib/ddiv.s                          0x00000000   Number         0  ddiv.o ABSOLUTE
    ../fplib/deqf.s                          0x00000000   Number         0  deqf.o ABSOLUTE
    ../fplib/dfix.s                          0x00000000   Number         0  dfix.o ABSOLUTE
    ../fplib/dflt.s                          0x00000000   Number         0  dflt_clz.o ABSOLUTE
    ../fplib/dleqf.s                         0x00000000   Number         0  dleqf.o ABSOLUTE
    ../fplib/dmul.s                          0x00000000   Number         0  dmul.o ABSOLUTE
    ../fplib/dnaninf.s                       0x00000000   Number         0  dnaninf.o ABSOLUTE
    ../fplib/dretinf.s                       0x00000000   Number         0  dretinf.o ABSOLUTE
    ../fplib/drleqf.s                        0x00000000   Number         0  drleqf.o ABSOLUTE
    ../fplib/dsqrt.s                         0x00000000   Number         0  dsqrt_noumaal.o ABSOLUTE
    ../fplib/f2d.s                           0x00000000   Number         0  f2d.o ABSOLUTE
    ../fplib/fdiv.s                          0x00000000   Number         0  fdiv.o ABSOLUTE
    ../fplib/fflt.s                          0x00000000   Number         0  fflt_clz.o ABSOLUTE
    ../fplib/fnaninf.s                       0x00000000   Number         0  fnaninf.o ABSOLUTE
    ../fplib/fpinit.s                        0x00000000   Number         0  fpinit.o ABSOLUTE
    ../fplib/fretinf.s                       0x00000000   Number         0  fretinf.o ABSOLUTE
    ../fplib/retnan.s                        0x00000000   Number         0  retnan.o ABSOLUTE
    ../fplib/scalbn.s                        0x00000000   Number         0  scalbn.o ABSOLUTE
    ../fplib/trapv.s                         0x00000000   Number         0  trapv.o ABSOLUTE
    ../fplib/usenofp.s                       0x00000000   Number         0  usenofp.o ABSOLUTE
    ../mathlib/atan.c                        0x00000000   Number         0  atan.o ABSOLUTE
    ../mathlib/atan.c                        0x00000000   Number         0  atan_x.o ABSOLUTE
    ../mathlib/dunder.c                      0x00000000   Number         0  dunder.o ABSOLUTE
    ../mathlib/fpclassify.c                  0x00000000   Number         0  fpclassify.o ABSOLUTE
    ../mathlib/poly.c                        0x00000000   Number         0  poly.o ABSOLUTE
    ../mathlib/sqrt.c                        0x00000000   Number         0  sqrt_x.o ABSOLUTE
    ../mathlib/sqrt.c                        0x00000000   Number         0  sqrt.o ABSOLUTE
    C:\Keil_v5\ARM\PACK\Keil\STM32F1xx_DFP\2.3.0\Device\StdPeriph_Driver\src\misc.c 0x00000000   Number         0  misc.o ABSOLUTE
    C:\Keil_v5\ARM\PACK\Keil\STM32F1xx_DFP\2.3.0\Device\StdPeriph_Driver\src\stm32f10x_exti.c 0x00000000   Number         0  stm32f10x_exti.o ABSOLUTE
    C:\Keil_v5\ARM\PACK\Keil\STM32F1xx_DFP\2.3.0\Device\StdPeriph_Driver\src\stm32f10x_gpio.c 0x00000000   Number         0  stm32f10x_gpio.o ABSOLUTE
    C:\Keil_v5\ARM\PACK\Keil\STM32F1xx_DFP\2.3.0\Device\StdPeriph_Driver\src\stm32f10x_rcc.c 0x00000000   Number         0  stm32f10x_rcc.o ABSOLUTE
    C:\Keil_v5\ARM\PACK\Keil\STM32F1xx_DFP\2.3.0\Device\StdPeriph_Driver\src\stm32f10x_tim.c 0x00000000   Number         0  stm32f10x_tim.o ABSOLUTE
    C:\Keil_v5\ARM\PACK\Keil\STM32F1xx_DFP\2.3.0\Device\StdPeriph_Driver\src\stm32f10x_usart.c 0x00000000   Number         0  stm32f10x_usart.o ABSOLUTE
    C:\\Keil_v5\\ARM\\PACK\\Keil\\STM32F1xx_DFP\\2.3.0\\Device\\StdPeriph_Driver\\src\\misc.c 0x00000000   Number         0  misc.o ABSOLUTE
    C:\\Keil_v5\\ARM\\PACK\\Keil\\STM32F1xx_DFP\\2.3.0\\Device\\StdPeriph_Driver\\src\\stm32f10x_exti.c 0x00000000   Number         0  stm32f10x_exti.o ABSOLUTE
    C:\\Keil_v5\\ARM\\PACK\\Keil\\STM32F1xx_DFP\\2.3.0\\Device\\StdPeriph_Driver\\src\\stm32f10x_gpio.c 0x00000000   Number         0  stm32f10x_gpio.o ABSOLUTE
    C:\\Keil_v5\\ARM\\PACK\\Keil\\STM32F1xx_DFP\\2.3.0\\Device\\StdPeriph_Driver\\src\\stm32f10x_rcc.c 0x00000000   Number         0  stm32f10x_rcc.o ABSOLUTE
    C:\\Keil_v5\\ARM\\PACK\\Keil\\STM32F1xx_DFP\\2.3.0\\Device\\StdPeriph_Driver\\src\\stm32f10x_tim.c 0x00000000   Number         0  stm32f10x_tim.o ABSOLUTE
    C:\\Keil_v5\\ARM\\PACK\\Keil\\STM32F1xx_DFP\\2.3.0\\Device\\StdPeriph_Driver\\src\\stm32f10x_usart.c 0x00000000   Number         0  stm32f10x_usart.o ABSOLUTE
    Debug_func_sets.c                        0x00000000   Number         0  debug_func_sets.o ABSOLUTE
    Debug_func_sets.c                        0x00000000   Number         0  debug_func_sets.o ABSOLUTE
    Delay_func_sets.c                        0x00000000   Number         0  delay_func_sets.o ABSOLUTE
    Delay_func_sets.c                        0x00000000   Number         0  delay_func_sets.o ABSOLUTE
    IRQ.c                                    0x00000000   Number         0  irq.o ABSOLUTE
    IRQ.c                                    0x00000000   Number         0  irq.o ABSOLUTE
    Init_func_sets.c                         0x00000000   Number         0  init_func_sets.o ABSOLUTE
    Init_func_sets.c                         0x00000000   Number         0  init_func_sets.o ABSOLUTE
    RTE\Device\STM32F103RB\startup_stm32f10x_md.s 0x00000000   Number         0  startup_stm32f10x_md.o ABSOLUTE
    RTE\Device\STM32F103RB\system_stm32f10x.c 0x00000000   Number         0  system_stm32f10x.o ABSOLUTE
    RTE\\Device\\STM32F103RB\\system_stm32f10x.c 0x00000000   Number         0  system_stm32f10x.o ABSOLUTE
    Service_func_sets.c                      0x00000000   Number         0  service_func_sets.o ABSOLUTE
    Service_func_sets.c                      0x00000000   Number         0  service_func_sets.o ABSOLUTE
    Struct_func_sets.c                       0x00000000   Number         0  struct_func_sets.o ABSOLUTE
    Struct_func_sets.c                       0x00000000   Number         0  struct_func_sets.o ABSOLUTE
    USART_func_sets.c                        0x00000000   Number         0  usart_func_sets.o ABSOLUTE
    USART_func_sets.c                        0x00000000   Number         0  usart_func_sets.o ABSOLUTE
    WiFi_func_sets.c                         0x00000000   Number         0  wifi_func_sets.o ABSOLUTE
    WiFi_func_sets.c                         0x00000000   Number         0  wifi_func_sets.o ABSOLUTE
    dc.s                                     0x00000000   Number         0  dc.o ABSOLUTE
    main.c                                   0x00000000   Number         0  main.o ABSOLUTE
    main.c                                   0x00000000   Number         0  main.o ABSOLUTE
    RESET                                    0x08000000   Section      236  startup_stm32f10x_md.o(RESET)
    !!!main                                  0x080000ec   Section        8  __main.o(!!!main)
    !!!scatter                               0x080000f4   Section       52  __scatter.o(!!!scatter)
    !!handler_copy                           0x08000128   Section       26  __scatter_copy.o(!!handler_copy)
    !!handler_zi                             0x08000144   Section       28  __scatter_zi.o(!!handler_zi)
    .ARM.Collect$$libinit$$00000000          0x08000160   Section        2  libinit.o(.ARM.Collect$$libinit$$00000000)
    .ARM.Collect$$libinit$$00000002          0x08000162   Section        0  libinit2.o(.ARM.Collect$$libinit$$00000002)
    .ARM.Collect$$libinit$$00000004          0x08000162   Section        0  libinit2.o(.ARM.Collect$$libinit$$00000004)
    .ARM.Collect$$libinit$$0000000A          0x08000162   Section        0  libinit2.o(.ARM.Collect$$libinit$$0000000A)
    .ARM.Collect$$libinit$$0000000C          0x08000162   Section        0  libinit2.o(.ARM.Collect$$libinit$$0000000C)
    .ARM.Collect$$libinit$$0000000E          0x08000162   Section        0  libinit2.o(.ARM.Collect$$libinit$$0000000E)
    .ARM.Collect$$libinit$$0000000F          0x08000162   Section        6  libinit2.o(.ARM.Collect$$libinit$$0000000F)
    .ARM.Collect$$libinit$$00000011          0x08000168   Section        0  libinit2.o(.ARM.Collect$$libinit$$00000011)
    .ARM.Collect$$libinit$$00000012          0x08000168   Section       12  libinit2.o(.ARM.Collect$$libinit$$00000012)
    .ARM.Collect$$libinit$$00000013          0x08000174   Section        0  libinit2.o(.ARM.Collect$$libinit$$00000013)
    .ARM.Collect$$libinit$$00000015          0x08000174   Section        0  libinit2.o(.ARM.Collect$$libinit$$00000015)
    .ARM.Collect$$libinit$$00000017          0x08000174   Section        0  libinit2.o(.ARM.Collect$$libinit$$00000017)
    .ARM.Collect$$libinit$$00000019          0x08000174   Section        0  libinit2.o(.ARM.Collect$$libinit$$00000019)
    .ARM.Collect$$libinit$$0000001B          0x08000174   Section        0  libinit2.o(.ARM.Collect$$libinit$$0000001B)
    .ARM.Collect$$libinit$$0000001D          0x08000174   Section        0  libinit2.o(.ARM.Collect$$libinit$$0000001D)
    .ARM.Collect$$libinit$$0000001F          0x08000174   Section        0  libinit2.o(.ARM.Collect$$libinit$$0000001F)
    .ARM.Collect$$libinit$$00000021          0x08000174   Section        0  libinit2.o(.ARM.Collect$$libinit$$00000021)
    .ARM.Collect$$libinit$$00000023          0x08000174   Section        0  libinit2.o(.ARM.Collect$$libinit$$00000023)
    .ARM.Collect$$libinit$$00000025          0x08000174   Section        0  libinit2.o(.ARM.Collect$$libinit$$00000025)
    .ARM.Collect$$libinit$$0000002C          0x08000174   Section        0  libinit2.o(.ARM.Collect$$libinit$$0000002C)
    .ARM.Collect$$libinit$$0000002E          0x08000174   Section        0  libinit2.o(.ARM.Collect$$libinit$$0000002E)
    .ARM.Collect$$libinit$$00000030          0x08000174   Section        0  libinit2.o(.ARM.Collect$$libinit$$00000030)
    .ARM.Collect$$libinit$$00000032          0x08000174   Section        0  libinit2.o(.ARM.Collect$$libinit$$00000032)
    .ARM.Collect$$libinit$$00000033          0x08000174   Section        2  libinit2.o(.ARM.Collect$$libinit$$00000033)
    .ARM.Collect$$libshutdown$$00000000      0x08000176   Section        2  libshutdown.o(.ARM.Collect$$libshutdown$$00000000)
    .ARM.Collect$$libshutdown$$00000002      0x08000178   Section        0  libshutdown2.o(.ARM.Collect$$libshutdown$$00000002)
    .ARM.Collect$$libshutdown$$00000004      0x08000178   Section        0  libshutdown2.o(.ARM.Collect$$libshutdown$$00000004)
    .ARM.Collect$$libshutdown$$00000007      0x08000178   Section        0  libshutdown2.o(.ARM.Collect$$libshutdown$$00000007)
    .ARM.Collect$$libshutdown$$0000000A      0x08000178   Section        0  libshutdown2.o(.ARM.Collect$$libshutdown$$0000000A)
    .ARM.Collect$$libshutdown$$0000000C      0x08000178   Section        0  libshutdown2.o(.ARM.Collect$$libshutdown$$0000000C)
    .ARM.Collect$$libshutdown$$0000000F      0x08000178   Section        0  libshutdown2.o(.ARM.Collect$$libshutdown$$0000000F)
    .ARM.Collect$$libshutdown$$00000010      0x08000178   Section        2  libshutdown2.o(.ARM.Collect$$libshutdown$$00000010)
    .ARM.Collect$$rtentry$$00000000          0x0800017a   Section        0  __rtentry.o(.ARM.Collect$$rtentry$$00000000)
    .ARM.Collect$$rtentry$$00000002          0x0800017a   Section        0  __rtentry2.o(.ARM.Collect$$rtentry$$00000002)
    .ARM.Collect$$rtentry$$00000004          0x0800017a   Section        6  __rtentry4.o(.ARM.Collect$$rtentry$$00000004)
    .ARM.Collect$$rtentry$$00000009          0x08000180   Section        0  __rtentry2.o(.ARM.Collect$$rtentry$$00000009)
    .ARM.Collect$$rtentry$$0000000A          0x08000180   Section        4  __rtentry2.o(.ARM.Collect$$rtentry$$0000000A)
    .ARM.Collect$$rtentry$$0000000C          0x08000184   Section        0  __rtentry2.o(.ARM.Collect$$rtentry$$0000000C)
    .ARM.Collect$$rtentry$$0000000D          0x08000184   Section        8  __rtentry2.o(.ARM.Collect$$rtentry$$0000000D)
    .ARM.Collect$$rtexit$$00000000           0x0800018c   Section        2  rtexit.o(.ARM.Collect$$rtexit$$00000000)
    .ARM.Collect$$rtexit$$00000002           0x0800018e   Section        0  rtexit2.o(.ARM.Collect$$rtexit$$00000002)
    .ARM.Collect$$rtexit$$00000003           0x0800018e   Section        4  rtexit2.o(.ARM.Collect$$rtexit$$00000003)
    .ARM.Collect$$rtexit$$00000004           0x08000192   Section        6  rtexit2.o(.ARM.Collect$$rtexit$$00000004)
    .text                                    0x08000198   Section       64  startup_stm32f10x_md.o(.text)
    .text                                    0x080001d8   Section        0  __0sscanf.o(.text)
    .text                                    0x08000214   Section        0  _scanf_int.o(.text)
    .text                                    0x08000360   Section        0  strlen.o(.text)
    .text                                    0x0800039e   Section       78  rt_memclr_w.o(.text)
    .text                                    0x080003ec   Section       86  strncpy.o(.text)
    .text                                    0x08000444   Section      128  strcmpv7m.o(.text)
    .text                                    0x080004c4   Section        0  heapauxi.o(.text)
    .text                                    0x080004ca   Section        0  _rserrno.o(.text)
    .text                                    0x080004e0   Section        0  _chval.o(.text)
    .text                                    0x080004fc   Section        0  scanf_char.o(.text)
    _scanf_char_input                        0x080004fd   Thumb Code    12  scanf_char.o(.text)
    .text                                    0x08000528   Section        0  _sgetc.o(.text)
    .text                                    0x08000568   Section       68  rt_memclr.o(.text)
    .text                                    0x080005ac   Section        8  rt_errno_addr_intlibspace.o(.text)
    .text                                    0x080005b4   Section        0  isspace.o(.text)
    .text                                    0x080005c8   Section        0  _scanf.o(.text)
    .text                                    0x0800093c   Section        8  libspace.o(.text)
    .text                                    0x08000944   Section       74  sys_stackheap_outer.o(.text)
    .text                                    0x08000990   Section       16  rt_ctype_table.o(.text)
    .text                                    0x080009a0   Section        0  exit.o(.text)
    .text                                    0x080009b4   Section        8  rt_locale_intlibspace.o(.text)
    .text                                    0x080009bc   Section        0  sys_exit.o(.text)
    .text                                    0x080009c8   Section        2  use_no_semi.o(.text)
    .text                                    0x080009ca   Section        0  indicate_semi.o(.text)
    i.DEBUG_Init                             0x080009cc   Section        0  debug_func_sets.o(i.DEBUG_Init)
    i.DelayMs                                0x08000a4c   Section        0  delay_func_sets.o(i.DelayMs)
    i.EXTI9_5_IRQHandler                     0x08000a60   Section        0  irq.o(i.EXTI9_5_IRQHandler)
    i.EXTI_ClearITPendingBit                 0x08000a90   Section        0  stm32f10x_exti.o(i.EXTI_ClearITPendingBit)
    i.EXTI_GetITStatus                       0x08000a9c   Section        0  stm32f10x_exti.o(i.EXTI_GetITStatus)
    i.EXTI_Init                              0x08000ac4   Section        0  stm32f10x_exti.o(i.EXTI_Init)
    i.GPIO_EXTILineConfig                    0x08000b58   Section        0  stm32f10x_gpio.o(i.GPIO_EXTILineConfig)
    i.GPIO_Init                              0x08000b98   Section        0  stm32f10x_gpio.o(i.GPIO_Init)
    i.GPIO_WriteBit                          0x08000cae   Section        0  stm32f10x_gpio.o(i.GPIO_WriteBit)
    i.LED_Init                               0x08000cb8   Section        0  init_func_sets.o(i.LED_Init)
    i.NVIC_Init                              0x08000ce4   Section        0  misc.o(i.NVIC_Init)
    i.NVIC_PriorityGroupConfig               0x08000d54   Section        0  misc.o(i.NVIC_PriorityGroupConfig)
    i.PID_track                              0x08000d68   Section        0  service_func_sets.o(i.PID_track)
    i.PWM_Update                             0x08000f30   Section        0  service_func_sets.o(i.PWM_Update)
    i.RCC_APB1PeriphClockCmd                 0x08001020   Section        0  stm32f10x_rcc.o(i.RCC_APB1PeriphClockCmd)
    i.RCC_APB2PeriphClockCmd                 0x08001040   Section        0  stm32f10x_rcc.o(i.RCC_APB2PeriphClockCmd)
    i.RCC_GetClocksFreq                      0x08001060   Section        0  stm32f10x_rcc.o(i.RCC_GetClocksFreq)
    i.SWITCH_Init                            0x08001134   Section        0  init_func_sets.o(i.SWITCH_Init)
    i.SetSysClock                            0x080011ac   Section        0  system_stm32f10x.o(i.SetSysClock)
    SetSysClock                              0x080011ad   Thumb Code     8  system_stm32f10x.o(i.SetSysClock)
    i.SetSysClockTo72                        0x080011b4   Section        0  system_stm32f10x.o(i.SetSysClockTo72)
    SetSysClockTo72                          0x080011b5   Thumb Code   214  system_stm32f10x.o(i.SetSysClockTo72)
    i.Struct_Init                            0x08001294   Section        0  init_func_sets.o(i.Struct_Init)
    i.SysTick_Handler                        0x08001450   Section        0  delay_func_sets.o(i.SysTick_Handler)
    i.SysTick_Init                           0x08001468   Section        0  init_func_sets.o(i.SysTick_Init)
    i.SystemCoreClockUpdate                  0x080014b4   Section        0  system_stm32f10x.o(i.SystemCoreClockUpdate)
    i.SystemInit                             0x08001558   Section        0  system_stm32f10x.o(i.SystemInit)
    i.TIM2_IRQHandler                        0x080015b8   Section        0  irq.o(i.TIM2_IRQHandler)
    i.TIM2_Init                              0x08001628   Section        0  init_func_sets.o(i.TIM2_Init)
    i.TIM4_IRQHandler                        0x08001684   Section        0  irq.o(i.TIM4_IRQHandler)
    i.TIM4_Init                              0x080016a4   Section        0  init_func_sets.o(i.TIM4_Init)
    i.TIM_ClearITPendingBit                  0x0800170c   Section        0  stm32f10x_tim.o(i.TIM_ClearITPendingBit)
    i.TIM_Cmd                                0x08001712   Section        0  stm32f10x_tim.o(i.TIM_Cmd)
    i.TIM_GetITStatus                        0x0800172a   Section        0  stm32f10x_tim.o(i.TIM_GetITStatus)
    i.TIM_ITConfig                           0x0800174c   Section        0  stm32f10x_tim.o(i.TIM_ITConfig)
    i.TIM_OC1Init                            0x08001760   Section        0  stm32f10x_tim.o(i.TIM_OC1Init)
    i.TIM_OC1PreloadConfig                   0x080017f8   Section        0  stm32f10x_tim.o(i.TIM_OC1PreloadConfig)
    i.TIM_OC2Init                            0x0800180c   Section        0  stm32f10x_tim.o(i.TIM_OC2Init)
    i.TIM_OC2PreloadConfig                   0x080018b0   Section        0  stm32f10x_tim.o(i.TIM_OC2PreloadConfig)
    i.TIM_OC3Init                            0x080018cc   Section        0  stm32f10x_tim.o(i.TIM_OC3Init)
    i.TIM_OC3PreloadConfig                   0x0800196c   Section        0  stm32f10x_tim.o(i.TIM_OC3PreloadConfig)
    i.TIM_TimeBaseInit                       0x08001980   Section        0  stm32f10x_tim.o(i.TIM_TimeBaseInit)
    i.USART2_Init                            0x08001a24   Section        0  init_func_sets.o(i.USART2_Init)
    i.USART_Cmd                              0x08001aa0   Section        0  stm32f10x_usart.o(i.USART_Cmd)
    i.USART_GetFlagStatus                    0x08001ab8   Section        0  stm32f10x_usart.o(i.USART_GetFlagStatus)
    i.USART_Init                             0x08001ad4   Section        0  stm32f10x_usart.o(i.USART_Init)
    i.USART_ReceiveData                      0x08001bac   Section        0  stm32f10x_usart.o(i.USART_ReceiveData)
    i.USART_SendData                         0x08001bb6   Section        0  stm32f10x_usart.o(i.USART_SendData)
    i.USART_Send_String                      0x08001bc0   Section        0  usart_func_sets.o(i.USART_Send_String)
    i.WHEEL_PWM_Init                         0x08001bf0   Section        0  init_func_sets.o(i.WHEEL_PWM_Init)
    i.WiFi_Connect                           0x08001d80   Section        0  wifi_func_sets.o(i.WiFi_Connect)
    i.__ARM_fpclassify                       0x08001e30   Section        0  fpclassify.o(i.__ARM_fpclassify)
    i.__NVIC_SetPriority                     0x08001e58   Section        0  init_func_sets.o(i.__NVIC_SetPriority)
    __NVIC_SetPriority                       0x08001e59   Thumb Code    32  init_func_sets.o(i.__NVIC_SetPriority)
    i.__kernel_poly                          0x08001e80   Section        0  poly.o(i.__kernel_poly)
    i.__mathlib_dbl_infnan                   0x08001f2a   Section        0  dunder.o(i.__mathlib_dbl_infnan)
    i.__mathlib_dbl_underflow                0x08001f30   Section        0  dunder.o(i.__mathlib_dbl_underflow)
    i.atan                                   0x08001f40   Section        0  atan.o(i.atan)
    i.cal_diff                               0x08002160   Section        0  struct_func_sets.o(i.cal_diff)
    i.cal_dist                               0x08002194   Section        0  struct_func_sets.o(i.cal_dist)
    i.cal_dist_struct                        0x080021e6   Section        0  struct_func_sets.o(i.cal_dist_struct)
    i.get_loc                                0x08002238   Section        0  wifi_func_sets.o(i.get_loc)
    i.k_to_deg                               0x08002394   Section        0  service_func_sets.o(i.k_to_deg)
    i.kick_main                              0x08002510   Section        0  service_func_sets.o(i.kick_main)
    i.main                                   0x0800273c   Section        0  main.o(i.main)
    i.one_time_delay                         0x080027ac   Section        0  delay_func_sets.o(i.one_time_delay)
    i.sqrt                                   0x080027d0   Section        0  sqrt.o(i.sqrt)
    i.update_control                         0x0800281c   Section        0  service_func_sets.o(i.update_control)
    i.update_loc                             0x080028bc   Section        0  struct_func_sets.o(i.update_loc)
    i.update_path                            0x08002920   Section        0  service_func_sets.o(i.update_path)
    i.update_target                          0x08002ae4   Section        0  service_func_sets.o(i.update_target)
    i.var_clear                              0x08002bb0   Section        0  service_func_sets.o(i.var_clear)
    locale$$code                             0x08002d2c   Section       44  lc_ctype_c.o(locale$$code)
    x$fpl$dadd                               0x08002d58   Section      336  daddsub_clz.o(x$fpl$dadd)
    _dadd1                                   0x08002d69   Thumb Code     0  daddsub_clz.o(x$fpl$dadd)
    x$fpl$dcheck1                            0x08002ea8   Section       16  dcheck1.o(x$fpl$dcheck1)
    x$fpl$dcmpinf                            0x08002eb8   Section       24  dcmpi.o(x$fpl$dcmpinf)
    x$fpl$ddiv                               0x08002ed0   Section      688  ddiv.o(x$fpl$ddiv)
    ddiv_entry                               0x08002ed7   Thumb Code     0  ddiv.o(x$fpl$ddiv)
    x$fpl$deqf                               0x08003180   Section      120  deqf.o(x$fpl$deqf)
    x$fpl$dfix                               0x080031f8   Section       94  dfix.o(x$fpl$dfix)
    x$fpl$dflt                               0x08003256   Section       46  dflt_clz.o(x$fpl$dflt)
    x$fpl$dleqf                              0x08003284   Section      120  dleqf.o(x$fpl$dleqf)
    x$fpl$dmul                               0x080032fc   Section      340  dmul.o(x$fpl$dmul)
    x$fpl$dnaninf                            0x08003450   Section      156  dnaninf.o(x$fpl$dnaninf)
    x$fpl$dretinf                            0x080034ec   Section       12  dretinf.o(x$fpl$dretinf)
    x$fpl$drleqf                             0x080034f8   Section      108  drleqf.o(x$fpl$drleqf)
    x$fpl$drsb                               0x08003564   Section       22  daddsub_clz.o(x$fpl$drsb)
    x$fpl$dsqrt                              0x0800357c   Section      460  dsqrt_noumaal.o(x$fpl$dsqrt)
    x$fpl$dsub                               0x08003748   Section      468  daddsub_clz.o(x$fpl$dsub)
    _dsub1                                   0x08003759   Thumb Code     0  daddsub_clz.o(x$fpl$dsub)
    x$fpl$f2d                                0x0800391c   Section       86  f2d.o(x$fpl$f2d)
    x$fpl$fdiv                               0x08003974   Section      388  fdiv.o(x$fpl$fdiv)
    _fdiv1                                   0x08003975   Thumb Code     0  fdiv.o(x$fpl$fdiv)
    x$fpl$fflt                               0x08003af8   Section       48  fflt_clz.o(x$fpl$fflt)
    x$fpl$fnaninf                            0x08003b28   Section      140  fnaninf.o(x$fpl$fnaninf)
    x$fpl$fretinf                            0x08003bb4   Section       10  fretinf.o(x$fpl$fretinf)
    x$fpl$retnan                             0x08003bbe   Section      100  retnan.o(x$fpl$retnan)
    x$fpl$scalbn                             0x08003c22   Section       92  scalbn.o(x$fpl$scalbn)
    x$fpl$trapveneer                         0x08003c7e   Section       48  trapv.o(x$fpl$trapveneer)
    x$fpl$usenofp                            0x08003cae   Section        0  usenofp.o(x$fpl$usenofp)
    .constdata                               0x08003cb0   Section      152  atan.o(.constdata)
    atanhi                                   0x08003cb0   Data          32  atan.o(.constdata)
    atanlo                                   0x08003cd0   Data          32  atan.o(.constdata)
    aTodd                                    0x08003cf0   Data          40  atan.o(.constdata)
    aTeven                                   0x08003d18   Data          48  atan.o(.constdata)
    locale$$data                             0x08003d68   Section      272  lc_ctype_c.o(locale$$data)
    __lcctype_c_name                         0x08003d6c   Data           2  lc_ctype_c.o(locale$$data)
    __lcctype_c_start                        0x08003d74   Data           0  lc_ctype_c.o(locale$$data)
    __lcctype_c_end                          0x08003e78   Data           0  lc_ctype_c.o(locale$$data)
    .data                                    0x20000000   Section       12  init_func_sets.o(.data)
    .data                                    0x2000000c   Section        4  main.o(.data)
    .data                                    0x20000010   Section      100  wifi_func_sets.o(.data)
    .data                                    0x20000074   Section        4  delay_func_sets.o(.data)
    msTicks                                  0x20000074   Data           4  delay_func_sets.o(.data)
    .data                                    0x20000078   Section       20  stm32f10x_rcc.o(.data)
    APBAHBPrescTable                         0x20000078   Data          16  stm32f10x_rcc.o(.data)
    ADCPrescTable                            0x20000088   Data           4  stm32f10x_rcc.o(.data)
    .data                                    0x2000008c   Section       20  system_stm32f10x.o(.data)
    .bss                                     0x200000a0   Section      436  main.o(.bss)
    .bss                                     0x20000254   Section       96  libspace.o(.bss)
    HEAP                                     0x200002b8   Section      512  startup_stm32f10x_md.o(HEAP)
    Heap_Mem                                 0x200002b8   Data         512  startup_stm32f10x_md.o(HEAP)
    STACK                                    0x200004b8   Section     1024  startup_stm32f10x_md.o(STACK)
    Stack_Mem                                0x200004b8   Data        1024  startup_stm32f10x_md.o(STACK)
    __initial_sp                             0x200008b8   Data           0  startup_stm32f10x_md.o(STACK)

    Global Symbols

    Symbol Name                              Value     Ov Type        Size  Object(Section)

    BuildAttributes$$THM_ISAv4$P$D$K$B$S$PE$A:L22UL41UL21$X:L11$S22US41US21$IEEE1$IW$USESV6$~STKCKD$USESV7$~SHL$OTIME$ROPI$IEEEX$EBA8$UX$STANDARDLIB$REQ8$PRES8$EABIv2 0x00000000   Number         0  anon$$obj.o ABSOLUTE
    __ARM_use_no_argv                        0x00000000   Number         0  main.o ABSOLUTE
    __ARM_exceptions_init                     - Undefined Weak Reference
    __alloca_initialize                       - Undefined Weak Reference
    __arm_preinit_                            - Undefined Weak Reference
    __cpp_initialize__aeabi_                  - Undefined Weak Reference
    __cxa_finalize                            - Undefined Weak Reference
    __sigvec_lookup                           - Undefined Weak Reference
    _atexit_init                              - Undefined Weak Reference
    _call_atexit_fns                          - Undefined Weak Reference
    _clock_init                               - Undefined Weak Reference
    _fp_trap_init                             - Undefined Weak Reference
    _fp_trap_shutdown                         - Undefined Weak Reference
    _get_lc_collate                           - Undefined Weak Reference
    _get_lc_monetary                          - Undefined Weak Reference
    _get_lc_numeric                           - Undefined Weak Reference
    _get_lc_time                              - Undefined Weak Reference
    _getenv_init                              - Undefined Weak Reference
    _handle_redirection                       - Undefined Weak Reference
    _init_alloc                               - Undefined Weak Reference
    _init_user_alloc                          - Undefined Weak Reference
    _initio                                   - Undefined Weak Reference
    _printf_post_padding                      - Undefined Weak Reference
    _printf_pre_padding                       - Undefined Weak Reference
    _printf_truncate_signed                   - Undefined Weak Reference
    _printf_truncate_unsigned                 - Undefined Weak Reference
    _rand_init                                - Undefined Weak Reference
    _scanf_longlong                           - Undefined Weak Reference
    _scanf_mbtowc                             - Undefined Weak Reference
    _scanf_real                               - Undefined Weak Reference
    _scanf_string                             - Undefined Weak Reference
    _scanf_wctomb                             - Undefined Weak Reference
    _scanf_wstring                            - Undefined Weak Reference
    _signal_finish                            - Undefined Weak Reference
    _signal_init                              - Undefined Weak Reference
    _terminate_alloc                          - Undefined Weak Reference
    _terminate_user_alloc                     - Undefined Weak Reference
    _terminateio                              - Undefined Weak Reference
    __Vectors_Size                           0x000000ec   Number         0  startup_stm32f10x_md.o ABSOLUTE
    __Vectors                                0x08000000   Data           4  startup_stm32f10x_md.o(RESET)
    __Vectors_End                            0x080000ec   Data           0  startup_stm32f10x_md.o(RESET)
    __main                                   0x080000ed   Thumb Code     8  __main.o(!!!main)
    __scatterload                            0x080000f5   Thumb Code     0  __scatter.o(!!!scatter)
    __scatterload_rt2                        0x080000f5   Thumb Code    44  __scatter.o(!!!scatter)
    __scatterload_rt2_thumb_only             0x080000f5   Thumb Code     0  __scatter.o(!!!scatter)
    __scatterload_null                       0x08000103   Thumb Code     0  __scatter.o(!!!scatter)
    __scatterload_copy                       0x08000129   Thumb Code    26  __scatter_copy.o(!!handler_copy)
    __scatterload_zeroinit                   0x08000145   Thumb Code    28  __scatter_zi.o(!!handler_zi)
    __rt_lib_init                            0x08000161   Thumb Code     0  libinit.o(.ARM.Collect$$libinit$$00000000)
    __rt_lib_init_fp_1                       0x08000163   Thumb Code     0  libinit2.o(.ARM.Collect$$libinit$$00000002)
    __rt_lib_init_heap_1                     0x08000163   Thumb Code     0  libinit2.o(.ARM.Collect$$libinit$$0000000A)
    __rt_lib_init_lc_common                  0x08000163   Thumb Code     0  libinit2.o(.ARM.Collect$$libinit$$0000000F)
    __rt_lib_init_preinit_1                  0x08000163   Thumb Code     0  libinit2.o(.ARM.Collect$$libinit$$00000004)
    __rt_lib_init_rand_1                     0x08000163   Thumb Code     0  libinit2.o(.ARM.Collect$$libinit$$0000000E)
    __rt_lib_init_user_alloc_1               0x08000163   Thumb Code     0  libinit2.o(.ARM.Collect$$libinit$$0000000C)
    __rt_lib_init_lc_collate_1               0x08000169   Thumb Code     0  libinit2.o(.ARM.Collect$$libinit$$00000011)
    __rt_lib_init_lc_ctype_2                 0x08000169   Thumb Code     0  libinit2.o(.ARM.Collect$$libinit$$00000012)
    __rt_lib_init_alloca_1                   0x08000175   Thumb Code     0  libinit2.o(.ARM.Collect$$libinit$$0000002E)
    __rt_lib_init_argv_1                     0x08000175   Thumb Code     0  libinit2.o(.ARM.Collect$$libinit$$0000002C)
    __rt_lib_init_atexit_1                   0x08000175   Thumb Code     0  libinit2.o(.ARM.Collect$$libinit$$0000001B)
    __rt_lib_init_clock_1                    0x08000175   Thumb Code     0  libinit2.o(.ARM.Collect$$libinit$$00000021)
    __rt_lib_init_cpp_1                      0x08000175   Thumb Code     0  libinit2.o(.ARM.Collect$$libinit$$00000032)
    __rt_lib_init_exceptions_1               0x08000175   Thumb Code     0  libinit2.o(.ARM.Collect$$libinit$$00000030)
    __rt_lib_init_fp_trap_1                  0x08000175   Thumb Code     0  libinit2.o(.ARM.Collect$$libinit$$0000001F)
    __rt_lib_init_getenv_1                   0x08000175   Thumb Code     0  libinit2.o(.ARM.Collect$$libinit$$00000023)
    __rt_lib_init_lc_ctype_1                 0x08000175   Thumb Code     0  libinit2.o(.ARM.Collect$$libinit$$00000013)
    __rt_lib_init_lc_monetary_1              0x08000175   Thumb Code     0  libinit2.o(.ARM.Collect$$libinit$$00000015)
    __rt_lib_init_lc_numeric_1               0x08000175   Thumb Code     0  libinit2.o(.ARM.Collect$$libinit$$00000017)
    __rt_lib_init_lc_time_1                  0x08000175   Thumb Code     0  libinit2.o(.ARM.Collect$$libinit$$00000019)
    __rt_lib_init_return                     0x08000175   Thumb Code     0  libinit2.o(.ARM.Collect$$libinit$$00000033)
    __rt_lib_init_signal_1                   0x08000175   Thumb Code     0  libinit2.o(.ARM.Collect$$libinit$$0000001D)
    __rt_lib_init_stdio_1                    0x08000175   Thumb Code     0  libinit2.o(.ARM.Collect$$libinit$$00000025)
    __rt_lib_shutdown                        0x08000177   Thumb Code     0  libshutdown.o(.ARM.Collect$$libshutdown$$00000000)
    __rt_lib_shutdown_cpp_1                  0x08000179   Thumb Code     0  libshutdown2.o(.ARM.Collect$$libshutdown$$00000002)
    __rt_lib_shutdown_fp_trap_1              0x08000179   Thumb Code     0  libshutdown2.o(.ARM.Collect$$libshutdown$$00000007)
    __rt_lib_shutdown_heap_1                 0x08000179   Thumb Code     0  libshutdown2.o(.ARM.Collect$$libshutdown$$0000000F)
    __rt_lib_shutdown_return                 0x08000179   Thumb Code     0  libshutdown2.o(.ARM.Collect$$libshutdown$$00000010)
    __rt_lib_shutdown_signal_1               0x08000179   Thumb Code     0  libshutdown2.o(.ARM.Collect$$libshutdown$$0000000A)
    __rt_lib_shutdown_stdio_1                0x08000179   Thumb Code     0  libshutdown2.o(.ARM.Collect$$libshutdown$$00000004)
    __rt_lib_shutdown_user_alloc_1           0x08000179   Thumb Code     0  libshutdown2.o(.ARM.Collect$$libshutdown$$0000000C)
    __rt_entry                               0x0800017b   Thumb Code     0  __rtentry.o(.ARM.Collect$$rtentry$$00000000)
    __rt_entry_presh_1                       0x0800017b   Thumb Code     0  __rtentry2.o(.ARM.Collect$$rtentry$$00000002)
    __rt_entry_sh                            0x0800017b   Thumb Code     0  __rtentry4.o(.ARM.Collect$$rtentry$$00000004)
    __rt_entry_li                            0x08000181   Thumb Code     0  __rtentry2.o(.ARM.Collect$$rtentry$$0000000A)
    __rt_entry_postsh_1                      0x08000181   Thumb Code     0  __rtentry2.o(.ARM.Collect$$rtentry$$00000009)
    __rt_entry_main                          0x08000185   Thumb Code     0  __rtentry2.o(.ARM.Collect$$rtentry$$0000000D)
    __rt_entry_postli_1                      0x08000185   Thumb Code     0  __rtentry2.o(.ARM.Collect$$rtentry$$0000000C)
    __rt_exit                                0x0800018d   Thumb Code     0  rtexit.o(.ARM.Collect$$rtexit$$00000000)
    __rt_exit_ls                             0x0800018f   Thumb Code     0  rtexit2.o(.ARM.Collect$$rtexit$$00000003)
    __rt_exit_prels_1                        0x0800018f   Thumb Code     0  rtexit2.o(.ARM.Collect$$rtexit$$00000002)
    __rt_exit_exit                           0x08000193   Thumb Code     0  rtexit2.o(.ARM.Collect$$rtexit$$00000004)
    Reset_Handler                            0x08000199   Thumb Code     8  startup_stm32f10x_md.o(.text)
    NMI_Handler                              0x080001a1   Thumb Code     2  startup_stm32f10x_md.o(.text)
    HardFault_Handler                        0x080001a3   Thumb Code     2  startup_stm32f10x_md.o(.text)
    MemManage_Handler                        0x080001a5   Thumb Code     2  startup_stm32f10x_md.o(.text)
    BusFault_Handler                         0x080001a7   Thumb Code     2  startup_stm32f10x_md.o(.text)
    UsageFault_Handler                       0x080001a9   Thumb Code     2  startup_stm32f10x_md.o(.text)
    SVC_Handler                              0x080001ab   Thumb Code     2  startup_stm32f10x_md.o(.text)
    DebugMon_Handler                         0x080001ad   Thumb Code     2  startup_stm32f10x_md.o(.text)
    PendSV_Handler                           0x080001af   Thumb Code     2  startup_stm32f10x_md.o(.text)
    ADC1_2_IRQHandler                        0x080001b3   Thumb Code     0  startup_stm32f10x_md.o(.text)
    CAN1_RX1_IRQHandler                      0x080001b3   Thumb Code     0  startup_stm32f10x_md.o(.text)
    CAN1_SCE_IRQHandler                      0x080001b3   Thumb Code     0  startup_stm32f10x_md.o(.text)
    DMA1_Channel1_IRQHandler                 0x080001b3   Thumb Code     0  startup_stm32f10x_md.o(.text)
    DMA1_Channel2_IRQHandler                 0x080001b3   Thumb Code     0  startup_stm32f10x_md.o(.text)
    DMA1_Channel3_IRQHandler                 0x080001b3   Thumb Code     0  startup_stm32f10x_md.o(.text)
    DMA1_Channel4_IRQHandler                 0x080001b3   Thumb Code     0  startup_stm32f10x_md.o(.text)
    DMA1_Channel5_IRQHandler                 0x080001b3   Thumb Code     0  startup_stm32f10x_md.o(.text)
    DMA1_Channel6_IRQHandler                 0x080001b3   Thumb Code     0  startup_stm32f10x_md.o(.text)
    DMA1_Channel7_IRQHandler                 0x080001b3   Thumb Code     0  startup_stm32f10x_md.o(.text)
    EXTI0_IRQHandler                         0x080001b3   Thumb Code     0  startup_stm32f10x_md.o(.text)
    EXTI15_10_IRQHandler                     0x080001b3   Thumb Code     0  startup_stm32f10x_md.o(.text)
    EXTI1_IRQHandler                         0x080001b3   Thumb Code     0  startup_stm32f10x_md.o(.text)
    EXTI2_IRQHandler                         0x080001b3   Thumb Code     0  startup_stm32f10x_md.o(.text)
    EXTI3_IRQHandler                         0x080001b3   Thumb Code     0  startup_stm32f10x_md.o(.text)
    EXTI4_IRQHandler                         0x080001b3   Thumb Code     0  startup_stm32f10x_md.o(.text)
    FLASH_IRQHandler                         0x080001b3   Thumb Code     0  startup_stm32f10x_md.o(.text)
    I2C1_ER_IRQHandler                       0x080001b3   Thumb Code     0  startup_stm32f10x_md.o(.text)
    I2C1_EV_IRQHandler                       0x080001b3   Thumb Code     0  startup_stm32f10x_md.o(.text)
    I2C2_ER_IRQHandler                       0x080001b3   Thumb Code     0  startup_stm32f10x_md.o(.text)
    I2C2_EV_IRQHandler                       0x080001b3   Thumb Code     0  startup_stm32f10x_md.o(.text)
    PVD_IRQHandler                           0x080001b3   Thumb Code     0  startup_stm32f10x_md.o(.text)
    RCC_IRQHandler                           0x080001b3   Thumb Code     0  startup_stm32f10x_md.o(.text)
    RTCAlarm_IRQHandler                      0x080001b3   Thumb Code     0  startup_stm32f10x_md.o(.text)
    RTC_IRQHandler                           0x080001b3   Thumb Code     0  startup_stm32f10x_md.o(.text)
    SPI1_IRQHandler                          0x080001b3   Thumb Code     0  startup_stm32f10x_md.o(.text)
    SPI2_IRQHandler                          0x080001b3   Thumb Code     0  startup_stm32f10x_md.o(.text)
    TAMPER_IRQHandler                        0x080001b3   Thumb Code     0  startup_stm32f10x_md.o(.text)
    TIM1_BRK_IRQHandler                      0x080001b3   Thumb Code     0  startup_stm32f10x_md.o(.text)
    TIM1_CC_IRQHandler                       0x080001b3   Thumb Code     0  startup_stm32f10x_md.o(.text)
    TIM1_TRG_COM_IRQHandler                  0x080001b3   Thumb Code     0  startup_stm32f10x_md.o(.text)
    TIM1_UP_IRQHandler                       0x080001b3   Thumb Code     0  startup_stm32f10x_md.o(.text)
    TIM3_IRQHandler                          0x080001b3   Thumb Code     0  startup_stm32f10x_md.o(.text)
    USART1_IRQHandler                        0x080001b3   Thumb Code     0  startup_stm32f10x_md.o(.text)
    USART2_IRQHandler                        0x080001b3   Thumb Code     0  startup_stm32f10x_md.o(.text)
    USART3_IRQHandler                        0x080001b3   Thumb Code     0  startup_stm32f10x_md.o(.text)
    USBWakeUp_IRQHandler                     0x080001b3   Thumb Code     0  startup_stm32f10x_md.o(.text)
    USB_HP_CAN1_TX_IRQHandler                0x080001b3   Thumb Code     0  startup_stm32f10x_md.o(.text)
    USB_LP_CAN1_RX0_IRQHandler               0x080001b3   Thumb Code     0  startup_stm32f10x_md.o(.text)
    WWDG_IRQHandler                          0x080001b3   Thumb Code     0  startup_stm32f10x_md.o(.text)
    __user_initial_stackheap                 0x080001b5   Thumb Code     0  startup_stm32f10x_md.o(.text)
    __0sscanf                                0x080001d9   Thumb Code    52  __0sscanf.o(.text)
    _scanf_int                               0x08000215   Thumb Code   332  _scanf_int.o(.text)
    strlen                                   0x08000361   Thumb Code    62  strlen.o(.text)
    __aeabi_memclr4                          0x0800039f   Thumb Code     0  rt_memclr_w.o(.text)
    __aeabi_memclr8                          0x0800039f   Thumb Code     0  rt_memclr_w.o(.text)
    __rt_memclr_w                            0x0800039f   Thumb Code    78  rt_memclr_w.o(.text)
    _memset_w                                0x080003a3   Thumb Code     0  rt_memclr_w.o(.text)
    strncpy                                  0x080003ed   Thumb Code    86  strncpy.o(.text)
    strcmp                                   0x08000445   Thumb Code   128  strcmpv7m.o(.text)
    __use_two_region_memory                  0x080004c5   Thumb Code     2  heapauxi.o(.text)
    __rt_heap_escrow$2region                 0x080004c7   Thumb Code     2  heapauxi.o(.text)
    __rt_heap_expand$2region                 0x080004c9   Thumb Code     2  heapauxi.o(.text)
    __read_errno                             0x080004cb   Thumb Code    10  _rserrno.o(.text)
    __set_errno                              0x080004d5   Thumb Code    12  _rserrno.o(.text)
    _chval                                   0x080004e1   Thumb Code    28  _chval.o(.text)
    __vfscanf_char                           0x08000509   Thumb Code    24  scanf_char.o(.text)
    _sgetc                                   0x08000529   Thumb Code    30  _sgetc.o(.text)
    _sbackspace                              0x08000547   Thumb Code    34  _sgetc.o(.text)
    __aeabi_memclr                           0x08000569   Thumb Code     0  rt_memclr.o(.text)
    __rt_memclr                              0x08000569   Thumb Code    68  rt_memclr.o(.text)
    _memset                                  0x0800056d   Thumb Code     0  rt_memclr.o(.text)
    __aeabi_errno_addr                       0x080005ad   Thumb Code     8  rt_errno_addr_intlibspace.o(.text)
    __errno$intlibspace                      0x080005ad   Thumb Code     0  rt_errno_addr_intlibspace.o(.text)
    __rt_errno_addr$intlibspace              0x080005ad   Thumb Code     0  rt_errno_addr_intlibspace.o(.text)
    isspace                                  0x080005b5   Thumb Code    18  isspace.o(.text)
    __vfscanf                                0x080005c9   Thumb Code   878  _scanf.o(.text)
    __user_libspace                          0x0800093d   Thumb Code     8  libspace.o(.text)
    __user_perproc_libspace                  0x0800093d   Thumb Code     0  libspace.o(.text)
    __user_perthread_libspace                0x0800093d   Thumb Code     0  libspace.o(.text)
    __user_setup_stackheap                   0x08000945   Thumb Code    74  sys_stackheap_outer.o(.text)
    __rt_ctype_table                         0x08000991   Thumb Code    16  rt_ctype_table.o(.text)
    exit                                     0x080009a1   Thumb Code    18  exit.o(.text)
    __rt_locale                              0x080009b5   Thumb Code     8  rt_locale_intlibspace.o(.text)
    _sys_exit                                0x080009bd   Thumb Code     8  sys_exit.o(.text)
    __I$use$semihosting                      0x080009c9   Thumb Code     0  use_no_semi.o(.text)
    __use_no_semihosting_swi                 0x080009c9   Thumb Code     2  use_no_semi.o(.text)
    __semihosting_library_function           0x080009cb   Thumb Code     0  indicate_semi.o(.text)
    DEBUG_Init                               0x080009cd   Thumb Code   120  debug_func_sets.o(i.DEBUG_Init)
    DelayMs                                  0x08000a4d   Thumb Code    16  delay_func_sets.o(i.DelayMs)
    EXTI9_5_IRQHandler                       0x08000a61   Thumb Code    44  irq.o(i.EXTI9_5_IRQHandler)
    EXTI_ClearITPendingBit                   0x08000a91   Thumb Code     6  stm32f10x_exti.o(i.EXTI_ClearITPendingBit)
    EXTI_GetITStatus                         0x08000a9d   Thumb Code    34  stm32f10x_exti.o(i.EXTI_GetITStatus)
    EXTI_Init                                0x08000ac5   Thumb Code   142  stm32f10x_exti.o(i.EXTI_Init)
    GPIO_EXTILineConfig                      0x08000b59   Thumb Code    60  stm32f10x_gpio.o(i.GPIO_EXTILineConfig)
    GPIO_Init                                0x08000b99   Thumb Code   278  stm32f10x_gpio.o(i.GPIO_Init)
    GPIO_WriteBit                            0x08000caf   Thumb Code    10  stm32f10x_gpio.o(i.GPIO_WriteBit)
    LED_Init                                 0x08000cb9   Thumb Code    38  init_func_sets.o(i.LED_Init)
    NVIC_Init                                0x08000ce5   Thumb Code   100  misc.o(i.NVIC_Init)
    NVIC_PriorityGroupConfig                 0x08000d55   Thumb Code    10  misc.o(i.NVIC_PriorityGroupConfig)
    PID_track                                0x08000d69   Thumb Code   448  service_func_sets.o(i.PID_track)
    PWM_Update                               0x08000f31   Thumb Code   228  service_func_sets.o(i.PWM_Update)
    RCC_APB1PeriphClockCmd                   0x08001021   Thumb Code    26  stm32f10x_rcc.o(i.RCC_APB1PeriphClockCmd)
    RCC_APB2PeriphClockCmd                   0x08001041   Thumb Code    26  stm32f10x_rcc.o(i.RCC_APB2PeriphClockCmd)
    RCC_GetClocksFreq                        0x08001061   Thumb Code   192  stm32f10x_rcc.o(i.RCC_GetClocksFreq)
    SWITCH_Init                              0x08001135   Thumb Code   114  init_func_sets.o(i.SWITCH_Init)
    Struct_Init                              0x08001295   Thumb Code   398  init_func_sets.o(i.Struct_Init)
    SysTick_Handler                          0x08001451   Thumb Code    18  delay_func_sets.o(i.SysTick_Handler)
    SysTick_Init                             0x08001469   Thumb Code    70  init_func_sets.o(i.SysTick_Init)
    SystemCoreClockUpdate                    0x080014b5   Thumb Code   142  system_stm32f10x.o(i.SystemCoreClockUpdate)
    SystemInit                               0x08001559   Thumb Code    78  system_stm32f10x.o(i.SystemInit)
    TIM2_IRQHandler                          0x080015b9   Thumb Code   104  irq.o(i.TIM2_IRQHandler)
    TIM2_Init                                0x08001629   Thumb Code    92  init_func_sets.o(i.TIM2_Init)
    TIM4_IRQHandler                          0x08001685   Thumb Code    26  irq.o(i.TIM4_IRQHandler)
    TIM4_Init                                0x080016a5   Thumb Code    98  init_func_sets.o(i.TIM4_Init)
    TIM_ClearITPendingBit                    0x0800170d   Thumb Code     6  stm32f10x_tim.o(i.TIM_ClearITPendingBit)
    TIM_Cmd                                  0x08001713   Thumb Code    24  stm32f10x_tim.o(i.TIM_Cmd)
    TIM_GetITStatus                          0x0800172b   Thumb Code    34  stm32f10x_tim.o(i.TIM_GetITStatus)
    TIM_ITConfig                             0x0800174d   Thumb Code    18  stm32f10x_tim.o(i.TIM_ITConfig)
    TIM_OC1Init                              0x08001761   Thumb Code   132  stm32f10x_tim.o(i.TIM_OC1Init)
    TIM_OC1PreloadConfig                     0x080017f9   Thumb Code    18  stm32f10x_tim.o(i.TIM_OC1PreloadConfig)
    TIM_OC2Init                              0x0800180d   Thumb Code   154  stm32f10x_tim.o(i.TIM_OC2Init)
    TIM_OC2PreloadConfig                     0x080018b1   Thumb Code    26  stm32f10x_tim.o(i.TIM_OC2PreloadConfig)
    TIM_OC3Init                              0x080018cd   Thumb Code   150  stm32f10x_tim.o(i.TIM_OC3Init)
    TIM_OC3PreloadConfig                     0x0800196d   Thumb Code    18  stm32f10x_tim.o(i.TIM_OC3PreloadConfig)
    TIM_TimeBaseInit                         0x08001981   Thumb Code   122  stm32f10x_tim.o(i.TIM_TimeBaseInit)
    USART2_Init                              0x08001a25   Thumb Code   116  init_func_sets.o(i.USART2_Init)
    USART_Cmd                                0x08001aa1   Thumb Code    24  stm32f10x_usart.o(i.USART_Cmd)
    USART_GetFlagStatus                      0x08001ab9   Thumb Code    26  stm32f10x_usart.o(i.USART_GetFlagStatus)
    USART_Init                               0x08001ad5   Thumb Code   210  stm32f10x_usart.o(i.USART_Init)
    USART_ReceiveData                        0x08001bad   Thumb Code    10  stm32f10x_usart.o(i.USART_ReceiveData)
    USART_SendData                           0x08001bb7   Thumb Code     8  stm32f10x_usart.o(i.USART_SendData)
    USART_Send_String                        0x08001bc1   Thumb Code    42  usart_func_sets.o(i.USART_Send_String)
    WHEEL_PWM_Init                           0x08001bf1   Thumb Code   382  init_func_sets.o(i.WHEEL_PWM_Init)
    WiFi_Connect                             0x08001d81   Thumb Code   156  wifi_func_sets.o(i.WiFi_Connect)
    __ARM_fpclassify                         0x08001e31   Thumb Code    40  fpclassify.o(i.__ARM_fpclassify)
    __kernel_poly                            0x08001e81   Thumb Code   170  poly.o(i.__kernel_poly)
    __mathlib_dbl_infnan                     0x08001f2b   Thumb Code     6  dunder.o(i.__mathlib_dbl_infnan)
    __mathlib_dbl_underflow                  0x08001f31   Thumb Code    10  dunder.o(i.__mathlib_dbl_underflow)
    atan                                     0x08001f41   Thumb Code   474  atan.o(i.atan)
    cal_diff                                 0x08002161   Thumb Code    48  struct_func_sets.o(i.cal_diff)
    cal_dist                                 0x08002195   Thumb Code    82  struct_func_sets.o(i.cal_dist)
    cal_dist_struct                          0x080021e7   Thumb Code    82  struct_func_sets.o(i.cal_dist_struct)
    get_loc                                  0x08002239   Thumb Code   326  wifi_func_sets.o(i.get_loc)
    k_to_deg                                 0x08002395   Thumb Code   362  service_func_sets.o(i.k_to_deg)
    kick_main                                0x08002511   Thumb Code   524  service_func_sets.o(i.kick_main)
    main                                     0x0800273d   Thumb Code   106  main.o(i.main)
    one_time_delay                           0x080027ad   Thumb Code    30  delay_func_sets.o(i.one_time_delay)
    sqrt                                     0x080027d1   Thumb Code    76  sqrt.o(i.sqrt)
    update_control                           0x0800281d   Thumb Code   136  service_func_sets.o(i.update_control)
    update_loc                               0x080028bd   Thumb Code    92  struct_func_sets.o(i.update_loc)
    update_path                              0x08002921   Thumb Code   422  service_func_sets.o(i.update_path)
    update_target                            0x08002ae5   Thumb Code   184  service_func_sets.o(i.update_target)
    var_clear                                0x08002bb1   Thumb Code   350  service_func_sets.o(i.var_clear)
    _get_lc_ctype                            0x08002d2d   Thumb Code    44  lc_ctype_c.o(locale$$code)
    __aeabi_dadd                             0x08002d59   Thumb Code     0  daddsub_clz.o(x$fpl$dadd)
    _dadd                                    0x08002d59   Thumb Code   332  daddsub_clz.o(x$fpl$dadd)
    __fpl_dcheck_NaN1                        0x08002ea9   Thumb Code    10  dcheck1.o(x$fpl$dcheck1)
    __fpl_dcmp_Inf                           0x08002eb9   Thumb Code    24  dcmpi.o(x$fpl$dcmpinf)
    __aeabi_ddiv                             0x08002ed1   Thumb Code     0  ddiv.o(x$fpl$ddiv)
    _ddiv                                    0x08002ed1   Thumb Code   552  ddiv.o(x$fpl$ddiv)
    __aeabi_cdcmpeq                          0x08003181   Thumb Code     0  deqf.o(x$fpl$deqf)
    _dcmpeq                                  0x08003181   Thumb Code   120  deqf.o(x$fpl$deqf)
    __aeabi_d2iz                             0x080031f9   Thumb Code     0  dfix.o(x$fpl$dfix)
    _dfix                                    0x080031f9   Thumb Code    94  dfix.o(x$fpl$dfix)
    __aeabi_i2d                              0x08003257   Thumb Code     0  dflt_clz.o(x$fpl$dflt)
    _dflt                                    0x08003257   Thumb Code    46  dflt_clz.o(x$fpl$dflt)
    __aeabi_cdcmple                          0x08003285   Thumb Code     0  dleqf.o(x$fpl$dleqf)
    _dcmple                                  0x08003285   Thumb Code   120  dleqf.o(x$fpl$dleqf)
    __fpl_dcmple_InfNaN                      0x080032e7   Thumb Code     0  dleqf.o(x$fpl$dleqf)
    __aeabi_dmul                             0x080032fd   Thumb Code     0  dmul.o(x$fpl$dmul)
    _dmul                                    0x080032fd   Thumb Code   332  dmul.o(x$fpl$dmul)
    __fpl_dnaninf                            0x08003451   Thumb Code   156  dnaninf.o(x$fpl$dnaninf)
    __fpl_dretinf                            0x080034ed   Thumb Code    12  dretinf.o(x$fpl$dretinf)
    __aeabi_cdrcmple                         0x080034f9   Thumb Code     0  drleqf.o(x$fpl$drleqf)
    _drcmple                                 0x080034f9   Thumb Code   108  drleqf.o(x$fpl$drleqf)
    __aeabi_drsub                            0x08003565   Thumb Code     0  daddsub_clz.o(x$fpl$drsb)
    _drsb                                    0x08003565   Thumb Code    22  daddsub_clz.o(x$fpl$drsb)
    _dsqrt                                   0x0800357d   Thumb Code   456  dsqrt_noumaal.o(x$fpl$dsqrt)
    __aeabi_dsub                             0x08003749   Thumb Code     0  daddsub_clz.o(x$fpl$dsub)
    _dsub                                    0x08003749   Thumb Code   464  daddsub_clz.o(x$fpl$dsub)
    __aeabi_f2d                              0x0800391d   Thumb Code     0  f2d.o(x$fpl$f2d)
    _f2d                                     0x0800391d   Thumb Code    86  f2d.o(x$fpl$f2d)
    __aeabi_fdiv                             0x08003975   Thumb Code     0  fdiv.o(x$fpl$fdiv)
    _fdiv                                    0x08003975   Thumb Code   384  fdiv.o(x$fpl$fdiv)
    __aeabi_i2f                              0x08003af9   Thumb Code     0  fflt_clz.o(x$fpl$fflt)
    _fflt                                    0x08003af9   Thumb Code    48  fflt_clz.o(x$fpl$fflt)
    __fpl_fnaninf                            0x08003b29   Thumb Code   140  fnaninf.o(x$fpl$fnaninf)
    __fpl_fretinf                            0x08003bb5   Thumb Code    10  fretinf.o(x$fpl$fretinf)
    __fpl_return_NaN                         0x08003bbf   Thumb Code   100  retnan.o(x$fpl$retnan)
    __ARM_scalbn                             0x08003c23   Thumb Code    92  scalbn.o(x$fpl$scalbn)
    __fpl_cmpreturn                          0x08003c7f   Thumb Code    48  trapv.o(x$fpl$trapveneer)
    __I$use$fp                               0x08003cae   Number         0  usenofp.o(x$fpl$usenofp)
    Region$$Table$$Base                      0x08003d48   Number         0  anon$$obj.o(Region$$Table)
    Region$$Table$$Limit                     0x08003d68   Number         0  anon$$obj.o(Region$$Table)
    __ctype                                  0x08003d75   Data           0  lc_ctype_c.o(locale$$data)
    def_Car                                  0x20000000   Data           4  init_func_sets.o(.data)
    def_Ball                                 0x20000004   Data           4  init_func_sets.o(.data)
    def_End                                  0x20000008   Data           4  init_func_sets.o(.data)
    SWITCH_State                             0x2000000c   Data           4  main.o(.data)
    WiFi_Connect_String                      0x20000010   Data          50  wifi_func_sets.o(.data)
    WiFi_Start_String                        0x20000042   Data          50  wifi_func_sets.o(.data)
    SystemCoreClock                          0x2000008c   Data           4  system_stm32f10x.o(.data)
    AHBPrescTable                            0x20000090   Data          16  system_stm32f10x.o(.data)
    object                                   0x200000a0   Data          32  main.o(.bss)
    object_past                              0x200000c0   Data          32  main.o(.bss)
    loc_Update                               0x200000e0   Data          12  main.o(.bss)
    track                                    0x200000f0   Data         144  main.o(.bss)
    finish                                   0x20000180   Data         144  main.o(.bss)
    wifi                                     0x20000210   Data          48  main.o(.bss)
    kick                                     0x20000240   Data          20  main.o(.bss)
    __libspace_start                         0x20000254   Data          96  libspace.o(.bss)
    __temporary_stack_top$libspace           0x200002b4   Data           0  libspace.o(.bss)



==============================================================================

Memory Map of the image

  Image Entry point : 0x08000199

  Load Region LR_1 (Base: 0x08000000, Size: 0x00003f18, Max: 0xffffffff, ABSOLUTE)

    Execution Region ER_RO (Exec base: 0x08000000, Load base: 0x08000000, Size: 0x00003e78, Max: 0xffffffff, ABSOLUTE)

    Exec Addr    Load Addr    Size         Type   Attr      Idx    E Section Name        Object

    0x08000000   0x08000000   0x000000ec   Data   RO         1729    RESET               startup_stm32f10x_md.o
    0x080000ec   0x080000ec   0x00000008   Code   RO         1826  * !!!main             c_w.l(__main.o)
    0x080000f4   0x080000f4   0x00000034   Code   RO         2118    !!!scatter          c_w.l(__scatter.o)
    0x08000128   0x08000128   0x0000001a   Code   RO         2120    !!handler_copy      c_w.l(__scatter_copy.o)
    0x08000142   0x08000142   0x00000002   PAD
    0x08000144   0x08000144   0x0000001c   Code   RO         2122    !!handler_zi        c_w.l(__scatter_zi.o)
    0x08000160   0x08000160   0x00000002   Code   RO         1979    .ARM.Collect$$libinit$$00000000  c_w.l(libinit.o)
    0x08000162   0x08000162   0x00000000   Code   RO         1993    .ARM.Collect$$libinit$$00000002  c_w.l(libinit2.o)
    0x08000162   0x08000162   0x00000000   Code   RO         1995    .ARM.Collect$$libinit$$00000004  c_w.l(libinit2.o)
    0x08000162   0x08000162   0x00000000   Code   RO         1998    .ARM.Collect$$libinit$$0000000A  c_w.l(libinit2.o)
    0x08000162   0x08000162   0x00000000   Code   RO         2000    .ARM.Collect$$libinit$$0000000C  c_w.l(libinit2.o)
    0x08000162   0x08000162   0x00000000   Code   RO         2002    .ARM.Collect$$libinit$$0000000E  c_w.l(libinit2.o)
    0x08000162   0x08000162   0x00000006   Code   RO         2003    .ARM.Collect$$libinit$$0000000F  c_w.l(libinit2.o)
    0x08000168   0x08000168   0x00000000   Code   RO         2005    .ARM.Collect$$libinit$$00000011  c_w.l(libinit2.o)
    0x08000168   0x08000168   0x0000000c   Code   RO         2006    .ARM.Collect$$libinit$$00000012  c_w.l(libinit2.o)
    0x08000174   0x08000174   0x00000000   Code   RO         2007    .ARM.Collect$$libinit$$00000013  c_w.l(libinit2.o)
    0x08000174   0x08000174   0x00000000   Code   RO         2009    .ARM.Collect$$libinit$$00000015  c_w.l(libinit2.o)
    0x08000174   0x08000174   0x00000000   Code   RO         2011    .ARM.Collect$$libinit$$00000017  c_w.l(libinit2.o)
    0x08000174   0x08000174   0x00000000   Code   RO         2013    .ARM.Collect$$libinit$$00000019  c_w.l(libinit2.o)
    0x08000174   0x08000174   0x00000000   Code   RO         2015    .ARM.Collect$$libinit$$0000001B  c_w.l(libinit2.o)
    0x08000174   0x08000174   0x00000000   Code   RO         2017    .ARM.Collect$$libinit$$0000001D  c_w.l(libinit2.o)
    0x08000174   0x08000174   0x00000000   Code   RO         2019    .ARM.Collect$$libinit$$0000001F  c_w.l(libinit2.o)
    0x08000174   0x08000174   0x00000000   Code   RO         2021    .ARM.Collect$$libinit$$00000021  c_w.l(libinit2.o)
    0x08000174   0x08000174   0x00000000   Code   RO         2023    .ARM.Collect$$libinit$$00000023  c_w.l(libinit2.o)
    0x08000174   0x08000174   0x00000000   Code   RO         2025    .ARM.Collect$$libinit$$00000025  c_w.l(libinit2.o)
    0x08000174   0x08000174   0x00000000   Code   RO         2029    .ARM.Collect$$libinit$$0000002C  c_w.l(libinit2.o)
    0x08000174   0x08000174   0x00000000   Code   RO         2031    .ARM.Collect$$libinit$$0000002E  c_w.l(libinit2.o)
    0x08000174   0x08000174   0x00000000   Code   RO         2033    .ARM.Collect$$libinit$$00000030  c_w.l(libinit2.o)
    0x08000174   0x08000174   0x00000000   Code   RO         2035    .ARM.Collect$$libinit$$00000032  c_w.l(libinit2.o)
    0x08000174   0x08000174   0x00000002   Code   RO         2036    .ARM.Collect$$libinit$$00000033  c_w.l(libinit2.o)
    0x08000176   0x08000176   0x00000002   Code   RO         2058    .ARM.Collect$$libshutdown$$00000000  c_w.l(libshutdown.o)
    0x08000178   0x08000178   0x00000000   Code   RO         2071    .ARM.Collect$$libshutdown$$00000002  c_w.l(libshutdown2.o)
    0x08000178   0x08000178   0x00000000   Code   RO         2073    .ARM.Collect$$libshutdown$$00000004  c_w.l(libshutdown2.o)
    0x08000178   0x08000178   0x00000000   Code   RO         2076    .ARM.Collect$$libshutdown$$00000007  c_w.l(libshutdown2.o)
    0x08000178   0x08000178   0x00000000   Code   RO         2079    .ARM.Collect$$libshutdown$$0000000A  c_w.l(libshutdown2.o)
    0x08000178   0x08000178   0x00000000   Code   RO         2081    .ARM.Collect$$libshutdown$$0000000C  c_w.l(libshutdown2.o)
    0x08000178   0x08000178   0x00000000   Code   RO         2084    .ARM.Collect$$libshutdown$$0000000F  c_w.l(libshutdown2.o)
    0x08000178   0x08000178   0x00000002   Code   RO         2085    .ARM.Collect$$libshutdown$$00000010  c_w.l(libshutdown2.o)
    0x0800017a   0x0800017a   0x00000000   Code   RO         1886    .ARM.Collect$$rtentry$$00000000  c_w.l(__rtentry.o)
    0x0800017a   0x0800017a   0x00000000   Code   RO         1938    .ARM.Collect$$rtentry$$00000002  c_w.l(__rtentry2.o)
    0x0800017a   0x0800017a   0x00000006   Code   RO         1950    .ARM.Collect$$rtentry$$00000004  c_w.l(__rtentry4.o)
    0x08000180   0x08000180   0x00000000   Code   RO         1940    .ARM.Collect$$rtentry$$00000009  c_w.l(__rtentry2.o)
    0x08000180   0x08000180   0x00000004   Code   RO         1941    .ARM.Collect$$rtentry$$0000000A  c_w.l(__rtentry2.o)
    0x08000184   0x08000184   0x00000000   Code   RO         1943    .ARM.Collect$$rtentry$$0000000C  c_w.l(__rtentry2.o)
    0x08000184   0x08000184   0x00000008   Code   RO         1944    .ARM.Collect$$rtentry$$0000000D  c_w.l(__rtentry2.o)
    0x0800018c   0x0800018c   0x00000002   Code   RO         1982    .ARM.Collect$$rtexit$$00000000  c_w.l(rtexit.o)
    0x0800018e   0x0800018e   0x00000000   Code   RO         2040    .ARM.Collect$$rtexit$$00000002  c_w.l(rtexit2.o)
    0x0800018e   0x0800018e   0x00000004   Code   RO         2041    .ARM.Collect$$rtexit$$00000003  c_w.l(rtexit2.o)
    0x08000192   0x08000192   0x00000006   Code   RO         2042    .ARM.Collect$$rtexit$$00000004  c_w.l(rtexit2.o)
    0x08000198   0x08000198   0x00000040   Code   RO         1730  * .text               startup_stm32f10x_md.o
    0x080001d8   0x080001d8   0x0000003c   Code   RO         1812    .text               c_w.l(__0sscanf.o)
    0x08000214   0x08000214   0x0000014c   Code   RO         1814    .text               c_w.l(_scanf_int.o)
    0x08000360   0x08000360   0x0000003e   Code   RO         1816    .text               c_w.l(strlen.o)
    0x0800039e   0x0800039e   0x0000004e   Code   RO         1818    .text               c_w.l(rt_memclr_w.o)
    0x080003ec   0x080003ec   0x00000056   Code   RO         1820    .text               c_w.l(strncpy.o)
    0x08000442   0x08000442   0x00000002   PAD
    0x08000444   0x08000444   0x00000080   Code   RO         1822    .text               c_w.l(strcmpv7m.o)
    0x080004c4   0x080004c4   0x00000006   Code   RO         1824    .text               c_w.l(heapauxi.o)
    0x080004ca   0x080004ca   0x00000016   Code   RO         1887    .text               c_w.l(_rserrno.o)
    0x080004e0   0x080004e0   0x0000001c   Code   RO         1896    .text               c_w.l(_chval.o)
    0x080004fc   0x080004fc   0x0000002c   Code   RO         1898    .text               c_w.l(scanf_char.o)
    0x08000528   0x08000528   0x00000040   Code   RO         1900    .text               c_w.l(_sgetc.o)
    0x08000568   0x08000568   0x00000044   Code   RO         1902    .text               c_w.l(rt_memclr.o)
    0x080005ac   0x080005ac   0x00000008   Code   RO         1955    .text               c_w.l(rt_errno_addr_intlibspace.o)
    0x080005b4   0x080005b4   0x00000012   Code   RO         1957    .text               c_w.l(isspace.o)
    0x080005c6   0x080005c6   0x00000002   PAD
    0x080005c8   0x080005c8   0x00000374   Code   RO         1961    .text               c_w.l(_scanf.o)
    0x0800093c   0x0800093c   0x00000008   Code   RO         1965    .text               c_w.l(libspace.o)
    0x08000944   0x08000944   0x0000004a   Code   RO         1968    .text               c_w.l(sys_stackheap_outer.o)
    0x0800098e   0x0800098e   0x00000002   PAD
    0x08000990   0x08000990   0x00000010   Code   RO         1970    .text               c_w.l(rt_ctype_table.o)
    0x080009a0   0x080009a0   0x00000012   Code   RO         1972    .text               c_w.l(exit.o)
    0x080009b2   0x080009b2   0x00000002   PAD
    0x080009b4   0x080009b4   0x00000008   Code   RO         1987    .text               c_w.l(rt_locale_intlibspace.o)
    0x080009bc   0x080009bc   0x0000000c   Code   RO         2050    .text               c_w.l(sys_exit.o)
    0x080009c8   0x080009c8   0x00000002   Code   RO         2061    .text               c_w.l(use_no_semi.o)
    0x080009ca   0x080009ca   0x00000000   Code   RO         2063    .text               c_w.l(indicate_semi.o)
    0x080009ca   0x080009ca   0x00000002   PAD
    0x080009cc   0x080009cc   0x00000080   Code   RO          437    i.DEBUG_Init        debug_func_sets.o
    0x08000a4c   0x08000a4c   0x00000014   Code   RO          483    i.DelayMs           delay_func_sets.o
    0x08000a60   0x08000a60   0x00000030   Code   RO          152    i.EXTI9_5_IRQHandler  irq.o
    0x08000a90   0x08000a90   0x0000000c   Code   RO          575    i.EXTI_ClearITPendingBit  stm32f10x_exti.o
    0x08000a9c   0x08000a9c   0x00000028   Code   RO          579    i.EXTI_GetITStatus  stm32f10x_exti.o
    0x08000ac4   0x08000ac4   0x00000094   Code   RO          580    i.EXTI_Init         stm32f10x_exti.o
    0x08000b58   0x08000b58   0x00000040   Code   RO          643    i.GPIO_EXTILineConfig  stm32f10x_gpio.o
    0x08000b98   0x08000b98   0x00000116   Code   RO          646    i.GPIO_Init         stm32f10x_gpio.o
    0x08000cae   0x08000cae   0x0000000a   Code   RO          657    i.GPIO_WriteBit     stm32f10x_gpio.o
    0x08000cb8   0x08000cb8   0x0000002c   Code   RO            4    i.LED_Init          init_func_sets.o
    0x08000ce4   0x08000ce4   0x00000070   Code   RO          526    i.NVIC_Init         misc.o
    0x08000d54   0x08000d54   0x00000014   Code   RO          527    i.NVIC_PriorityGroupConfig  misc.o
    0x08000d68   0x08000d68   0x000001c8   Code   RO          229    i.PID_track         service_func_sets.o
    0x08000f30   0x08000f30   0x000000f0   Code   RO          230    i.PWM_Update        service_func_sets.o
    0x08001020   0x08001020   0x00000020   Code   RO          768    i.RCC_APB1PeriphClockCmd  stm32f10x_rcc.o
    0x08001040   0x08001040   0x00000020   Code   RO          770    i.RCC_APB2PeriphClockCmd  stm32f10x_rcc.o
    0x08001060   0x08001060   0x000000d4   Code   RO          778    i.RCC_GetClocksFreq  stm32f10x_rcc.o
    0x08001134   0x08001134   0x00000078   Code   RO            5    i.SWITCH_Init       init_func_sets.o
    0x080011ac   0x080011ac   0x00000008   Code   RO         1737    i.SetSysClock       system_stm32f10x.o
    0x080011b4   0x080011b4   0x000000e0   Code   RO         1738    i.SetSysClockTo72   system_stm32f10x.o
    0x08001294   0x08001294   0x000001bc   Code   RO            6    i.Struct_Init       init_func_sets.o
    0x08001450   0x08001450   0x00000018   Code   RO          484    i.SysTick_Handler   delay_func_sets.o
    0x08001468   0x08001468   0x0000004c   Code   RO            7    i.SysTick_Init      init_func_sets.o
    0x080014b4   0x080014b4   0x000000a4   Code   RO         1739    i.SystemCoreClockUpdate  system_stm32f10x.o
    0x08001558   0x08001558   0x00000060   Code   RO         1740    i.SystemInit        system_stm32f10x.o
    0x080015b8   0x080015b8   0x00000070   Code   RO          153    i.TIM2_IRQHandler   irq.o
    0x08001628   0x08001628   0x0000005c   Code   RO            8    i.TIM2_Init         init_func_sets.o
    0x08001684   0x08001684   0x00000020   Code   RO          154    i.TIM4_IRQHandler   irq.o
    0x080016a4   0x080016a4   0x00000068   Code   RO            9    i.TIM4_Init         init_func_sets.o
    0x0800170c   0x0800170c   0x00000006   Code   RO          989    i.TIM_ClearITPendingBit  stm32f10x_tim.o
    0x08001712   0x08001712   0x00000018   Code   RO          994    i.TIM_Cmd           stm32f10x_tim.o
    0x0800172a   0x0800172a   0x00000022   Code   RO         1015    i.TIM_GetITStatus   stm32f10x_tim.o
    0x0800174c   0x0800174c   0x00000012   Code   RO         1019    i.TIM_ITConfig      stm32f10x_tim.o
    0x0800175e   0x0800175e   0x00000002   PAD
    0x08001760   0x08001760   0x00000098   Code   RO         1023    i.TIM_OC1Init       stm32f10x_tim.o
    0x080017f8   0x080017f8   0x00000012   Code   RO         1026    i.TIM_OC1PreloadConfig  stm32f10x_tim.o
    0x0800180a   0x0800180a   0x00000002   PAD
    0x0800180c   0x0800180c   0x000000a4   Code   RO         1028    i.TIM_OC2Init       stm32f10x_tim.o
    0x080018b0   0x080018b0   0x0000001a   Code   RO         1031    i.TIM_OC2PreloadConfig  stm32f10x_tim.o
    0x080018ca   0x080018ca   0x00000002   PAD
    0x080018cc   0x080018cc   0x000000a0   Code   RO         1033    i.TIM_OC3Init       stm32f10x_tim.o
    0x0800196c   0x0800196c   0x00000012   Code   RO         1036    i.TIM_OC3PreloadConfig  stm32f10x_tim.o
    0x0800197e   0x0800197e   0x00000002   PAD
    0x08001980   0x08001980   0x000000a4   Code   RO         1065    i.TIM_TimeBaseInit  stm32f10x_tim.o
    0x08001a24   0x08001a24   0x0000007c   Code   RO           10    i.USART2_Init       init_func_sets.o
    0x08001aa0   0x08001aa0   0x00000018   Code   RO         1542    i.USART_Cmd         stm32f10x_usart.o
    0x08001ab8   0x08001ab8   0x0000001a   Code   RO         1545    i.USART_GetFlagStatus  stm32f10x_usart.o
    0x08001ad2   0x08001ad2   0x00000002   PAD
    0x08001ad4   0x08001ad4   0x000000d8   Code   RO         1549    i.USART_Init        stm32f10x_usart.o
    0x08001bac   0x08001bac   0x0000000a   Code   RO         1556    i.USART_ReceiveData  stm32f10x_usart.o
    0x08001bb6   0x08001bb6   0x00000008   Code   RO         1559    i.USART_SendData    stm32f10x_usart.o
    0x08001bbe   0x08001bbe   0x00000002   PAD
    0x08001bc0   0x08001bc0   0x00000030   Code   RO          361    i.USART_Send_String  usart_func_sets.o
    0x08001bf0   0x08001bf0   0x00000190   Code   RO           11    i.WHEEL_PWM_Init    init_func_sets.o
    0x08001d80   0x08001d80   0x000000b0   Code   RO          399    i.WiFi_Connect      wifi_func_sets.o
    0x08001e30   0x08001e30   0x00000028   Code   RO         1933    i.__ARM_fpclassify  m_ws.l(fpclassify.o)
    0x08001e58   0x08001e58   0x00000028   Code   RO           12    i.__NVIC_SetPriority  init_func_sets.o
    0x08001e80   0x08001e80   0x000000aa   Code   RO         1935    i.__kernel_poly     m_ws.l(poly.o)
    0x08001f2a   0x08001f2a   0x00000006   Code   RO         1920    i.__mathlib_dbl_infnan  m_ws.l(dunder.o)
    0x08001f30   0x08001f30   0x00000010   Code   RO         1925    i.__mathlib_dbl_underflow  m_ws.l(dunder.o)
    0x08001f40   0x08001f40   0x00000220   Code   RO         1869    i.atan              m_ws.l(atan.o)
    0x08002160   0x08002160   0x00000034   Code   RO          300    i.cal_diff          struct_func_sets.o
    0x08002194   0x08002194   0x00000052   Code   RO          301    i.cal_dist          struct_func_sets.o
    0x080021e6   0x080021e6   0x00000052   Code   RO          302    i.cal_dist_struct   struct_func_sets.o
    0x08002238   0x08002238   0x0000015c   Code   RO          400    i.get_loc           wifi_func_sets.o
    0x08002394   0x08002394   0x0000017c   Code   RO          231    i.k_to_deg          service_func_sets.o
    0x08002510   0x08002510   0x0000022c   Code   RO          232    i.kick_main         service_func_sets.o
    0x0800273c   0x0800273c   0x00000070   Code   RO          197    i.main              main.o
    0x080027ac   0x080027ac   0x00000024   Code   RO          485    i.one_time_delay    delay_func_sets.o
    0x080027d0   0x080027d0   0x0000004c   Code   RO         1879    i.sqrt              m_ws.l(sqrt.o)
    0x0800281c   0x0800281c   0x000000a0   Code   RO          233    i.update_control    service_func_sets.o
    0x080028bc   0x080028bc   0x00000064   Code   RO          305    i.update_loc        struct_func_sets.o
    0x08002920   0x08002920   0x000001c4   Code   RO          234    i.update_path       service_func_sets.o
    0x08002ae4   0x08002ae4   0x000000cc   Code   RO          235    i.update_target     service_func_sets.o
    0x08002bb0   0x08002bb0   0x0000017c   Code   RO          236    i.var_clear         service_func_sets.o
    0x08002d2c   0x08002d2c   0x0000002c   Code   RO         1990    locale$$code        c_w.l(lc_ctype_c.o)
    0x08002d58   0x08002d58   0x00000150   Code   RO         1828    x$fpl$dadd          fz_ws.l(daddsub_clz.o)
    0x08002ea8   0x08002ea8   0x00000010   Code   RO         1963    x$fpl$dcheck1       fz_ws.l(dcheck1.o)
    0x08002eb8   0x08002eb8   0x00000018   Code   RO         1904    x$fpl$dcmpinf       fz_ws.l(dcmpi.o)
    0x08002ed0   0x08002ed0   0x000002b0   Code   RO         1835    x$fpl$ddiv          fz_ws.l(ddiv.o)
    0x08003180   0x08003180   0x00000078   Code   RO         1838    x$fpl$deqf          fz_ws.l(deqf.o)
    0x080031f8   0x080031f8   0x0000005e   Code   RO         1840    x$fpl$dfix          fz_ws.l(dfix.o)
    0x08003256   0x08003256   0x0000002e   Code   RO         1845    x$fpl$dflt          fz_ws.l(dflt_clz.o)
    0x08003284   0x08003284   0x00000078   Code   RO         1850    x$fpl$dleqf         fz_ws.l(dleqf.o)
    0x080032fc   0x080032fc   0x00000154   Code   RO         1852    x$fpl$dmul          fz_ws.l(dmul.o)
    0x08003450   0x08003450   0x0000009c   Code   RO         1906    x$fpl$dnaninf       fz_ws.l(dnaninf.o)
    0x080034ec   0x080034ec   0x0000000c   Code   RO         1908    x$fpl$dretinf       fz_ws.l(dretinf.o)
    0x080034f8   0x080034f8   0x0000006c   Code   RO         1854    x$fpl$drleqf        fz_ws.l(drleqf.o)
    0x08003564   0x08003564   0x00000016   Code   RO         1829    x$fpl$drsb          fz_ws.l(daddsub_clz.o)
    0x0800357a   0x0800357a   0x00000002   PAD
    0x0800357c   0x0800357c   0x000001cc   Code   RO         1910    x$fpl$dsqrt         fz_ws.l(dsqrt_noumaal.o)
    0x08003748   0x08003748   0x000001d4   Code   RO         1830    x$fpl$dsub          fz_ws.l(daddsub_clz.o)
    0x0800391c   0x0800391c   0x00000056   Code   RO         1856    x$fpl$f2d           fz_ws.l(f2d.o)
    0x08003972   0x08003972   0x00000002   PAD
    0x08003974   0x08003974   0x00000184   Code   RO         1859    x$fpl$fdiv          fz_ws.l(fdiv.o)
    0x08003af8   0x08003af8   0x00000030   Code   RO         1863    x$fpl$fflt          fz_ws.l(fflt_clz.o)
    0x08003b28   0x08003b28   0x0000008c   Code   RO         1912    x$fpl$fnaninf       fz_ws.l(fnaninf.o)
    0x08003bb4   0x08003bb4   0x0000000a   Code   RO         1914    x$fpl$fretinf       fz_ws.l(fretinf.o)
    0x08003bbe   0x08003bbe   0x00000064   Code   RO         1980    x$fpl$retnan        fz_ws.l(retnan.o)
    0x08003c22   0x08003c22   0x0000005c   Code   RO         1916    x$fpl$scalbn        fz_ws.l(scalbn.o)
    0x08003c7e   0x08003c7e   0x00000030   Code   RO         2037    x$fpl$trapveneer    fz_ws.l(trapv.o)
    0x08003cae   0x08003cae   0x00000000   Code   RO         1918    x$fpl$usenofp       fz_ws.l(usenofp.o)
    0x08003cae   0x08003cae   0x00000002   PAD
    0x08003cb0   0x08003cb0   0x00000098   Data   RO         1870    .constdata          m_ws.l(atan.o)
    0x08003d48   0x08003d48   0x00000020   Data   RO         2116    Region$$Table       anon$$obj.o
    0x08003d68   0x08003d68   0x00000110   Data   RO         1989    locale$$data        c_w.l(lc_ctype_c.o)


    Execution Region ER_RW (Exec base: 0x20000000, Load base: 0x08003e78, Size: 0x000000a0, Max: 0xffffffff, ABSOLUTE)

    Exec Addr    Load Addr    Size         Type   Attr      Idx    E Section Name        Object

    0x20000000   0x08003e78   0x0000000c   Data   RW           13    .data               init_func_sets.o
    0x2000000c   0x08003e84   0x00000004   Data   RW          199    .data               main.o
    0x20000010   0x08003e88   0x00000064   Data   RW          401    .data               wifi_func_sets.o
    0x20000074   0x08003eec   0x00000004   Data   RW          486    .data               delay_func_sets.o
    0x20000078   0x08003ef0   0x00000014   Data   RW          798    .data               stm32f10x_rcc.o
    0x2000008c   0x08003f04   0x00000014   Data   RW         1741    .data               system_stm32f10x.o


    Execution Region ER_ZI (Exec base: 0x200000a0, Load base: 0x08003f18, Size: 0x00000818, Max: 0xffffffff, ABSOLUTE)

    Exec Addr    Load Addr    Size         Type   Attr      Idx    E Section Name        Object

    0x200000a0        -       0x000001b4   Zero   RW          198    .bss                main.o
    0x20000254        -       0x00000060   Zero   RW         1966    .bss                c_w.l(libspace.o)
    0x200002b4   0x08003f18   0x00000004   PAD
    0x200002b8        -       0x00000200   Zero   RW         1728    HEAP                startup_stm32f10x_md.o
    0x200004b8        -       0x00000400   Zero   RW         1727    STACK               startup_stm32f10x_md.o


==============================================================================

Image component sizes


      Code (inc. data)   RO Data    RW Data    ZI Data      Debug   Object Name

       128          8          0          0          0        613   debug_func_sets.o
        80         16          0          4          0       2164   delay_func_sets.o
      1444        104          0         12          0     287902   init_func_sets.o
       192         18          0          0          0       1445   irq.o
       112          6          0          4        436       1407   main.o
       132         22          0          0          0       1811   misc.o
      2828        180          0          0          0       5315   service_func_sets.o
        64         26        236          0       1536        860   startup_stm32f10x_md.o
       200         18          0          0          0       2416   stm32f10x_exti.o
       352          4          0          0          0       3466   stm32f10x_gpio.o
       276         32          0         20          0       4730   stm32f10x_rcc.o
       784         82          0          0          0       8073   stm32f10x_tim.o
       284          6          0          0          0       4940   stm32f10x_usart.o
       316         12          0          0          0       2913   struct_func_sets.o
       492         50          0         20          0       3281   system_stm32f10x.o
        48          6          0          0          0        628   usart_func_sets.o
       524         42          0        100          0       2243   wifi_func_sets.o

    ----------------------------------------------------------------------
      8268        632        268        160       1972     334207   Object Totals
         0          0         32          0          0          0   (incl. Generated)
        12          0          0          0          0          0   (incl. Padding)

    ----------------------------------------------------------------------

      Code (inc. data)   RO Data    RW Data    ZI Data      Debug   Library Member Name

        60          8          0          0          0         84   __0sscanf.o
         8          0          0          0          0         68   __main.o
         0          0          0          0          0          0   __rtentry.o
        12          0          0          0          0          0   __rtentry2.o
         6          0          0          0          0          0   __rtentry4.o
        52          8          0          0          0          0   __scatter.o
        26          0          0          0          0          0   __scatter_copy.o
        28          0          0          0          0          0   __scatter_zi.o
        28          0          0          0          0         68   _chval.o
        22          0          0          0          0        100   _rserrno.o
       884          6          0          0          0        100   _scanf.o
       332          0          0          0          0         96   _scanf_int.o
        64          0          0          0          0         84   _sgetc.o
        18          0          0          0          0         80   exit.o
         6          0          0          0          0        152   heapauxi.o
         0          0          0          0          0          0   indicate_semi.o
        18          0          0          0          0         76   isspace.o
        44         10        272          0          0         76   lc_ctype_c.o
         2          0          0          0          0          0   libinit.o
        20          0          0          0          0          0   libinit2.o
         2          0          0          0          0          0   libshutdown.o
         2          0          0          0          0          0   libshutdown2.o
         8          4          0          0         96         68   libspace.o
        16          4          0          0          0         76   rt_ctype_table.o
         8          4          0          0          0         68   rt_errno_addr_intlibspace.o
         8          4          0          0          0         68   rt_locale_intlibspace.o
        68          0          0          0          0         68   rt_memclr.o
        78          0          0          0          0         80   rt_memclr_w.o
         2          0          0          0          0          0   rtexit.o
        10          0          0          0          0          0   rtexit2.o
        44          8          0          0          0         84   scanf_char.o
       128          0          0          0          0         68   strcmpv7m.o
        62          0          0          0          0         76   strlen.o
        86          0          0          0          0         76   strncpy.o
        12          4          0          0          0         68   sys_exit.o
        74          0          0          0          0         80   sys_stackheap_outer.o
         2          0          0          0          0         68   use_no_semi.o
       826         16          0          0          0        348   daddsub_clz.o
        16          4          0          0          0         68   dcheck1.o
        24          0          0          0          0         68   dcmpi.o
       688        140          0          0          0        208   ddiv.o
       120          4          0          0          0         92   deqf.o
        94          4          0          0          0         92   dfix.o
        46          0          0          0          0         68   dflt_clz.o
       120          4          0          0          0         92   dleqf.o
       340         12          0          0          0        104   dmul.o
       156          4          0          0          0         92   dnaninf.o
        12          0          0          0          0         68   dretinf.o
       108          0          0          0          0         80   drleqf.o
       460         56          0          0          0        120   dsqrt_noumaal.o
        86          4          0          0          0         84   f2d.o
       388         76          0          0          0         96   fdiv.o
        48          0          0          0          0         68   fflt_clz.o
       140          4          0          0          0         84   fnaninf.o
        10          0          0          0          0         68   fretinf.o
       100          0          0          0          0         68   retnan.o
        92          0          0          0          0         68   scalbn.o
        48          0          0          0          0         68   trapv.o
         0          0          0          0          0          0   usenofp.o
       544         70        152          0          0        124   atan.o
        22          6          0          0          0        136   dunder.o
        40          0          0          0          0         68   fpclassify.o
       170          0          0          0          0         96   poly.o
        76          0          0          0          0         84   sqrt.o

    ----------------------------------------------------------------------
      7032        464        424          0        100       4544   Library Totals
        18          0          0          0          4          0   (incl. Padding)

    ----------------------------------------------------------------------

      Code (inc. data)   RO Data    RW Data    ZI Data      Debug   Library Name

      2240         60        272          0         96       1932   c_w.l
      3922        328          0          0          0       2104   fz_ws.l
       852         76        152          0          0        508   m_ws.l

    ----------------------------------------------------------------------
      7032        464        424          0        100       4544   Library Totals

    ----------------------------------------------------------------------

==============================================================================


      Code (inc. data)   RO Data    RW Data    ZI Data      Debug   

     15300       1096        692        160       2072     333079   Grand Totals
     15300       1096        692        160       2072     333079   ELF Image Totals
     15300       1096        692        160          0          0   ROM Totals

==============================================================================

    Total RO  Size (Code + RO Data)                15992 (  15.62kB)
    Total RW  Size (RW Data + ZI Data)              2232 (   2.18kB)
    Total ROM Size (Code + RO Data + RW Data)      16152 (  15.77kB)

==============================================================================

