Component: ARM Compiler 5.06 update 6 (build 750) Tool: armlink [4d35ed]

==============================================================================

Section Cross References

    main.o(i.main) refers to _printf_percent.o(.ARM.Collect$$_printf_percent$$00000000) for _printf_percent
    main.o(i.main) refers to _printf_d.o(.ARM.Collect$$_printf_percent$$00000009) for _printf_d
    main.o(i.main) refers to _printf_dec.o(.text) for _printf_int_dec
    main.o(i.main) refers to misc.o(i.NVIC_PriorityGroupConfig) for NVIC_PriorityGroupConfig
    main.o(i.main) refers to init_func_sets.o(i.SysTick_Init) for SysTick_Init
    main.o(i.main) refers to init_func_sets.o(i.WHEEL_PWM_Init) for WHEEL_PWM_Init
    main.o(i.main) refers to init_func_sets.o(i.Struct_Init) for Struct_Init
    main.o(i.main) refers to init_func_sets.o(i.SWITCH_Init) for SWITCH_Init
    main.o(i.main) refers to init_func_sets.o(i.LED_Init) for LED_Init
    main.o(i.main) refers to init_func_sets.o(i.USART2_Init) for USART2_Init
    main.o(i.main) refers to debug_func_sets.o(i.DEBUG_Init) for DEBUG_Init
    main.o(i.main) refers to wifi_func_sets.o(i.WiFi_Connect) for WiFi_Connect
    main.o(i.main) refers to init_func_sets.o(i.TIM2_Init) for TIM2_Init
    main.o(i.main) refers to init_func_sets.o(i.TIM4_Init) for TIM4_Init
    main.o(i.main) refers to rt_memclr_w.o(.text) for __aeabi_memclr4
    main.o(i.main) refers to noretval__2sprintf.o(.text) for __2sprintf
    main.o(i.main) refers to debug_func_sets.o(i.DEBUG_Send_String) for DEBUG_Send_String
    main.o(i.main) refers to service_func_sets.o(i.var_clear) for var_clear
    main.o(i.main) refers to service_func_sets.o(i.PWM_Update) for PWM_Update
    main.o(i.main) refers to delay_func_sets.o(i.one_time_delay) for one_time_delay
    main.o(i.main) refers to stm32f10x_tim.o(i.TIM_Cmd) for TIM_Cmd
    main.o(i.main) refers to main.o(.bss) for object
    main.o(i.main) refers to main.o(.data) for SWITCH_State
    usart_func_sets.o(i.USART_Send_Char) refers to _printf_percent.o(.ARM.Collect$$_printf_percent$$00000000) for _printf_percent
    usart_func_sets.o(i.USART_Send_Char) refers to _printf_d.o(.ARM.Collect$$_printf_percent$$00000009) for _printf_d
    usart_func_sets.o(i.USART_Send_Char) refers to _printf_dec.o(.text) for _printf_int_dec
    usart_func_sets.o(i.USART_Send_Char) refers to rt_memclr_w.o(.text) for __aeabi_memclr4
    usart_func_sets.o(i.USART_Send_Char) refers to noretval__2sprintf.o(.text) for __2sprintf
    usart_func_sets.o(i.USART_Send_Char) refers to usart_func_sets.o(i.USART_Send_String) for USART_Send_String
    usart_func_sets.o(i.USART_Send_Int) refers to _printf_percent.o(.ARM.Collect$$_printf_percent$$00000000) for _printf_percent
    usart_func_sets.o(i.USART_Send_Int) refers to _printf_d.o(.ARM.Collect$$_printf_percent$$00000009) for _printf_d
    usart_func_sets.o(i.USART_Send_Int) refers to _printf_dec.o(.text) for _printf_int_dec
    usart_func_sets.o(i.USART_Send_Int) refers to rt_memclr_w.o(.text) for __aeabi_memclr4
    usart_func_sets.o(i.USART_Send_Int) refers to noretval__2sprintf.o(.text) for __2sprintf
    usart_func_sets.o(i.USART_Send_Int) refers to usart_func_sets.o(i.USART_Send_String) for USART_Send_String
    usart_func_sets.o(i.USART_Send_String) refers to stm32f10x_usart.o(i.USART_GetFlagStatus) for USART_GetFlagStatus
    usart_func_sets.o(i.USART_Send_String) refers to stm32f10x_usart.o(i.USART_SendData) for USART_SendData
    struct_func_sets.o(i.cal_diff) refers to main.o(.bss) for object
    struct_func_sets.o(i.cal_dist) refers to struct_func_sets.o(i.cal_diff) for cal_diff
    struct_func_sets.o(i.cal_dist) refers to dflt_clz.o(x$fpl$dflt) for __aeabi_i2d
    struct_func_sets.o(i.cal_dist) refers to daddsub_clz.o(x$fpl$dadd) for __aeabi_dadd
    struct_func_sets.o(i.cal_dist) refers to sqrt.o(i.sqrt) for sqrt
    struct_func_sets.o(i.cal_dist) refers to dfix.o(x$fpl$dfix) for __aeabi_d2iz
    struct_func_sets.o(i.clear_loc) refers to main.o(.bss) for object
    struct_func_sets.o(i.read_loc) refers to main.o(.bss) for object
    struct_func_sets.o(i.update_loc) refers to main.o(.bss) for object
    delay_func_sets.o(i.DelayMs) refers to delay_func_sets.o(.data) for msTicks
    delay_func_sets.o(i.SysTick_Handler) refers to delay_func_sets.o(.data) for msTicks
    delay_func_sets.o(i.one_time_delay) refers to delay_func_sets.o(i.DelayMs) for DelayMs
    delay_func_sets.o(i.one_time_delay) refers to service_func_sets.o(i.var_clear) for var_clear
    delay_func_sets.o(i.one_time_delay) refers to main.o(.bss) for kick
    wifi_func_sets.o(i.WiFi_Connect) refers to stm32f10x_gpio.o(i.GPIO_WriteBit) for GPIO_WriteBit
    wifi_func_sets.o(i.WiFi_Connect) refers to usart_func_sets.o(i.USART_Send_String) for USART_Send_String
    wifi_func_sets.o(i.WiFi_Connect) refers to stm32f10x_usart.o(i.USART_GetFlagStatus) for USART_GetFlagStatus
[...]
    ../clib/signal.c                         0x00000000   Number         0  defsig_rtmem_inner.o ABSOLUTE
    ../clib/signal.s                         0x00000000   Number         0  defsig.o ABSOLUTE
    ../clib/stdlib.c                         0x00000000   Number         0  exit.o ABSOLUTE
    ../clib/string.c                         0x00000000   Number         0  strlen.o ABSOLUTE
    ../fplib/d2f.s                           0x00000000   Number         0  d2f.o ABSOLUTE
    ../fplib/daddsub.s                       0x00000000   Number         0  daddsub_clz.o ABSOLUTE
    ../fplib/dcheck1.s                       0x00000000   Number         0  dcheck1.o ABSOLUTE
    ../fplib/dcmpi.s                         0x00000000   Number         0  dcmpi.o ABSOLUTE
    ../fplib/ddiv.s                          0x00000000   Number         0  ddiv.o ABSOLUTE
    ../fplib/deqf.s                          0x00000000   Number         0  deqf.o ABSOLUTE
    ../fplib/dfix.s                          0x00000000   Number         0  dfix.o ABSOLUTE
    ../fplib/dflt.s                          0x00000000   Number         0  dflt_clz.o ABSOLUTE
    ../fplib/dleqf.s                         0x00000000   Number         0  dleqf.o ABSOLUTE
    ../fplib/dmul.s                          0x00000000   Number         0  dmul.o ABSOLUTE
    ../fplib/dnaninf.s                       0x00000000   Number         0  dnaninf.o ABSOLUTE
    ../fplib/dretinf.s                       0x00000000   Number         0  dretinf.o ABSOLUTE
    ../fplib/drleqf.s                        0x00000000   Number         0  drleqf.o ABSOLUTE
    ../fplib/dsqrt.s                         0x00000000   Number         0  dsqrt_noumaal.o ABSOLUTE
    ../fplib/f2d.s                           0x00000000   Number         0  f2d.o ABSOLUTE
    ../fplib/faddsub.s                       0x00000000   Number         0  faddsub_clz.o ABSOLUTE
    ../fplib/fdiv.s                          0x00000000   Number         0  fdiv.o ABSOLUTE
    ../fplib/fflt.s                          0x00000000   Number         0  fflt_clz.o ABSOLUTE
    ../fplib/fmul.s                          0x00000000   Number         0  fmul.o ABSOLUTE
    ../fplib/fnaninf.s                       0x00000000   Number         0  fnaninf.o ABSOLUTE
    ../fplib/fpinit.s                        0x00000000   Number         0  fpinit.o ABSOLUTE
    ../fplib/fretinf.s                       0x00000000   Number         0  fretinf.o ABSOLUTE
    ../fplib/retnan.s                        0x00000000   Number         0  retnan.o ABSOLUTE
    ../fplib/scalbn.s                        0x00000000   Number         0  scalbn.o ABSOLUTE
    ../fplib/trapv.s                         0x00000000   Number         0  trapv.o ABSOLUTE
    ../fplib/usenofp.s                       0x00000000   Number         0  usenofp.o ABSOLUTE
    ../mathlib/atan.c                        0x00000000   Number         0  atan_x.o ABSOLUTE
    ../mathlib/atan.c                        0x00000000   Number         0  atan.o ABSOLUTE
    ../mathlib/dunder.c                      0x00000000   Number         0  dunder.o ABSOLUTE
    ../mathlib/fpclassify.c                  0x00000000   Number         0  fpclassify.o ABSOLUTE
    ../mathlib/poly.c                        0x00000000   Number         0  poly.o ABSOLUTE
    ../mathlib/sqrt.c                        0x00000000   Number         0  sqrt.o ABSOLUTE
    ../mathlib/sqrt.c                        0x00000000   Number         0  sqrt_x.o ABSOLUTE
    C:\Keil_v5\ARM\PACK\Keil\STM32F1xx_DFP\2.3.0\Device\StdPeriph_Driver\src\misc.c 0x00000000   Number         0  misc.o ABSOLUTE
    C:\Keil_v5\ARM\PACK\Keil\STM32F1xx_DFP\2.3.0\Device\StdPeriph_Driver\src\stm32f10x_exti.c 0x00000000   Number         0  stm32f10x_exti.o ABSOLUTE
    C:\Keil_v5\ARM\PACK\Keil\STM32F1xx_DFP\2.3.0\Device\StdPeriph_Driver\src\stm32f10x_gpio.c 0x00000000   Number         0  stm32f10x_gpio.o ABSOLUTE
    C:\Keil_v5\ARM\PACK\Keil\STM32F1xx_DFP\2.3.0\Device\StdPeriph_Driver\src\stm32f10x_rcc.c 0x00000000   Number         0  stm32f10x_rcc.o ABSOLUTE
    C:\Keil_v5\ARM\PACK\Keil\STM32F1xx_DFP\2.3.0\Device\StdPeriph_Driver\src\stm32f10x_spi.c 0x00000000   Number         0  stm32f10x_spi.o ABSOLUTE
    C:\Keil_v5\ARM\PACK\Keil\STM32F1xx_DFP\2.3.0\Device\StdPeriph_Driver\src\stm32f10x_tim.c 0x00000000   Number         0  stm32f10x_tim.o ABSOLUTE
    C:\Keil_v5\ARM\PACK\Keil\STM32F1xx_DFP\2.3.0\Device\StdPeriph_Driver\src\stm32f10x_usart.c 0x00000000   Number         0  stm32f10x_usart.o ABSOLUTE
    C:\\Keil_v5\\ARM\\PACK\\Keil\\STM32F1xx_DFP\\2.3.0\\Device\\StdPeriph_Driver\\src\\misc.c 0x00000000   Number         0  misc.o ABSOLUTE
    C:\\Keil_v5\\ARM\\PACK\\Keil\\STM32F1xx_DFP\\2.3.0\\Device\\StdPeriph_Driver\\src\\stm32f10x_exti.c 0x00000000   Number         0  stm32f10x_exti.o ABSOLUTE
    C:\\Keil_v5\\ARM\\PACK\\Keil\\STM32F1xx_DFP\\2.3.0\\Device\\StdPeriph_Driver\\src\\stm32f10x_gpio.c 0x00000000   Number         0  stm32f10x_gpio.o ABSOLUTE
    C:\\Keil_v5\\ARM\\PACK\\Keil\\STM32F1xx_DFP\\2.3.0\\Device\\StdPeriph_Driver\\src\\stm32f10x_rcc.c 0x00000000   Number         0  stm32f10x_rcc.o ABSOLUTE
    C:\\Keil_v5\\ARM\\PACK\\Keil\\STM32F1xx_DFP\\2.3.0\\Device\\StdPeriph_Driver\\src\\stm32f10x_spi.c 0x00000000   Number         0  stm32f10x_spi.o ABSOLUTE
    C:\\Keil_v5\\ARM\\PACK\\Keil\\STM32F1xx_DFP\\2.3.0\\Device\\StdPeriph_Driver\\src\\stm32f10x_tim.c 0x00000000   Number         0  stm32f10x_tim.o ABSOLUTE
    C:\\Keil_v5\\ARM\\PACK\\Keil\\STM32F1xx_DFP\\2.3.0\\Device\\StdPeriph_Driver\\src\\stm32f10x_usart.c 0x00000000   Number         0  stm32f10x_usart.o ABSOLUTE
    Debug_func_sets.c                        0x00000000   Number         0  debug_func_sets.o ABSOLUTE
    Debug_func_sets.c                        0x00000000   Number         0  debug_func_sets.o ABSOLUTE
    Delay_func_sets.c                        0x00000000   Number         0  delay_func_sets.o ABSOLUTE
    Delay_func_sets.c                        0x00000000   Number         0  delay_func_sets.o ABSOLUTE
    IRQ.c                                    0x00000000   Number         0  irq.o ABSOLUTE
    IRQ.c                                    0x00000000   Number         0  irq.o ABSOLUTE
    Init_func_sets.c                         0x00000000   Number         0  init_func_sets.o ABSOLUTE
    Init_func_sets.c                         0x00000000   Number         0  init_func_sets.o ABSOLUTE
    RTE\Device\STM32F103RB\startup_stm32f10x_md.s 0x00000000   Number         0  startup_stm32f10x_md.o ABSOLUTE
    RTE\Device\STM32F103RB\system_stm32f10x.c 0x00000000   Number         0  system_stm32f10x.o ABSOLUTE
    RTE\\Device\\STM32F103RB\\system_stm32f10x.c 0x00000000   Number         0  system_stm32f10x.o ABSOLUTE
    Service_func_sets.c                      0x00000000   Number         0  service_func_sets.o ABSOLUTE
    Service_func_sets.c                      0x00000000   Number         0  service_func_sets.o ABSOLUTE
    Struct_func_sets.c                       0x00000000   Number         0  struct_func_sets.o ABSOLUTE
    Struct_func_sets.c                       0x00000000   Number         0  struct_func_sets.o ABSOLUTE
    USART_func_sets.c                        0x00000000   Number         0  usart_func_sets.o ABSOLUTE
    USART_func_sets.c                        0x00000000   Number         0  usart_func_sets.o ABSOLUTE
    WiFi_func_sets.c                         0x00000000   Number         0  wifi_func_sets.o ABSOLUTE
    WiFi_func_sets.c                         0x00000000   Number         0  wifi_func_sets.o ABSOLUTE
    dc.s                                     0x00000000   Number         0  dc.o ABSOLUTE
    main.c                                   0x00000000   Number         0  main.o ABSOLUTE
    main.c                                   0x00000000   Number         0  main.o ABSOLUTE
    RESET                                    0x08000000   Section      236  startup_stm32f10x_md.o(RESET)
    !!!main                                  0x080000ec   Section        8  __main.o(!!!main)
    !!!scatter                               0x080000f4   Section       52  __scatter.o(!!!scatter)
    !!handler_copy                           0x08000128   Section       26  __scatter_copy.o(!!handler_copy)
    !!handler_zi                             0x08000144   Section       28  __scatter_zi.o(!!handler_zi)
    .ARM.Collect$$_printf_percent$$00000000  0x08000160   Section        0  _printf_percent.o(.ARM.Collect$$_printf_percent$$00000000)
    .ARM.Collect$$_printf_percent$$00000009  0x08000160   Section        6  _printf_d.o(.ARM.Collect$$_printf_percent$$00000009)
    .ARM.Collect$$_printf_percent$$00000017  0x08000166   Section        4  _printf_percent_end.o(.ARM.Collect$$_printf_percent$$00000017)
    .ARM.Collect$$libinit$$00000000          0x0800016a   Section        2  libinit.o(.ARM.Collect$$libinit$$00000000)
    .ARM.Collect$$libinit$$00000002          0x0800016c   Section        0  libinit2.o(.ARM.Collect$$libinit$$00000002)
    .ARM.Collect$$libinit$$00000004          0x0800016c   Section        0  libinit2.o(.ARM.Collect$$libinit$$00000004)
    .ARM.Collect$$libinit$$0000000A          0x0800016c   Section        0  libinit2.o(.ARM.Collect$$libinit$$0000000A)
    .ARM.Collect$$libinit$$0000000C          0x0800016c   Section        0  libinit2.o(.ARM.Collect$$libinit$$0000000C)
    .ARM.Collect$$libinit$$0000000E          0x0800016c   Section        0  libinit2.o(.ARM.Collect$$libinit$$0000000E)
    .ARM.Collect$$libinit$$0000000F          0x0800016c   Section        6  libinit2.o(.ARM.Collect$$libinit$$0000000F)
    .ARM.Collect$$libinit$$00000011          0x08000172   Section        0  libinit2.o(.ARM.Collect$$libinit$$00000011)
    .ARM.Collect$$libinit$$00000012          0x08000172   Section       12  libinit2.o(.ARM.Collect$$libinit$$00000012)
    .ARM.Collect$$libinit$$00000013          0x0800017e   Section        0  libinit2.o(.ARM.Collect$$libinit$$00000013)
    .ARM.Collect$$libinit$$00000015          0x0800017e   Section        0  libinit2.o(.ARM.Collect$$libinit$$00000015)
    .ARM.Collect$$libinit$$00000017          0x0800017e   Section        0  libinit2.o(.ARM.Collect$$libinit$$00000017)
    .ARM.Collect$$libinit$$00000019          0x0800017e   Section        0  libinit2.o(.ARM.Collect$$libinit$$00000019)
    .ARM.Collect$$libinit$$0000001B          0x0800017e   Section        0  libinit2.o(.ARM.Collect$$libinit$$0000001B)
    .ARM.Collect$$libinit$$0000001D          0x0800017e   Section        0  libinit2.o(.ARM.Collect$$libinit$$0000001D)
    .ARM.Collect$$libinit$$0000001F          0x0800017e   Section        0  libinit2.o(.ARM.Collect$$libinit$$0000001F)
    .ARM.Collect$$libinit$$00000021          0x0800017e   Section        0  libinit2.o(.ARM.Collect$$libinit$$00000021)
    .ARM.Collect$$libinit$$00000023          0x0800017e   Section        0  libinit2.o(.ARM.Collect$$libinit$$00000023)
    .ARM.Collect$$libinit$$00000025          0x0800017e   Section        0  libinit2.o(.ARM.Collect$$libinit$$00000025)
    .ARM.Collect$$libinit$$0000002C          0x0800017e   Section        0  libinit2.o(.ARM.Collect$$libinit$$0000002C)
    .ARM.Collect$$libinit$$0000002E          0x0800017e   Section        0  libinit2.o(.ARM.Collect$$libinit$$0000002E)
    .ARM.Collect$$libinit$$00000030          0x0800017e   Section        0  libinit2.o(.ARM.Collect$$libinit$$00000030)
    .ARM.Collect$$libinit$$00000032          0x0800017e   Section        0  libinit2.o(.ARM.Collect$$libinit$$00000032)
    .ARM.Collect$$libinit$$00000033          0x0800017e   Section        2  libinit2.o(.ARM.Collect$$libinit$$00000033)
    .ARM.Collect$$libshutdown$$00000000      0x08000180   Section        2  libshutdown.o(.ARM.Collect$$libshutdown$$00000000)
    .ARM.Collect$$libshutdown$$00000002      0x08000182   Section        0  libshutdown2.o(.ARM.Collect$$libshutdown$$00000002)
    .ARM.Collect$$libshutdown$$00000004      0x08000182   Section        0  libshutdown2.o(.ARM.Collect$$libshutdown$$00000004)
    .ARM.Collect$$libshutdown$$00000007      0x08000182   Section        0  libshutdown2.o(.ARM.Collect$$libshutdown$$00000007)
    .ARM.Collect$$libshutdown$$0000000A      0x08000182   Section        0  libshutdown2.o(.ARM.Collect$$libshutdown$$0000000A)
    .ARM.Collect$$libshutdown$$0000000C      0x08000182   Section        0  libshutdown2.o(.ARM.Collect$$libshutdown$$0000000C)
    .ARM.Collect$$libshutdown$$0000000F      0x08000182   Section        0  libshutdown2.o(.ARM.Collect$$libshutdown$$0000000F)
    .ARM.Collect$$libshutdown$$00000010      0x08000182   Section        2  libshutdown2.o(.ARM.Collect$$libshutdown$$00000010)
    .ARM.Collect$$rtentry$$00000000          0x08000184   Section        0  __rtentry.o(.ARM.Collect$$rtentry$$00000000)
    .ARM.Collect$$rtentry$$00000002          0x08000184   Section        0  __rtentry2.o(.ARM.Collect$$rtentry$$00000002)
    .ARM.Collect$$rtentry$$00000004          0x08000184   Section        6  __rtentry4.o(.ARM.Collect$$rtentry$$00000004)
    .ARM.Collect$$rtentry$$00000009          0x0800018a   Section        0  __rtentry2.o(.ARM.Collect$$rtentry$$00000009)
    .ARM.Collect$$rtentry$$0000000A          0x0800018a   Section        4  __rtentry2.o(.ARM.Collect$$rtentry$$0000000A)
    .ARM.Collect$$rtentry$$0000000C          0x0800018e   Section        0  __rtentry2.o(.ARM.Collect$$rtentry$$0000000C)
    .ARM.Collect$$rtentry$$0000000D          0x0800018e   Section        8  __rtentry2.o(.ARM.Collect$$rtentry$$0000000D)
    .ARM.Collect$$rtexit$$00000000           0x08000196   Section        2  rtexit.o(.ARM.Collect$$rtexit$$00000000)
    .ARM.Collect$$rtexit$$00000002           0x08000198   Section        0  rtexit2.o(.ARM.Collect$$rtexit$$00000002)
    .ARM.Collect$$rtexit$$00000003           0x08000198   Section        4  rtexit2.o(.ARM.Collect$$rtexit$$00000003)
    .ARM.Collect$$rtexit$$00000004           0x0800019c   Section        6  rtexit2.o(.ARM.Collect$$rtexit$$00000004)
    .text                                    0x080001a4   Section       64  startup_stm32f10x_md.o(.text)
    .text                                    0x080001e4   Section        0  noretval__2sprintf.o(.text)
    .text                                    0x0800020c   Section        0  __printf.o(.text)
    .text                                    0x08000274   Section        0  _printf_dec.o(.text)
    .text                                    0x080002ec   Section        0  __0sscanf.o(.text)
    .text                                    0x08000328   Section        0  _scanf_int.o(.text)
    .text                                    0x08000474   Section        0  strlen.o(.text)
    .text                                    0x080004b2   Section       78  rt_memclr_w.o(.text)
    .text                                    0x08000500   Section       86  strncpy.o(.text)
    .text                                    0x08000558   Section      128  strcmpv7m.o(.text)
    .text                                    0x080005d8   Section        0  heapauxi.o(.text)
    .text                                    0x080005de   Section        0  _rserrno.o(.text)
    .text                                    0x080005f4   Section        0  _printf_intcommon.o(.text)
    .text                                    0x080006a8   Section        0  _printf_char_common.o(.text)
    _printf_input_char                       0x080006a9   Thumb Code    10  _printf_char_common.o(.text)
    .text                                    0x080006d8   Section        0  _sputc.o(.text)
    .text                                    0x080006e2   Section        0  _chval.o(.text)
    .text                                    0x08000700   Section        0  scanf_char.o(.text)
    _scanf_char_input                        0x08000701   Thumb Code    12  scanf_char.o(.text)
    .text                                    0x0800072c   Section        0  _sgetc.o(.text)
    .text                                    0x0800076c   Section       68  rt_memclr.o(.text)
    .text                                    0x080007b0   Section        8  rt_errno_addr_intlibspace.o(.text)
    .text                                    0x080007b8   Section        0  isspace.o(.text)
    .text                                    0x080007cc   Section        0  _scanf.o(.text)
    .text                                    0x08000b40   Section        8  libspace.o(.text)
    .text                                    0x08000b48   Section       74  sys_stackheap_outer.o(.text)
    .text                                    0x08000b94   Section       16  rt_ctype_table.o(.text)
    .text                                    0x08000ba4   Section        0  exit.o(.text)
    .text                                    0x08000bb8   Section        8  rt_locale_intlibspace.o(.text)
    .text                                    0x08000bc0   Section        0  sys_exit.o(.text)
    .text                                    0x08000bcc   Section        2  use_no_semi.o(.text)
    .text                                    0x08000bce   Section        0  indicate_semi.o(.text)
    i.DEBUG_Init                             0x08000bd0   Section        0  debug_func_sets.o(i.DEBUG_Init)
    i.DEBUG_Send_String                      0x08000c50   Section        0  debug_func_sets.o(i.DEBUG_Send_String)
    i.DelayMs                                0x08000cac   Section        0  delay_func_sets.o(i.DelayMs)
    i.EXTI1_IRQHandler                       0x08000cc0   Section        0  irq.o(i.EXTI1_IRQHandler)
    i.EXTI9_5_IRQHandler                     0x08000ce0   Section        0  irq.o(i.EXTI9_5_IRQHandler)
    i.EXTI_ClearITPendingBit                 0x08000d2c   Section        0  stm32f10x_exti.o(i.EXTI_ClearITPendingBit)
    i.EXTI_GetITStatus                       0x08000d38   Section        0  stm32f10x_exti.o(i.EXTI_GetITStatus)
    i.EXTI_Init                              0x08000d60   Section        0  stm32f10x_exti.o(i.EXTI_Init)
    i.GPIO_EXTILineConfig                    0x08000df4   Section        0  stm32f10x_gpio.o(i.GPIO_EXTILineConfig)
    i.GPIO_Init                              0x08000e34   Section        0  stm32f10x_gpio.o(i.GPIO_Init)
    i.GPIO_WriteBit                          0x08000f4a   Section        0  stm32f10x_gpio.o(i.GPIO_WriteBit)
    i.LED_Init                               0x08000f54   Section        0  init_func_sets.o(i.LED_Init)
    i.NVIC_Init                              0x08000f80   Section        0  misc.o(i.NVIC_Init)
    i.NVIC_PriorityGroupConfig               0x08000ff0   Section        0  misc.o(i.NVIC_PriorityGroupConfig)
    i.PID_track                              0x08001004   Section        0  service_func_sets.o(i.PID_track)
    i.PWM_Update                             0x080011f8   Section        0  service_func_sets.o(i.PWM_Update)
    i.RCC_APB1PeriphClockCmd                 0x080012e8   Section        0  stm32f10x_rcc.o(i.RCC_APB1PeriphClockCmd)
    i.RCC_APB2PeriphClockCmd                 0x08001308   Section        0  stm32f10x_rcc.o(i.RCC_APB2PeriphClockCmd)
    i.RCC_GetClocksFreq                      0x08001328   Section        0  stm32f10x_rcc.o(i.RCC_GetClocksFreq)
    i.SWITCH_Init                            0x080013fc   Section        0  init_func_sets.o(i.SWITCH_Init)
    i.SetSysClock                            0x08001474   Section        0  system_stm32f10x.o(i.SetSysClock)
    SetSysClock                              0x08001475   Thumb Code     8  system_stm32f10x.o(i.SetSysClock)
    i.SetSysClockTo72                        0x0800147c   Section        0  system_stm32f10x.o(i.SetSysClockTo72)
    SetSysClockTo72                          0x0800147d   Thumb Code   214  system_stm32f10x.o(i.SetSysClockTo72)
    i.Struct_Init                            0x0800155c   Section        0  init_func_sets.o(i.Struct_Init)
    i.SysTick_Handler                        0x08001724   Section        0  delay_func_sets.o(i.SysTick_Handler)
    i.SysTick_Init                           0x0800173c   Section        0  init_func_sets.o(i.SysTick_Init)
    i.SystemCoreClockUpdate                  0x08001788   Section        0  system_stm32f10x.o(i.SystemCoreClockUpdate)
    i.SystemInit                             0x0800182c   Section        0  system_stm32f10x.o(i.SystemInit)
    i.TIM2_IRQHandler                        0x0800188c   Section        0  irq.o(i.TIM2_IRQHandler)
    i.TIM2_Init                              0x08001914   Section        0  init_func_sets.o(i.TIM2_Init)
    i.TIM4_IRQHandler                        0x08001970   Section        0  irq.o(i.TIM4_IRQHandler)
    i.TIM4_Init                              0x08001990   Section        0  init_func_sets.o(i.TIM4_Init)
    i.TIM_ClearITPendingBit                  0x080019f8   Section        0  stm32f10x_tim.o(i.TIM_ClearITPendingBit)
    i.TIM_Cmd                                0x080019fe   Section        0  stm32f10x_tim.o(i.TIM_Cmd)
    i.TIM_GetITStatus                        0x08001a16   Section        0  stm32f10x_tim.o(i.TIM_GetITStatus)
    i.TIM_ITConfig                           0x08001a38   Section        0  stm32f10x_tim.o(i.TIM_ITConfig)
    i.TIM_OC1Init                            0x08001a4c   Section        0  stm32f10x_tim.o(i.TIM_OC1Init)
    i.TIM_OC1PreloadConfig                   0x08001ae4   Section        0  stm32f10x_tim.o(i.TIM_OC1PreloadConfig)
    i.TIM_OC2Init                            0x08001af8   Section        0  stm32f10x_tim.o(i.TIM_OC2Init)
    i.TIM_OC2PreloadConfig                   0x08001b9c   Section        0  stm32f10x_tim.o(i.TIM_OC2PreloadConfig)
    i.TIM_OC3Init                            0x08001bb8   Section        0  stm32f10x_tim.o(i.TIM_OC3Init)
    i.TIM_OC3PreloadConfig                   0x08001c58   Section        0  stm32f10x_tim.o(i.TIM_OC3PreloadConfig)
    i.TIM_TimeBaseInit                       0x08001c6c   Section        0  stm32f10x_tim.o(i.TIM_TimeBaseInit)
    i.USART2_IRQHandler                      0x08001d10   Section        0  irq.o(i.USART2_IRQHandler)
    i.USART2_Init                            0x08001ecc   Section        0  init_func_sets.o(i.USART2_Init)
    i.USART_ClearITPendingBit                0x08001f48   Section        0  stm32f10x_usart.o(i.USART_ClearITPendingBit)
    i.USART_Cmd                              0x08001f66   Section        0  stm32f10x_usart.o(i.USART_Cmd)
    i.USART_GetFlagStatus                    0x08001f7e   Section        0  stm32f10x_usart.o(i.USART_GetFlagStatus)
    i.USART_GetITStatus                      0x08001f98   Section        0  stm32f10x_usart.o(i.USART_GetITStatus)
    i.USART_Init                             0x08001fec   Section        0  stm32f10x_usart.o(i.USART_Init)
    i.USART_ReceiveData                      0x080020c4   Section        0  stm32f10x_usart.o(i.USART_ReceiveData)
    i.USART_SendData                         0x080020ce   Section        0  stm32f10x_usart.o(i.USART_SendData)
    i.USART_Send_String                      0x080020d8   Section        0  usart_func_sets.o(i.USART_Send_String)
    i.WHEEL_PWM_Init                         0x08002108   Section        0  init_func_sets.o(i.WHEEL_PWM_Init)
    i.WiFi_Connect                           0x08002298   Section        0  wifi_func_sets.o(i.WiFi_Connect)
    i.__ARM_fpclassify                       0x08002348   Section        0  fpclassify.o(i.__ARM_fpclassify)
    i.__NVIC_SetPriority                     0x08002370   Section        0  init_func_sets.o(i.__NVIC_SetPriority)
    __NVIC_SetPriority                       0x08002371   Thumb Code    32  init_func_sets.o(i.__NVIC_SetPriority)
    i.__kernel_poly                          0x08002398   Section        0  poly.o(i.__kernel_poly)
    i.__mathlib_dbl_infnan                   0x08002442   Section        0  dunder.o(i.__mathlib_dbl_infnan)
    i.__mathlib_dbl_underflow                0x08002448   Section        0  dunder.o(i.__mathlib_dbl_underflow)
    i.atan                                   0x08002458   Section        0  atan.o(i.atan)
    i.cal_diff                               0x08002678   Section        0  struct_func_sets.o(i.cal_diff)
    i.cal_dist                               0x080026ac   Section        0  struct_func_sets.o(i.cal_dist)
    i.get_loc                                0x08002700   Section        0  wifi_func_sets.o(i.get_loc)
    i.k_to_deg                               0x08002894   Section        0  service_func_sets.o(i.k_to_deg)
    i.main                                   0x08002a10   Section        0  main.o(i.main)
    i.one_time_delay                         0x08002b60   Section        0  delay_func_sets.o(i.one_time_delay)
    i.sqrt                                   0x08002b84   Section        0  sqrt.o(i.sqrt)
    i.update_loc                             0x08002bd0   Section        0  struct_func_sets.o(i.update_loc)
    i.update_path                            0x08002bf0   Section        0  service_func_sets.o(i.update_path)
    i.var_clear                              0x08002db4   Section        0  service_func_sets.o(i.var_clear)
    locale$$code                             0x08002e1c   Section       44  lc_ctype_c.o(locale$$code)
    x$fpl$dadd                               0x08002e48   Section      336  daddsub_clz.o(x$fpl$dadd)
    _dadd1                                   0x08002e59   Thumb Code     0  daddsub_clz.o(x$fpl$dadd)
    x$fpl$dcheck1                            0x08002f98   Section       16  dcheck1.o(x$fpl$dcheck1)
    x$fpl$dcmpinf                            0x08002fa8   Section       24  dcmpi.o(x$fpl$dcmpinf)
    x$fpl$ddiv                               0x08002fc0   Section      688  ddiv.o(x$fpl$ddiv)
    ddiv_entry                               0x08002fc7   Thumb Code     0  ddiv.o(x$fpl$ddiv)
    x$fpl$deqf                               0x08003270   Section      120  deqf.o(x$fpl$deqf)
    x$fpl$dfix                               0x080032e8   Section       94  dfix.o(x$fpl$dfix)
    x$fpl$dflt                               0x08003346   Section       46  dflt_clz.o(x$fpl$dflt)
    x$fpl$dleqf                              0x08003374   Section      120  dleqf.o(x$fpl$dleqf)
    x$fpl$dmul                               0x080033ec   Section      340  dmul.o(x$fpl$dmul)
    x$fpl$dnaninf                            0x08003540   Section      156  dnaninf.o(x$fpl$dnaninf)
    x$fpl$dretinf                            0x080035dc   Section       12  dretinf.o(x$fpl$dretinf)
    x$fpl$drleqf                             0x080035e8   Section      108  drleqf.o(x$fpl$drleqf)
    x$fpl$drsb                               0x08003654   Section       22  daddsub_clz.o(x$fpl$drsb)
    x$fpl$dsqrt                              0x0800366c   Section      460  dsqrt_noumaal.o(x$fpl$dsqrt)
    x$fpl$dsub                               0x08003838   Section      468  daddsub_clz.o(x$fpl$dsub)
    _dsub1                                   0x08003849   Thumb Code     0  daddsub_clz.o(x$fpl$dsub)
    x$fpl$f2d                                0x08003a0c   Section       86  f2d.o(x$fpl$f2d)
    x$fpl$fnaninf                            0x08003a62   Section      140  fnaninf.o(x$fpl$fnaninf)
    x$fpl$retnan                             0x08003aee   Section      100  retnan.o(x$fpl$retnan)
    x$fpl$scalbn                             0x08003b52   Section       92  scalbn.o(x$fpl$scalbn)
    x$fpl$trapveneer                         0x08003bae   Section       48  trapv.o(x$fpl$trapveneer)
    x$fpl$usenofp                            0x08003bde   Section        0  usenofp.o(x$fpl$usenofp)
    .constdata                               0x08003be0   Section      152  atan.o(.constdata)
    atanhi                                   0x08003be0   Data          32  atan.o(.constdata)
    atanlo                                   0x08003c00   Data          32  atan.o(.constdata)
    aTodd                                    0x08003c20   Data          40  atan.o(.constdata)
    aTeven                                   0x08003c48   Data          48  atan.o(.constdata)
    locale$$data                             0x08003c98   Section      272  lc_ctype_c.o(locale$$data)
    __lcctype_c_name                         0x08003c9c   Data           2  lc_ctype_c.o(locale$$data)
    __lcctype_c_start                        0x08003ca4   Data           0  lc_ctype_c.o(locale$$data)
    __lcctype_c_end                          0x08003da8   Data           0  lc_ctype_c.o(locale$$data)
    .data                                    0x20000000   Section       12  main.o(.data)
    .data                                    0x2000000c   Section        4  delay_func_sets.o(.data)
    msTicks                                  0x2000000c   Data           4  delay_func_sets.o(.data)
    .data                                    0x20000010   Section      100  wifi_func_sets.o(.data)
    .data                                    0x20000074   Section        8  irq.o(.data)
    .data                                    0x2000007c   Section       20  init_func_sets.o(.data)
    .data                                    0x20000090   Section       20  stm32f10x_rcc.o(.data)
    APBAHBPrescTable                         0x20000090   Data          16  stm32f10x_rcc.o(.data)
    ADCPrescTable                            0x200000a0   Data           4  stm32f10x_rcc.o(.data)
    .data                                    0x200000a4   Section       20  system_stm32f10x.o(.data)
    .bss                                     0x200000b8   Section      420  main.o(.bss)
    .bss                                     0x2000025c   Section       96  libspace.o(.bss)
    HEAP                                     0x200002c0   Section      512  startup_stm32f10x_md.o(HEAP)
    Heap_Mem                                 0x200002c0   Data         512  startup_stm32f10x_md.o(HEAP)
    STACK                                    0x200004c0   Section     1024  startup_stm32f10x_md.o(STACK)
    Stack_Mem                                0x200004c0   Data        1024  startup_stm32f10x_md.o(STACK)
    __initial_sp                             0x200008c0   Data           0  startup_stm32f10x_md.o(STACK)

    Global Symbols

    Symbol Name                              Value     Ov Type        Size  Object(Section)

    BuildAttributes$$THM_ISAv4$P$D$K$B$S$PE$A:L22UL41UL21$X:L11$S22US41US21$IEEE1$IW$USESV6$~STKCKD$USESV7$~SHL$OTIME$ROPI$IEEEX$EBA8$UX$STANDARDLIB$REQ8$PRES8$EABIv2 0x00000000   Number         0  anon$$obj.o ABSOLUTE
    __ARM_use_no_argv                        0x00000000   Number         0  main.o ABSOLUTE
    __ARM_exceptions_init                     - Undefined Weak Reference
    __alloca_initialize                       - Undefined Weak Reference
    __arm_preinit_                            - Undefined Weak Reference
    __cpp_initialize__aeabi_                  - Undefined Weak Reference
    __cxa_finalize                            - Undefined Weak Reference
    __sigvec_lookup                           - Undefined Weak Reference
    _atexit_init                              - Undefined Weak Reference
    _call_atexit_fns                          - Undefined Weak Reference
    _clock_init                               - Undefined Weak Reference
    _fp_trap_init                             - Undefined Weak Reference
    _fp_trap_shutdown                         - Undefined Weak Reference
    _get_lc_collate                           - Undefined Weak Reference
    _get_lc_monetary                          - Undefined Weak Reference
    _get_lc_numeric                           - Undefined Weak Reference
    _get_lc_time                              - Undefined Weak Reference
    _getenv_init                              - Undefined Weak Reference
    _handle_redirection                       - Undefined Weak Reference
    _init_alloc                               - Undefined Weak Reference
    _init_user_alloc                          - Undefined Weak Reference
    _initio                                   - Undefined Weak Reference
    _printf_post_padding                      - Undefined Weak Reference
    _printf_pre_padding                       - Undefined Weak Reference
    _printf_truncate_signed                   - Undefined Weak Reference
    _printf_truncate_unsigned                 - Undefined Weak Reference
    _rand_init                                - Undefined Weak Reference
    _scanf_longlong                           - Undefined Weak Reference
    _scanf_mbtowc                             - Undefined Weak Reference
    _scanf_real                               - Undefined Weak Reference
    _scanf_string                             - Undefined Weak Reference
    _scanf_wctomb                             - Undefined Weak Reference
    _scanf_wstring                            - Undefined Weak Reference
    _signal_finish                            - Undefined Weak Reference
    _signal_init                              - Undefined Weak Reference
    _terminate_alloc                          - Undefined Weak Reference
    _terminate_user_alloc                     - Undefined Weak Reference
    _terminateio                              - Undefined Weak Reference
    __Vectors_Size                           0x000000ec   Number         0  startup_stm32f10x_md.o ABSOLUTE
    __Vectors                                0x08000000   Data           4  startup_stm32f10x_md.o(RESET)
    __Vectors_End                            0x080000ec   Data           0  startup_stm32f10x_md.o(RESET)
    __main                                   0x080000ed   Thumb Code     8  __main.o(!!!main)
    __scatterload                            0x080000f5   Thumb Code     0  __scatter.o(!!!scatter)
    __scatterload_rt2                        0x080000f5   Thumb Code    44  __scatter.o(!!!scatter)
    __scatterload_rt2_thumb_only             0x080000f5   Thumb Code     0  __scatter.o(!!!scatter)
    __scatterload_null                       0x08000103   Thumb Code     0  __scatter.o(!!!scatter)
    __scatterload_copy                       0x08000129   Thumb Code    26  __scatter_copy.o(!!handler_copy)
    __scatterload_zeroinit                   0x08000145   Thumb Code    28  __scatter_zi.o(!!handler_zi)
    _printf_d                                0x08000161   Thumb Code     0  _printf_d.o(.ARM.Collect$$_printf_percent$$00000009)
    _printf_percent                          0x08000161   Thumb Code     0  _printf_percent.o(.ARM.Collect$$_printf_percent$$00000000)
    _printf_percent_end                      0x08000167   Thumb Code     0  _printf_percent_end.o(.ARM.Collect$$_printf_percent$$00000017)
    __rt_lib_init                            0x0800016b   Thumb Code     0  libinit.o(.ARM.Collect$$libinit$$00000000)
    __rt_lib_init_fp_1                       0x0800016d   Thumb Code     0  libinit2.o(.ARM.Collect$$libinit$$00000002)
    __rt_lib_init_heap_1                     0x0800016d   Thumb Code     0  libinit2.o(.ARM.Collect$$libinit$$0000000A)
    __rt_lib_init_lc_common                  0x0800016d   Thumb Code     0  libinit2.o(.ARM.Collect$$libinit$$0000000F)
    __rt_lib_init_preinit_1                  0x0800016d   Thumb Code     0  libinit2.o(.ARM.Collect$$libinit$$00000004)
    __rt_lib_init_rand_1                     0x0800016d   Thumb Code     0  libinit2.o(.ARM.Collect$$libinit$$0000000E)
    __rt_lib_init_user_alloc_1               0x0800016d   Thumb Code     0  libinit2.o(.ARM.Collect$$libinit$$0000000C)
    __rt_lib_init_lc_collate_1               0x08000173   Thumb Code     0  libinit2.o(.ARM.Collect$$libinit$$00000011)
    __rt_lib_init_lc_ctype_2                 0x08000173   Thumb Code     0  libinit2.o(.ARM.Collect$$libinit$$00000012)
    __rt_lib_init_alloca_1                   0x0800017f   Thumb Code     0  libinit2.o(.ARM.Collect$$libinit$$0000002E)
    __rt_lib_init_argv_1                     0x0800017f   Thumb Code     0  libinit2.o(.ARM.Collect$$libinit$$0000002C)
    __rt_lib_init_atexit_1                   0x0800017f   Thumb Code     0  libinit2.o(.ARM.Collect$$libinit$$0000001B)
    __rt_lib_init_clock_1                    0x0800017f   Thumb Code     0  libinit2.o(.ARM.Collect$$libinit$$00000021)
    __rt_lib_init_cpp_1                      0x0800017f   Thumb Code     0  libinit2.o(.ARM.Collect$$libinit$$00000032)
    __rt_lib_init_exceptions_1               0x0800017f   Thumb Code     0  libinit2.o(.ARM.Collect$$libinit$$00000030)
    __rt_lib_init_fp_trap_1                  0x0800017f   Thumb Code     0  libinit2.o(.ARM.Collect$$libinit$$0000001F)
    __rt_lib_init_getenv_1                   0x0800017f   Thumb Code     0  libinit2.o(.ARM.Collect$$libinit$$00000023)
    __rt_lib_init_lc_ctype_1                 0x0800017f   Thumb Code     0  libinit2.o(.ARM.Collect$$libinit$$00000013)
    __rt_lib_init_lc_monetary_1              0x0800017f   Thumb Code     0  libinit2.o(.ARM.Collect$$libinit$$00000015)
    __rt_lib_init_lc_numeric_1               0x0800017f   Thumb Code     0  libinit2.o(.ARM.Collect$$libinit$$00000017)
    __rt_lib_init_lc_time_1                  0x0800017f   Thumb Code     0  libinit2.o(.ARM.Collect$$libinit$$00000019)
    __rt_lib_init_return                     0x0800017f   Thumb Code     0  libinit2.o(.ARM.Collect$$libinit$$00000033)
    __rt_lib_init_signal_1                   0x0800017f   Thumb Code     0  libinit2.o(.ARM.Collect$$libinit$$0000001D)
    __rt_lib_init_stdio_1                    0x0800017f   Thumb Code     0  libinit2.o(.ARM.Collect$$libinit$$00000025)
    __rt_lib_shutdown                        0x08000181   Thumb Code     0  libshutdown.o(.ARM.Collect$$libshutdown$$00000000)
    __rt_lib_shutdown_cpp_1                  0x08000183   Thumb Code     0  libshutdown2.o(.ARM.Collect$$libshutdown$$00000002)
    __rt_lib_shutdown_fp_trap_1              0x08000183   Thumb Code     0  libshutdown2.o(.ARM.Collect$$libshutdown$$00000007)
    __rt_lib_shutdown_heap_1                 0x08000183   Thumb Code     0  libshutdown2.o(.ARM.Collect$$libshutdown$$0000000F)
    __rt_lib_shutdown_return                 0x08000183   Thumb Code     0  libshutdown2.o(.ARM.Collect$$libshutdown$$00000010)
    __rt_lib_shutdown_signal_1               0x08000183   Thumb Code     0  libshutdown2.o(.ARM.Collect$$libshutdown$$0000000A)
    __rt_lib_shutdown_stdio_1                0x08000183   Thumb Code     0  libshutdown2.o(.ARM.Collect$$libshutdown$$00000004)
    __rt_lib_shutdown_user_alloc_1           0x08000183   Thumb Code     0  libshutdown2.o(.ARM.Collect$$libshutdown$$0000000C)
    __rt_entry                               0x08000185   Thumb Code     0  __rtentry.o(.ARM.Collect$$rtentry$$00000000)
    __rt_entry_presh_1                       0x08000185   Thumb Code     0  __rtentry2.o(.ARM.Collect$$rtentry$$00000002)
    __rt_entry_sh                            0x08000185   Thumb Code     0  __rtentry4.o(.ARM.Collect$$rtentry$$00000004)
    __rt_entry_li                            0x0800018b   Thumb Code     0  __rtentry2.o(.ARM.Collect$$rtentry$$0000000A)
    __rt_entry_postsh_1                      0x0800018b   Thumb Code     0  __rtentry2.o(.ARM.Collect$$rtentry$$00000009)
    __rt_entry_main                          0x0800018f   Thumb Code     0  __rtentry2.o(.ARM.Collect$$rtentry$$0000000D)
    __rt_entry_postli_1                      0x0800018f   Thumb Code     0  __rtentry2.o(.ARM.Collect$$rtentry$$0000000C)
    __rt_exit                                0x08000197   Thumb Code     0  rtexit.o(.ARM.Collect$$rtexit$$00000000)
    __rt_exit_ls                             0x08000199   Thumb Code     0  rtexit2.o(.ARM.Collect$$rtexit$$00000003)
    __rt_exit_prels_1                        0x08000199   Thumb Code     0  rtexit2.o(.ARM.Collect$$rtexit$$00000002)
    __rt_exit_exit                           0x0800019d   Thumb Code     0  rtexit2.o(.ARM.Collect$$rtexit$$00000004)
    Reset_Handler                            0x080001a5   Thumb Code     8  startup_stm32f10x_md.o(.text)
    NMI_Handler                              0x080001ad   Thumb Code     2  startup_stm32f10x_md.o(.text)
    HardFault_Handler                        0x080001af   Thumb Code     2  startup_stm32f10x_md.o(.text)
    MemManage_Handler                        0x080001b1   Thumb Code     2  startup_stm32f10x_md.o(.text)
    BusFault_Handler                         0x080001b3   Thumb Code     2  startup_stm32f10x_md.o(.text)
    UsageFault_Handler                       0x080001b5   Thumb Code     2  startup_stm32f10x_md.o(.text)
    SVC_Handler                              0x080001b7   Thumb Code     2  startup_stm32f10x_md.o(.text)
    DebugMon_Handler                         0x080001b9   Thumb Code     2  startup_stm32f10x_md.o(.text)
    PendSV_Handler                           0x080001bb   Thumb Code     2  startup_stm32f10x_md.o(.text)
    ADC1_2_IRQHandler                        0x080001bf   Thumb Code     0  startup_stm32f10x_md.o(.text)
    CAN1_RX1_IRQHandler                      0x080001bf   Thumb Code     0  startup_stm32f10x_md.o(.text)
    CAN1_SCE_IRQHandler                      0x080001bf   Thumb Code     0  startup_stm32f10x_md.o(.text)
    DMA1_Channel1_IRQHandler                 0x080001bf   Thumb Code     0  startup_stm32f10x_md.o(.text)
    DMA1_Channel2_IRQHandler                 0x080001bf   Thumb Code     0  startup_stm32f10x_md.o(.text)
    DMA1_Channel3_IRQHandler                 0x080001bf   Thumb Code     0  startup_stm32f10x_md.o(.text)
    DMA1_Channel4_IRQHandler                 0x080001bf   Thumb Code     0  startup_stm32f10x_md.o(.text)
    DMA1_Channel5_IRQHandler                 0x080001bf   Thumb Code     0  startup_stm32f10x_md.o(.text)
    DMA1_Channel6_IRQHandler                 0x080001bf   Thumb Code     0  startup_stm32f10x_md.o(.text)
    DMA1_Channel7_IRQHandler                 0x080001bf   Thumb Code     0  startup_stm32f10x_md.o(.text)
    EXTI0_IRQHandler                         0x080001bf   Thumb Code     0  startup_stm32f10x_md.o(.text)
    EXTI15_10_IRQHandler                     0x080001bf   Thumb Code     0  startup_stm32f10x_md.o(.text)
    EXTI2_IRQHandler                         0x080001bf   Thumb Code     0  startup_stm32f10x_md.o(.text)
    EXTI3_IRQHandler                         0x080001bf   Thumb Code     0  startup_stm32f10x_md.o(.text)
    EXTI4_IRQHandler                         0x080001bf   Thumb Code     0  startup_stm32f10x_md.o(.text)
    FLASH_IRQHandler                         0x080001bf   Thumb Code     0  startup_stm32f10x_md.o(.text)
    I2C1_ER_IRQHandler                       0x080001bf   Thumb Code     0  startup_stm32f10x_md.o(.text)
    I2C1_EV_IRQHandler                       0x080001bf   Thumb Code     0  startup_stm32f10x_md.o(.text)
    I2C2_ER_IRQHandler                       0x080001bf   Thumb Code     0  startup_stm32f10x_md.o(.text)
    I2C2_EV_IRQHandler                       0x080001bf   Thumb Code     0  startup_stm32f10x_md.o(.text)
    PVD_IRQHandler                           0x080001bf   Thumb Code     0  startup_stm32f10x_md.o(.text)
    RCC_IRQHandler                           0x080001bf   Thumb Code     0  startup_stm32f10x_md.o(.text)
    RTCAlarm_IRQHandler                      0x080001bf   Thumb Code     0  startup_stm32f10x_md.o(.text)
    RTC_IRQHandler                           0x080001bf   Thumb Code     0  startup_stm32f10x_md.o(.text)
    SPI1_IRQHandler                          0x080001bf   Thumb Code     0  startup_stm32f10x_md.o(.text)
    SPI2_IRQHandler                          0x080001bf   Thumb Code     0  startup_stm32f10x_md.o(.text)
    TAMPER_IRQHandler                        0x080001bf   Thumb Code     0  startup_stm32f10x_md.o(.text)
    TIM1_BRK_IRQHandler                      0x080001bf   Thumb Code     0  startup_stm32f10x_md.o(.text)
    TIM1_CC_IRQHandler                       0x080001bf   Thumb Code     0  startup_stm32f10x_md.o(.text)
    TIM1_TRG_COM_IRQHandler                  0x080001bf   Thumb Code     0  startup_stm32f10x_md.o(.text)
    TIM1_UP_IRQHandler                       0x080001bf   Thumb Code     0  startup_stm32f10x_md.o(.text)
    TIM3_IRQHandler                          0x080001bf   Thumb Code     0  startup_stm32f10x_md.o(.text)
    USART1_IRQHandler                        0x080001bf   Thumb Code     0  startup_stm32f10x_md.o(.text)
    USART3_IRQHandler                        0x080001bf   Thumb Code     0  startup_stm32f10x_md.o(.text)
    USBWakeUp_IRQHandler                     0x080001bf   Thumb Code     0  startup_stm32f10x_md.o(.text)
    USB_HP_CAN1_TX_IRQHandler                0x080001bf   Thumb Code     0  startup_stm32f10x_md.o(.text)
    USB_LP_CAN1_RX0_IRQHandler               0x080001bf   Thumb Code     0  startup_stm32f10x_md.o(.text)
    WWDG_IRQHandler                          0x080001bf   Thumb Code     0  startup_stm32f10x_md.o(.text)
    __user_initial_stackheap                 0x080001c1   Thumb Code     0  startup_stm32f10x_md.o(.text)
    __2sprintf                               0x080001e5   Thumb Code    34  noretval__2sprintf.o(.text)
    __printf                                 0x0800020d   Thumb Code   104  __printf.o(.text)
    _printf_int_dec                          0x08000275   Thumb Code   104  _printf_dec.o(.text)
    __0sscanf                                0x080002ed   Thumb Code    52  __0sscanf.o(.text)
    _scanf_int                               0x08000329   Thumb Code   332  _scanf_int.o(.text)
    strlen                                   0x08000475   Thumb Code    62  strlen.o(.text)
    __aeabi_memclr4                          0x080004b3   Thumb Code     0  rt_memclr_w.o(.text)
    __aeabi_memclr8                          0x080004b3   Thumb Code     0  rt_memclr_w.o(.text)
    __rt_memclr_w                            0x080004b3   Thumb Code    78  rt_memclr_w.o(.text)
    _memset_w                                0x080004b7   Thumb Code     0  rt_memclr_w.o(.text)
    strncpy                                  0x08000501   Thumb Code    86  strncpy.o(.text)
    strcmp                                   0x08000559   Thumb Code   128  strcmpv7m.o(.text)
    __use_two_region_memory                  0x080005d9   Thumb Code     2  heapauxi.o(.text)
    __rt_heap_escrow$2region                 0x080005db   Thumb Code     2  heapauxi.o(.text)
    __rt_heap_expand$2region                 0x080005dd   Thumb Code     2  heapauxi.o(.text)
    __read_errno                             0x080005df   Thumb Code    10  _rserrno.o(.text)
    __set_errno                              0x080005e9   Thumb Code    12  _rserrno.o(.text)
    _printf_int_common                       0x080005f5   Thumb Code   178  _printf_intcommon.o(.text)
    _printf_char_common                      0x080006b3   Thumb Code    32  _printf_char_common.o(.text)
    _sputc                                   0x080006d9   Thumb Code    10  _sputc.o(.text)
    _chval                                   0x080006e3   Thumb Code    28  _chval.o(.text)
    __vfscanf_char                           0x0800070d   Thumb Code    24  scanf_char.o(.text)
    _sgetc                                   0x0800072d   Thumb Code    30  _sgetc.o(.text)
    _sbackspace                              0x0800074b   Thumb Code    34  _sgetc.o(.text)
    __aeabi_memclr                           0x0800076d   Thumb Code     0  rt_memclr.o(.text)
    __rt_memclr                              0x0800076d   Thumb Code    68  rt_memclr.o(.text)
    _memset                                  0x08000771   Thumb Code     0  rt_memclr.o(.text)
    __aeabi_errno_addr                       0x080007b1   Thumb Code     8  rt_errno_addr_intlibspace.o(.text)
    __errno$intlibspace                      0x080007b1   Thumb Code     0  rt_errno_addr_intlibspace.o(.text)
    __rt_errno_addr$intlibspace              0x080007b1   Thumb Code     0  rt_errno_addr_intlibspace.o(.text)
    isspace                                  0x080007b9   Thumb Code    18  isspace.o(.text)
    __vfscanf                                0x080007cd   Thumb Code   878  _scanf.o(.text)
    __user_libspace                          0x08000b41   Thumb Code     8  libspace.o(.text)
    __user_perproc_libspace                  0x08000b41   Thumb Code     0  libspace.o(.text)
    __user_perthread_libspace                0x08000b41   Thumb Code     0  libspace.o(.text)
    __user_setup_stackheap                   0x08000b49   Thumb Code    74  sys_stackheap_outer.o(.text)
    __rt_ctype_table                         0x08000b95   Thumb Code    16  rt_ctype_table.o(.text)
    exit                                     0x08000ba5   Thumb Code    18  exit.o(.text)
    __rt_locale                              0x08000bb9   Thumb Code     8  rt_locale_intlibspace.o(.text)
    _sys_exit                                0x08000bc1   Thumb Code     8  sys_exit.o(.text)
    __I$use$semihosting                      0x08000bcd   Thumb Code     0  use_no_semi.o(.text)
    __use_no_semihosting_swi                 0x08000bcd   Thumb Code     2  use_no_semi.o(.text)
    __semihosting_library_function           0x08000bcf   Thumb Code     0  indicate_semi.o(.text)
    DEBUG_Init                               0x08000bd1   Thumb Code   120  debug_func_sets.o(i.DEBUG_Init)
    DEBUG_Send_String                        0x08000c51   Thumb Code    86  debug_func_sets.o(i.DEBUG_Send_String)
    DelayMs                                  0x08000cad   Thumb Code    16  delay_func_sets.o(i.DelayMs)
    EXTI1_IRQHandler                         0x08000cc1   Thumb Code    28  irq.o(i.EXTI1_IRQHandler)
    EXTI9_5_IRQHandler                       0x08000ce1   Thumb Code    68  irq.o(i.EXTI9_5_IRQHandler)
    EXTI_ClearITPendingBit                   0x08000d2d   Thumb Code     6  stm32f10x_exti.o(i.EXTI_ClearITPendingBit)
    EXTI_GetITStatus                         0x08000d39   Thumb Code    34  stm32f10x_exti.o(i.EXTI_GetITStatus)
    EXTI_Init                                0x08000d61   Thumb Code   142  stm32f10x_exti.o(i.EXTI_Init)
    GPIO_EXTILineConfig                      0x08000df5   Thumb Code    60  stm32f10x_gpio.o(i.GPIO_EXTILineConfig)
    GPIO_Init                                0x08000e35   Thumb Code   278  stm32f10x_gpio.o(i.GPIO_Init)
    GPIO_WriteBit                            0x08000f4b   Thumb Code    10  stm32f10x_gpio.o(i.GPIO_WriteBit)
    LED_Init                                 0x08000f55   Thumb Code    38  init_func_sets.o(i.LED_Init)
    NVIC_Init                                0x08000f81   Thumb Code   100  misc.o(i.NVIC_Init)
    NVIC_PriorityGroupConfig                 0x08000ff1   Thumb Code    10  misc.o(i.NVIC_PriorityGroupConfig)
    PID_track                                0x08001005   Thumb Code   488  service_func_sets.o(i.PID_track)
    PWM_Update                               0x080011f9   Thumb Code   228  service_func_sets.o(i.PWM_Update)
    RCC_APB1PeriphClockCmd                   0x080012e9   Thumb Code    26  stm32f10x_rcc.o(i.RCC_APB1PeriphClockCmd)
    RCC_APB2PeriphClockCmd                   0x08001309   Thumb Code    26  stm32f10x_rcc.o(i.RCC_APB2PeriphClockCmd)
    RCC_GetClocksFreq                        0x08001329   Thumb Code   192  stm32f10x_rcc.o(i.RCC_GetClocksFreq)
    SWITCH_Init                              0x080013fd   Thumb Code   116  init_func_sets.o(i.SWITCH_Init)
    Struct_Init                              0x0800155d   Thumb Code   398  init_func_sets.o(i.Struct_Init)
    SysTick_Handler                          0x08001725   Thumb Code    18  delay_func_sets.o(i.SysTick_Handler)
    SysTick_Init                             0x0800173d   Thumb Code    70  init_func_sets.o(i.SysTick_Init)
    SystemCoreClockUpdate                    0x08001789   Thumb Code   142  system_stm32f10x.o(i.SystemCoreClockUpdate)
    SystemInit                               0x0800182d   Thumb Code    78  system_stm32f10x.o(i.SystemInit)
    TIM2_IRQHandler                          0x0800188d   Thumb Code   120  irq.o(i.TIM2_IRQHandler)
    TIM2_Init                                0x08001915   Thumb Code    92  init_func_sets.o(i.TIM2_Init)
    TIM4_IRQHandler                          0x08001971   Thumb Code    26  irq.o(i.TIM4_IRQHandler)
    TIM4_Init                                0x08001991   Thumb Code    98  init_func_sets.o(i.TIM4_Init)
    TIM_ClearITPendingBit                    0x080019f9   Thumb Code     6  stm32f10x_tim.o(i.TIM_ClearITPendingBit)
    TIM_Cmd                                  0x080019ff   Thumb Code    24  stm32f10x_tim.o(i.TIM_Cmd)
    TIM_GetITStatus                          0x08001a17   Thumb Code    34  stm32f10x_tim.o(i.TIM_GetITStatus)
    TIM_ITConfig                             0x08001a39   Thumb Code    18  stm32f10x_tim.o(i.TIM_ITConfig)
    TIM_OC1Init                              0x08001a4d   Thumb Code   132  stm32f10x_tim.o(i.TIM_OC1Init)
    TIM_OC1PreloadConfig                     0x08001ae5   Thumb Code    18  stm32f10x_tim.o(i.TIM_OC1PreloadConfig)
    TIM_OC2Init                              0x08001af9   Thumb Code   154  stm32f10x_tim.o(i.TIM_OC2Init)
    TIM_OC2PreloadConfig                     0x08001b9d   Thumb Code    26  stm32f10x_tim.o(i.TIM_OC2PreloadConfig)
    TIM_OC3Init                              0x08001bb9   Thumb Code   150  stm32f10x_tim.o(i.TIM_OC3Init)
    TIM_OC3PreloadConfig                     0x08001c59   Thumb Code    18  stm32f10x_tim.o(i.TIM_OC3PreloadConfig)
    TIM_TimeBaseInit                         0x08001c6d   Thumb Code   122  stm32f10x_tim.o(i.TIM_TimeBaseInit)
    USART2_IRQHandler                        0x08001d11   Thumb Code   416  irq.o(i.USART2_IRQHandler)
    USART2_Init                              0x08001ecd   Thumb Code   116  init_func_sets.o(i.USART2_Init)
    USART_ClearITPendingBit                  0x08001f49   Thumb Code    30  stm32f10x_usart.o(i.USART_ClearITPendingBit)
    USART_Cmd                                0x08001f67   Thumb Code    24  stm32f10x_usart.o(i.USART_Cmd)
    USART_GetFlagStatus                      0x08001f7f   Thumb Code    26  stm32f10x_usart.o(i.USART_GetFlagStatus)
    USART_GetITStatus                        0x08001f99   Thumb Code    84  stm32f10x_usart.o(i.USART_GetITStatus)
    USART_Init                               0x08001fed   Thumb Code   210  stm32f10x_usart.o(i.USART_Init)
    USART_ReceiveData                        0x080020c5   Thumb Code    10  stm32f10x_usart.o(i.USART_ReceiveData)
    USART_SendData                           0x080020cf   Thumb Code     8  stm32f10x_usart.o(i.USART_SendData)
    USART_Send_String                        0x080020d9   Thumb Code    42  usart_func_sets.o(i.USART_Send_String)
    WHEEL_PWM_Init                           0x08002109   Thumb Code   382  init_func_sets.o(i.WHEEL_PWM_Init)
    WiFi_Connect                             0x08002299   Thumb Code   156  wifi_func_sets.o(i.WiFi_Connect)
    __ARM_fpclassify                         0x08002349   Thumb Code    40  fpclassify.o(i.__ARM_fpclassify)
    __kernel_poly                            0x08002399   Thumb Code   170  poly.o(i.__kernel_poly)
    __mathlib_dbl_infnan                     0x08002443   Thumb Code     6  dunder.o(i.__mathlib_dbl_infnan)
    __mathlib_dbl_underflow                  0x08002449   Thumb Code    10  dunder.o(i.__mathlib_dbl_underflow)
    atan                                     0x08002459   Thumb Code   474  atan.o(i.atan)
    cal_diff                                 0x08002679   Thumb Code    48  struct_func_sets.o(i.cal_diff)
    cal_dist                                 0x080026ad   Thumb Code    82  struct_func_sets.o(i.cal_dist)
    get_loc                                  0x08002701   Thumb Code   384  wifi_func_sets.o(i.get_loc)
    k_to_deg                                 0x08002895   Thumb Code   362  service_func_sets.o(i.k_to_deg)
    main                                     0x08002a11   Thumb Code   294  main.o(i.main)
    one_time_delay                           0x08002b61   Thumb Code    30  delay_func_sets.o(i.one_time_delay)
    sqrt                                     0x08002b85   Thumb Code    76  sqrt.o(i.sqrt)
    update_loc                               0x08002bd1   Thumb Code    28  struct_func_sets.o(i.update_loc)
    update_path                              0x08002bf1   Thumb Code   422  service_func_sets.o(i.update_path)
    var_clear                                0x08002db5   Thumb Code    92  service_func_sets.o(i.var_clear)
    _get_lc_ctype                            0x08002e1d   Thumb Code    44  lc_ctype_c.o(locale$$code)
    __aeabi_dadd                             0x08002e49   Thumb Code     0  daddsub_clz.o(x$fpl$dadd)
    _dadd                                    0x08002e49   Thumb Code   332  daddsub_clz.o(x$fpl$dadd)
    __fpl_dcheck_NaN1                        0x08002f99   Thumb Code    10  dcheck1.o(x$fpl$dcheck1)
    __fpl_dcmp_Inf                           0x08002fa9   Thumb Code    24  dcmpi.o(x$fpl$dcmpinf)
    __aeabi_ddiv                             0x08002fc1   Thumb Code     0  ddiv.o(x$fpl$ddiv)
    _ddiv                                    0x08002fc1   Thumb Code   552  ddiv.o(x$fpl$ddiv)
    __aeabi_cdcmpeq                          0x08003271   Thumb Code     0  deqf.o(x$fpl$deqf)
    _dcmpeq                                  0x08003271   Thumb Code   120  deqf.o(x$fpl$deqf)
    __aeabi_d2iz                             0x080032e9   Thumb Code     0  dfix.o(x$fpl$dfix)
    _dfix                                    0x080032e9   Thumb Code    94  dfix.o(x$fpl$dfix)
    __aeabi_i2d                              0x08003347   Thumb Code     0  dflt_clz.o(x$fpl$dflt)
    _dflt                                    0x08003347   Thumb Code    46  dflt_clz.o(x$fpl$dflt)
    __aeabi_cdcmple                          0x08003375   Thumb Code     0  dleqf.o(x$fpl$dleqf)
    _dcmple                                  0x08003375   Thumb Code   120  dleqf.o(x$fpl$dleqf)
    __fpl_dcmple_InfNaN                      0x080033d7   Thumb Code     0  dleqf.o(x$fpl$dleqf)
    __aeabi_dmul                             0x080033ed   Thumb Code     0  dmul.o(x$fpl$dmul)
    _dmul                                    0x080033ed   Thumb Code   332  dmul.o(x$fpl$dmul)
    __fpl_dnaninf                            0x08003541   Thumb Code   156  dnaninf.o(x$fpl$dnaninf)
    __fpl_dretinf                            0x080035dd   Thumb Code    12  dretinf.o(x$fpl$dretinf)
    __aeabi_cdrcmple                         0x080035e9   Thumb Code     0  drleqf.o(x$fpl$drleqf)
    _drcmple                                 0x080035e9   Thumb Code   108  drleqf.o(x$fpl$drleqf)
    __aeabi_drsub                            0x08003655   Thumb Code     0  daddsub_clz.o(x$fpl$drsb)
    _drsb                                    0x08003655   Thumb Code    22  daddsub_clz.o(x$fpl$drsb)
    _dsqrt                                   0x0800366d   Thumb Code   456  dsqrt_noumaal.o(x$fpl$dsqrt)
    __aeabi_dsub                             0x08003839   Thumb Code     0  daddsub_clz.o(x$fpl$dsub)
    _dsub                                    0x08003839   Thumb Code   464  daddsub_clz.o(x$fpl$dsub)
    __aeabi_f2d                              0x08003a0d   Thumb Code     0  f2d.o(x$fpl$f2d)
    _f2d                                     0x08003a0d   Thumb Code    86  f2d.o(x$fpl$f2d)
    __fpl_fnaninf                            0x08003a63   Thumb Code   140  fnaninf.o(x$fpl$fnaninf)
    __fpl_return_NaN                         0x08003aef   Thumb Code   100  retnan.o(x$fpl$retnan)
    __ARM_scalbn                             0x08003b53   Thumb Code    92  scalbn.o(x$fpl$scalbn)
    __fpl_cmpreturn                          0x08003baf   Thumb Code    48  trapv.o(x$fpl$trapveneer)
    __I$use$fp                               0x08003bde   Number         0  usenofp.o(x$fpl$usenofp)
    Region$$Table$$Base                      0x08003c78   Number         0  anon$$obj.o(Region$$Table)
    Region$$Table$$Limit                     0x08003c98   Number         0  anon$$obj.o(Region$$Table)
    __ctype                                  0x08003ca5   Data           0  lc_ctype_c.o(locale$$data)
    wheel_counter                            0x20000000   Data           8  main.o(.data)
    SWITCH_State                             0x20000008   Data           4  main.o(.data)
    WiFi_Connect_String                      0x20000010   Data          50  wifi_func_sets.o(.data)
    WiFi_Start_String                        0x20000042   Data          50  wifi_func_sets.o(.data)
    TIM4_Flag                                0x20000074   Data           4  irq.o(.data)
    dist                                     0x20000078   Data           4  irq.o(.data)
    def_Car                                  0x2000007c   Data           4  init_func_sets.o(.data)
    def_Ball_1                               0x20000080   Data           4  init_func_sets.o(.data)
    def_Ball_2                               0x20000084   Data           4  init_func_sets.o(.data)
    def_Ball_3                               0x20000088   Data           4  init_func_sets.o(.data)
    def_End                                  0x2000008c   Data           4  init_func_sets.o(.data)
    SystemCoreClock                          0x200000a4   Data           4  system_stm32f10x.o(.data)
    AHBPrescTable                            0x200000a8   Data          16  system_stm32f10x.o(.data)
    object                                   0x200000b8   Data          48  main.o(.bss)
    object_past                              0x200000e8   Data          48  main.o(.bss)
    loc_Update                               0x20000118   Data          12  main.o(.bss)
    track                                    0x20000128   Data         120  main.o(.bss)
    finish                                   0x200001a0   Data         120  main.o(.bss)
    wifi                                     0x20000218   Data          56  main.o(.bss)
    kick                                     0x20000250   Data          12  main.o(.bss)
    __libspace_start                         0x2000025c   Data          96  libspace.o(.bss)
    __temporary_stack_top$libspace           0x200002bc   Data           0  libspace.o(.bss)



==============================================================================

Memory Map of the image

  Image Entry point : 0x080001a5

  Load Region LR_1 (Base: 0x08000000, Size: 0x00003e60, Max: 0xffffffff, ABSOLUTE)

    Execution Region ER_RO (Exec base: 0x08000000, Load base: 0x08000000, Size: 0x00003da8, Max: 0xffffffff, ABSOLUTE)

    Exec Addr    Load Addr    Size         Type   Attr      Idx    E Section Name        Object

    0x08000000   0x08000000   0x000000ec   Data   RO         1888    RESET               startup_stm32f10x_md.o
    0x080000ec   0x080000ec   0x00000008   Code   RO         1985  * !!!main             c_w.l(__main.o)
    0x080000f4   0x080000f4   0x00000034   Code   RO         2287    !!!scatter          c_w.l(__scatter.o)
    0x08000128   0x08000128   0x0000001a   Code   RO         2289    !!handler_copy      c_w.l(__scatter_copy.o)
    0x08000142   0x08000142   0x00000002   PAD
    0x08000144   0x08000144   0x0000001c   Code   RO         2291    !!handler_zi        c_w.l(__scatter_zi.o)
    0x08000160   0x08000160   0x00000000   Code   RO         1970    .ARM.Collect$$_printf_percent$$00000000  c_w.l(_printf_percent.o)
    0x08000160   0x08000160   0x00000006   Code   RO         1969    .ARM.Collect$$_printf_percent$$00000009  c_w.l(_printf_d.o)
    0x08000166   0x08000166   0x00000004   Code   RO         2064    .ARM.Collect$$_printf_percent$$00000017  c_w.l(_printf_percent_end.o)
    0x0800016a   0x0800016a   0x00000002   Code   RO         2148    .ARM.Collect$$libinit$$00000000  c_w.l(libinit.o)
    0x0800016c   0x0800016c   0x00000000   Code   RO         2162    .ARM.Collect$$libinit$$00000002  c_w.l(libinit2.o)
    0x0800016c   0x0800016c   0x00000000   Code   RO         2164    .ARM.Collect$$libinit$$00000004  c_w.l(libinit2.o)
    0x0800016c   0x0800016c   0x00000000   Code   RO         2167    .ARM.Collect$$libinit$$0000000A  c_w.l(libinit2.o)
    0x0800016c   0x0800016c   0x00000000   Code   RO         2169    .ARM.Collect$$libinit$$0000000C  c_w.l(libinit2.o)
    0x0800016c   0x0800016c   0x00000000   Code   RO         2171    .ARM.Collect$$libinit$$0000000E  c_w.l(libinit2.o)
    0x0800016c   0x0800016c   0x00000006   Code   RO         2172    .ARM.Collect$$libinit$$0000000F  c_w.l(libinit2.o)
    0x08000172   0x08000172   0x00000000   Code   RO         2174    .ARM.Collect$$libinit$$00000011  c_w.l(libinit2.o)
    0x08000172   0x08000172   0x0000000c   Code   RO         2175    .ARM.Collect$$libinit$$00000012  c_w.l(libinit2.o)
    0x0800017e   0x0800017e   0x00000000   Code   RO         2176    .ARM.Collect$$libinit$$00000013  c_w.l(libinit2.o)
    0x0800017e   0x0800017e   0x00000000   Code   RO         2178    .ARM.Collect$$libinit$$00000015  c_w.l(libinit2.o)
    0x0800017e   0x0800017e   0x00000000   Code   RO         2180    .ARM.Collect$$libinit$$00000017  c_w.l(libinit2.o)
    0x0800017e   0x0800017e   0x00000000   Code   RO         2182    .ARM.Collect$$libinit$$00000019  c_w.l(libinit2.o)
    0x0800017e   0x0800017e   0x00000000   Code   RO         2184    .ARM.Collect$$libinit$$0000001B  c_w.l(libinit2.o)
    0x0800017e   0x0800017e   0x00000000   Code   RO         2186    .ARM.Collect$$libinit$$0000001D  c_w.l(libinit2.o)
    0x0800017e   0x0800017e   0x00000000   Code   RO         2188    .ARM.Collect$$libinit$$0000001F  c_w.l(libinit2.o)
    0x0800017e   0x0800017e   0x00000000   Code   RO         2190    .ARM.Collect$$libinit$$00000021  c_w.l(libinit2.o)
    0x0800017e   0x0800017e   0x00000000   Code   RO         2192    .ARM.Collect$$libinit$$00000023  c_w.l(libinit2.o)
    0x0800017e   0x0800017e   0x00000000   Code   RO         2194    .ARM.Collect$$libinit$$00000025  c_w.l(libinit2.o)
    0x0800017e   0x0800017e   0x00000000   Code   RO         2198    .ARM.Collect$$libinit$$0000002C  c_w.l(libinit2.o)
    0x0800017e   0x0800017e   0x00000000   Code   RO         2200    .ARM.Collect$$libinit$$0000002E  c_w.l(libinit2.o)
    0x0800017e   0x0800017e   0x00000000   Code   RO         2202    .ARM.Collect$$libinit$$00000030  c_w.l(libinit2.o)
    0x0800017e   0x0800017e   0x00000000   Code   RO         2204    .ARM.Collect$$libinit$$00000032  c_w.l(libinit2.o)
    0x0800017e   0x0800017e   0x00000002   Code   RO         2205    .ARM.Collect$$libinit$$00000033  c_w.l(libinit2.o)
    0x08000180   0x08000180   0x00000002   Code   RO         2227    .ARM.Collect$$libshutdown$$00000000  c_w.l(libshutdown.o)
    0x08000182   0x08000182   0x00000000   Code   RO         2240    .ARM.Collect$$libshutdown$$00000002  c_w.l(libshutdown2.o)
    0x08000182   0x08000182   0x00000000   Code   RO         2242    .ARM.Collect$$libshutdown$$00000004  c_w.l(libshutdown2.o)
    0x08000182   0x08000182   0x00000000   Code   RO         2245    .ARM.Collect$$libshutdown$$00000007  c_w.l(libshutdown2.o)
    0x08000182   0x08000182   0x00000000   Code   RO         2248    .ARM.Collect$$libshutdown$$0000000A  c_w.l(libshutdown2.o)
    0x08000182   0x08000182   0x00000000   Code   RO         2250    .ARM.Collect$$libshutdown$$0000000C  c_w.l(libshutdown2.o)
    0x08000182   0x08000182   0x00000000   Code   RO         2253    .ARM.Collect$$libshutdown$$0000000F  c_w.l(libshutdown2.o)
    0x08000182   0x08000182   0x00000002   Code   RO         2254    .ARM.Collect$$libshutdown$$00000010  c_w.l(libshutdown2.o)
    0x08000184   0x08000184   0x00000000   Code   RO         2055    .ARM.Collect$$rtentry$$00000000  c_w.l(__rtentry.o)
    0x08000184   0x08000184   0x00000000   Code   RO         2107    .ARM.Collect$$rtentry$$00000002  c_w.l(__rtentry2.o)
    0x08000184   0x08000184   0x00000006   Code   RO         2119    .ARM.Collect$$rtentry$$00000004  c_w.l(__rtentry4.o)
    0x0800018a   0x0800018a   0x00000000   Code   RO         2109    .ARM.Collect$$rtentry$$00000009  c_w.l(__rtentry2.o)
    0x0800018a   0x0800018a   0x00000004   Code   RO         2110    .ARM.Collect$$rtentry$$0000000A  c_w.l(__rtentry2.o)
    0x0800018e   0x0800018e   0x00000000   Code   RO         2112    .ARM.Collect$$rtentry$$0000000C  c_w.l(__rtentry2.o)
    0x0800018e   0x0800018e   0x00000008   Code   RO         2113    .ARM.Collect$$rtentry$$0000000D  c_w.l(__rtentry2.o)
    0x08000196   0x08000196   0x00000002   Code   RO         2151    .ARM.Collect$$rtexit$$00000000  c_w.l(rtexit.o)
    0x08000198   0x08000198   0x00000000   Code   RO         2209    .ARM.Collect$$rtexit$$00000002  c_w.l(rtexit2.o)
    0x08000198   0x08000198   0x00000004   Code   RO         2210    .ARM.Collect$$rtexit$$00000003  c_w.l(rtexit2.o)
    0x0800019c   0x0800019c   0x00000006   Code   RO         2211    .ARM.Collect$$rtexit$$00000004  c_w.l(rtexit2.o)
    0x080001a2   0x080001a2   0x00000002   PAD
    0x080001a4   0x080001a4   0x00000040   Code   RO         1889  * .text               startup_stm32f10x_md.o
    0x080001e4   0x080001e4   0x00000028   Code   RO         1943    .text               c_w.l(noretval__2sprintf.o)
    0x0800020c   0x0800020c   0x00000068   Code   RO         1945    .text               c_w.l(__printf.o)
    0x08000274   0x08000274   0x00000078   Code   RO         1947    .text               c_w.l(_printf_dec.o)
    0x080002ec   0x080002ec   0x0000003c   Code   RO         1971    .text               c_w.l(__0sscanf.o)
    0x08000328   0x08000328   0x0000014c   Code   RO         1973    .text               c_w.l(_scanf_int.o)
    0x08000474   0x08000474   0x0000003e   Code   RO         1975    .text               c_w.l(strlen.o)
    0x080004b2   0x080004b2   0x0000004e   Code   RO         1977    .text               c_w.l(rt_memclr_w.o)
    0x08000500   0x08000500   0x00000056   Code   RO         1979    .text               c_w.l(strncpy.o)
    0x08000556   0x08000556   0x00000002   PAD
    0x08000558   0x08000558   0x00000080   Code   RO         1981    .text               c_w.l(strcmpv7m.o)
    0x080005d8   0x080005d8   0x00000006   Code   RO         1983    .text               c_w.l(heapauxi.o)
    0x080005de   0x080005de   0x00000016   Code   RO         2056    .text               c_w.l(_rserrno.o)
    0x080005f4   0x080005f4   0x000000b2   Code   RO         2058    .text               c_w.l(_printf_intcommon.o)
    0x080006a6   0x080006a6   0x00000002   PAD
    0x080006a8   0x080006a8   0x00000030   Code   RO         2060    .text               c_w.l(_printf_char_common.o)
    0x080006d8   0x080006d8   0x0000000a   Code   RO         2062    .text               c_w.l(_sputc.o)
    0x080006e2   0x080006e2   0x0000001c   Code   RO         2065    .text               c_w.l(_chval.o)
    0x080006fe   0x080006fe   0x00000002   PAD
    0x08000700   0x08000700   0x0000002c   Code   RO         2067    .text               c_w.l(scanf_char.o)
    0x0800072c   0x0800072c   0x00000040   Code   RO         2069    .text               c_w.l(_sgetc.o)
    0x0800076c   0x0800076c   0x00000044   Code   RO         2071    .text               c_w.l(rt_memclr.o)
    0x080007b0   0x080007b0   0x00000008   Code   RO         2124    .text               c_w.l(rt_errno_addr_intlibspace.o)
    0x080007b8   0x080007b8   0x00000012   Code   RO         2126    .text               c_w.l(isspace.o)
    0x080007ca   0x080007ca   0x00000002   PAD
    0x080007cc   0x080007cc   0x00000374   Code   RO         2130    .text               c_w.l(_scanf.o)
    0x08000b40   0x08000b40   0x00000008   Code   RO         2134    .text               c_w.l(libspace.o)
    0x08000b48   0x08000b48   0x0000004a   Code   RO         2137    .text               c_w.l(sys_stackheap_outer.o)
    0x08000b92   0x08000b92   0x00000002   PAD
    0x08000b94   0x08000b94   0x00000010   Code   RO         2139    .text               c_w.l(rt_ctype_table.o)
    0x08000ba4   0x08000ba4   0x00000012   Code   RO         2141    .text               c_w.l(exit.o)
    0x08000bb6   0x08000bb6   0x00000002   PAD
    0x08000bb8   0x08000bb8   0x00000008   Code   RO         2156    .text               c_w.l(rt_locale_intlibspace.o)
    0x08000bc0   0x08000bc0   0x0000000c   Code   RO         2219    .text               c_w.l(sys_exit.o)
    0x08000bcc   0x08000bcc   0x00000002   Code   RO         2230    .text               c_w.l(use_no_semi.o)
    0x08000bce   0x08000bce   0x00000000   Code   RO         2232    .text               c_w.l(indicate_semi.o)
    0x08000bce   0x08000bce   0x00000002   PAD
    0x08000bd0   0x08000bd0   0x00000080   Code   RO          279    i.DEBUG_Init        debug_func_sets.o
    0x08000c50   0x08000c50   0x0000005c   Code   RO          282    i.DEBUG_Send_String  debug_func_sets.o
    0x08000cac   0x08000cac   0x00000014   Code   RO          198    i.DelayMs           delay_func_sets.o
    0x08000cc0   0x08000cc0   0x00000020   Code   RO          325    i.EXTI1_IRQHandler  irq.o
    0x08000ce0   0x08000ce0   0x0000004c   Code   RO          326    i.EXTI9_5_IRQHandler  irq.o
    0x08000d2c   0x08000d2c   0x0000000c   Code   RO          578    i.EXTI_ClearITPendingBit  stm32f10x_exti.o
    0x08000d38   0x08000d38   0x00000028   Code   RO          582    i.EXTI_GetITStatus  stm32f10x_exti.o
    0x08000d60   0x08000d60   0x00000094   Code   RO          583    i.EXTI_Init         stm32f10x_exti.o
    0x08000df4   0x08000df4   0x00000040   Code   RO          646    i.GPIO_EXTILineConfig  stm32f10x_gpio.o
    0x08000e34   0x08000e34   0x00000116   Code   RO          649    i.GPIO_Init         stm32f10x_gpio.o
    0x08000f4a   0x08000f4a   0x0000000a   Code   RO          660    i.GPIO_WriteBit     stm32f10x_gpio.o
    0x08000f54   0x08000f54   0x0000002c   Code   RO          440    i.LED_Init          init_func_sets.o
    0x08000f80   0x08000f80   0x00000070   Code   RO          529    i.NVIC_Init         misc.o
    0x08000ff0   0x08000ff0   0x00000014   Code   RO          530    i.NVIC_PriorityGroupConfig  misc.o
    0x08001004   0x08001004   0x000001f4   Code   RO          381    i.PID_track         service_func_sets.o
    0x080011f8   0x080011f8   0x000000f0   Code   RO          382    i.PWM_Update        service_func_sets.o
    0x080012e8   0x080012e8   0x00000020   Code   RO          771    i.RCC_APB1PeriphClockCmd  stm32f10x_rcc.o
    0x08001308   0x08001308   0x00000020   Code   RO          773    i.RCC_APB2PeriphClockCmd  stm32f10x_rcc.o
    0x08001328   0x08001328   0x000000d4   Code   RO          781    i.RCC_GetClocksFreq  stm32f10x_rcc.o
    0x080013fc   0x080013fc   0x00000078   Code   RO          441    i.SWITCH_Init       init_func_sets.o
    0x08001474   0x08001474   0x00000008   Code   RO         1896    i.SetSysClock       system_stm32f10x.o
    0x0800147c   0x0800147c   0x000000e0   Code   RO         1897    i.SetSysClockTo72   system_stm32f10x.o
    0x0800155c   0x0800155c   0x000001c8   Code   RO          442    i.Struct_Init       init_func_sets.o
    0x08001724   0x08001724   0x00000018   Code   RO          199    i.SysTick_Handler   delay_func_sets.o
    0x0800173c   0x0800173c   0x0000004c   Code   RO          443    i.SysTick_Init      init_func_sets.o
    0x08001788   0x08001788   0x000000a4   Code   RO         1898    i.SystemCoreClockUpdate  system_stm32f10x.o
    0x0800182c   0x0800182c   0x00000060   Code   RO         1899    i.SystemInit        system_stm32f10x.o
    0x0800188c   0x0800188c   0x00000088   Code   RO          327    i.TIM2_IRQHandler   irq.o
    0x08001914   0x08001914   0x0000005c   Code   RO          444    i.TIM2_Init         init_func_sets.o
    0x08001970   0x08001970   0x00000020   Code   RO          328    i.TIM4_IRQHandler   irq.o
    0x08001990   0x08001990   0x00000068   Code   RO          445    i.TIM4_Init         init_func_sets.o
    0x080019f8   0x080019f8   0x00000006   Code   RO         1148    i.TIM_ClearITPendingBit  stm32f10x_tim.o
    0x080019fe   0x080019fe   0x00000018   Code   RO         1153    i.TIM_Cmd           stm32f10x_tim.o
    0x08001a16   0x08001a16   0x00000022   Code   RO         1174    i.TIM_GetITStatus   stm32f10x_tim.o
    0x08001a38   0x08001a38   0x00000012   Code   RO         1178    i.TIM_ITConfig      stm32f10x_tim.o
    0x08001a4a   0x08001a4a   0x00000002   PAD
    0x08001a4c   0x08001a4c   0x00000098   Code   RO         1182    i.TIM_OC1Init       stm32f10x_tim.o
    0x08001ae4   0x08001ae4   0x00000012   Code   RO         1185    i.TIM_OC1PreloadConfig  stm32f10x_tim.o
    0x08001af6   0x08001af6   0x00000002   PAD
    0x08001af8   0x08001af8   0x000000a4   Code   RO         1187    i.TIM_OC2Init       stm32f10x_tim.o
    0x08001b9c   0x08001b9c   0x0000001a   Code   RO         1190    i.TIM_OC2PreloadConfig  stm32f10x_tim.o
    0x08001bb6   0x08001bb6   0x00000002   PAD
    0x08001bb8   0x08001bb8   0x000000a0   Code   RO         1192    i.TIM_OC3Init       stm32f10x_tim.o
    0x08001c58   0x08001c58   0x00000012   Code   RO         1195    i.TIM_OC3PreloadConfig  stm32f10x_tim.o
    0x08001c6a   0x08001c6a   0x00000002   PAD
    0x08001c6c   0x08001c6c   0x000000a4   Code   RO         1224    i.TIM_TimeBaseInit  stm32f10x_tim.o
    0x08001d10   0x08001d10   0x000001bc   Code   RO          329    i.USART2_IRQHandler  irq.o
    0x08001ecc   0x08001ecc   0x0000007c   Code   RO          446    i.USART2_Init       init_func_sets.o
    0x08001f48   0x08001f48   0x0000001e   Code   RO         1698    i.USART_ClearITPendingBit  stm32f10x_usart.o
    0x08001f66   0x08001f66   0x00000018   Code   RO         1701    i.USART_Cmd         stm32f10x_usart.o
    0x08001f7e   0x08001f7e   0x0000001a   Code   RO         1704    i.USART_GetFlagStatus  stm32f10x_usart.o
    0x08001f98   0x08001f98   0x00000054   Code   RO         1705    i.USART_GetITStatus  stm32f10x_usart.o
    0x08001fec   0x08001fec   0x000000d8   Code   RO         1708    i.USART_Init        stm32f10x_usart.o
    0x080020c4   0x080020c4   0x0000000a   Code   RO         1715    i.USART_ReceiveData  stm32f10x_usart.o
    0x080020ce   0x080020ce   0x00000008   Code   RO         1718    i.USART_SendData    stm32f10x_usart.o
    0x080020d6   0x080020d6   0x00000002   PAD
    0x080020d8   0x080020d8   0x00000030   Code   RO          107    i.USART_Send_String  usart_func_sets.o
    0x08002108   0x08002108   0x00000190   Code   RO          448    i.WHEEL_PWM_Init    init_func_sets.o
    0x08002298   0x08002298   0x000000b0   Code   RO          241    i.WiFi_Connect      wifi_func_sets.o
    0x08002348   0x08002348   0x00000028   Code   RO         2102    i.__ARM_fpclassify  m_ws.l(fpclassify.o)
    0x08002370   0x08002370   0x00000028   Code   RO          449    i.__NVIC_SetPriority  init_func_sets.o
    0x08002398   0x08002398   0x000000aa   Code   RO         2104    i.__kernel_poly     m_ws.l(poly.o)
    0x08002442   0x08002442   0x00000006   Code   RO         2089    i.__mathlib_dbl_infnan  m_ws.l(dunder.o)
    0x08002448   0x08002448   0x00000010   Code   RO         2094    i.__mathlib_dbl_underflow  m_ws.l(dunder.o)
    0x08002458   0x08002458   0x00000220   Code   RO         2038    i.atan              m_ws.l(atan.o)
    0x08002678   0x08002678   0x00000034   Code   RO          145    i.cal_diff          struct_func_sets.o
    0x080026ac   0x080026ac   0x00000052   Code   RO          146    i.cal_dist          struct_func_sets.o
    0x080026fe   0x080026fe   0x00000002   PAD
    0x08002700   0x08002700   0x00000194   Code   RO          242    i.get_loc           wifi_func_sets.o
    0x08002894   0x08002894   0x0000017c   Code   RO          383    i.k_to_deg          service_func_sets.o
    0x08002a10   0x08002a10   0x00000150   Code   RO            4    i.main              main.o
    0x08002b60   0x08002b60   0x00000024   Code   RO          200    i.one_time_delay    delay_func_sets.o
    0x08002b84   0x08002b84   0x0000004c   Code   RO         2048    i.sqrt              m_ws.l(sqrt.o)
    0x08002bd0   0x08002bd0   0x00000020   Code   RO          149    i.update_loc        struct_func_sets.o
    0x08002bf0   0x08002bf0   0x000001c4   Code   RO          385    i.update_path       service_func_sets.o
    0x08002db4   0x08002db4   0x00000068   Code   RO          386    i.var_clear         service_func_sets.o
    0x08002e1c   0x08002e1c   0x0000002c   Code   RO         2159    locale$$code        c_w.l(lc_ctype_c.o)
    0x08002e48   0x08002e48   0x00000150   Code   RO         1989    x$fpl$dadd          fz_ws.l(daddsub_clz.o)
    0x08002f98   0x08002f98   0x00000010   Code   RO         2132    x$fpl$dcheck1       fz_ws.l(dcheck1.o)
    0x08002fa8   0x08002fa8   0x00000018   Code   RO         2073    x$fpl$dcmpinf       fz_ws.l(dcmpi.o)
    0x08002fc0   0x08002fc0   0x000002b0   Code   RO         1996    x$fpl$ddiv          fz_ws.l(ddiv.o)
    0x08003270   0x08003270   0x00000078   Code   RO         1999    x$fpl$deqf          fz_ws.l(deqf.o)
    0x080032e8   0x080032e8   0x0000005e   Code   RO         2001    x$fpl$dfix          fz_ws.l(dfix.o)
    0x08003346   0x08003346   0x0000002e   Code   RO         2006    x$fpl$dflt          fz_ws.l(dflt_clz.o)
    0x08003374   0x08003374   0x00000078   Code   RO         2011    x$fpl$dleqf         fz_ws.l(dleqf.o)
    0x080033ec   0x080033ec   0x00000154   Code   RO         2013    x$fpl$dmul          fz_ws.l(dmul.o)
    0x08003540   0x08003540   0x0000009c   Code   RO         2075    x$fpl$dnaninf       fz_ws.l(dnaninf.o)
    0x080035dc   0x080035dc   0x0000000c   Code   RO         2077    x$fpl$dretinf       fz_ws.l(dretinf.o)
    0x080035e8   0x080035e8   0x0000006c   Code   RO         2015    x$fpl$drleqf        fz_ws.l(drleqf.o)
    0x08003654   0x08003654   0x00000016   Code   RO         1990    x$fpl$drsb          fz_ws.l(daddsub_clz.o)
    0x0800366a   0x0800366a   0x00000002   PAD
    0x0800366c   0x0800366c   0x000001cc   Code   RO         2079    x$fpl$dsqrt         fz_ws.l(dsqrt_noumaal.o)
    0x08003838   0x08003838   0x000001d4   Code   RO         1991    x$fpl$dsub          fz_ws.l(daddsub_clz.o)
    0x08003a0c   0x08003a0c   0x00000056   Code   RO         2017    x$fpl$f2d           fz_ws.l(f2d.o)
    0x08003a62   0x08003a62   0x0000008c   Code   RO         2081    x$fpl$fnaninf       fz_ws.l(fnaninf.o)
    0x08003aee   0x08003aee   0x00000064   Code   RO         2149    x$fpl$retnan        fz_ws.l(retnan.o)
    0x08003b52   0x08003b52   0x0000005c   Code   RO         2085    x$fpl$scalbn        fz_ws.l(scalbn.o)
    0x08003bae   0x08003bae   0x00000030   Code   RO         2206    x$fpl$trapveneer    fz_ws.l(trapv.o)
    0x08003bde   0x08003bde   0x00000000   Code   RO         2087    x$fpl$usenofp       fz_ws.l(usenofp.o)
    0x08003bde   0x08003bde   0x00000002   PAD
    0x08003be0   0x08003be0   0x00000098   Data   RO         2039    .constdata          m_ws.l(atan.o)
    0x08003c78   0x08003c78   0x00000020   Data   RO         2285    Region$$Table       anon$$obj.o
    0x08003c98   0x08003c98   0x00000110   Data   RO         2158    locale$$data        c_w.l(lc_ctype_c.o)


    Execution Region ER_RW (Exec base: 0x20000000, Load base: 0x08003da8, Size: 0x000000b8, Max: 0xffffffff, ABSOLUTE)

    Exec Addr    Load Addr    Size         Type   Attr      Idx    E Section Name        Object

    0x20000000   0x08003da8   0x0000000c   Data   RW            6    .data               main.o
    0x2000000c   0x08003db4   0x00000004   Data   RW          201    .data               delay_func_sets.o
    0x20000010   0x08003db8   0x00000064   Data   RW          243    .data               wifi_func_sets.o
    0x20000074   0x08003e1c   0x00000008   Data   RW          330    .data               irq.o
    0x2000007c   0x08003e24   0x00000014   Data   RW          450    .data               init_func_sets.o
    0x20000090   0x08003e38   0x00000014   Data   RW          801    .data               stm32f10x_rcc.o
    0x200000a4   0x08003e4c   0x00000014   Data   RW         1900    .data               system_stm32f10x.o


    Execution Region ER_ZI (Exec base: 0x200000b8, Load base: 0x08003e60, Size: 0x00000808, Max: 0xffffffff, ABSOLUTE)

    Exec Addr    Load Addr    Size         Type   Attr      Idx    E Section Name        Object

    0x200000b8        -       0x000001a4   Zero   RW            5    .bss                main.o
    0x2000025c        -       0x00000060   Zero   RW         2135    .bss                c_w.l(libspace.o)
    0x200002bc   0x08003e60   0x00000004   PAD
    0x200002c0        -       0x00000200   Zero   RW         1887    HEAP                startup_stm32f10x_md.o
    0x200004c0        -       0x00000400   Zero   RW         1886    STACK               startup_stm32f10x_md.o


==============================================================================

Image component sizes


      Code (inc. data)   RO Data    RW Data    ZI Data      Debug   Object Name

       220         14          0          0          0       1245   debug_func_sets.o
        80         16          0          4          0       2104   delay_func_sets.o
      1456        114          0         20          0      31908   init_func_sets.o
       720         62          0          8          0       2785   irq.o
       336         50          0         12        420     257433   main.o
       132         22          0          0          0       1811   misc.o
      1676         84          0          0          0       3162   service_func_sets.o
        64         26        236          0       1536        848   startup_stm32f10x_md.o
       200         18          0          0          0       2416   stm32f10x_exti.o
       352          4          0          0          0       3466   stm32f10x_gpio.o
       276         32          0         20          0       4730   stm32f10x_rcc.o
       784         82          0          0          0       8073   stm32f10x_tim.o
       398          6          0          0          0       6406   stm32f10x_usart.o
       166          8          0          0          0       2192   struct_func_sets.o
       492         50          0         20          0       3209   system_stm32f10x.o
        48          6          0          0          0        616   usart_func_sets.o
       580         40          0        100          0       2227   wifi_func_sets.o

    ----------------------------------------------------------------------
      7992        634        268        184       1956     334631   Object Totals
         0          0         32          0          0          0   (incl. Generated)
        12          0          0          0          0          0   (incl. Padding)

    ----------------------------------------------------------------------

      Code (inc. data)   RO Data    RW Data    ZI Data      Debug   Library Member Name

        60          8          0          0          0         84   __0sscanf.o
         8          0          0          0          0         68   __main.o
       104          0          0          0          0         84   __printf.o
         0          0          0          0          0          0   __rtentry.o
        12          0          0          0          0          0   __rtentry2.o
         6          0          0          0          0          0   __rtentry4.o
        52          8          0          0          0          0   __scatter.o
        26          0          0          0          0          0   __scatter_copy.o
        28          0          0          0          0          0   __scatter_zi.o
        28          0          0          0          0         68   _chval.o
        48          6          0          0          0         96   _printf_char_common.o
         6          0          0          0          0          0   _printf_d.o
       120         16          0          0          0         92   _printf_dec.o
       178          0          0          0          0         88   _printf_intcommon.o
         0          0          0          0          0          0   _printf_percent.o
         4          0          0          0          0          0   _printf_percent_end.o
        22          0          0          0          0        100   _rserrno.o
       884          6          0          0          0        100   _scanf.o
       332          0          0          0          0         96   _scanf_int.o
        64          0          0          0          0         84   _sgetc.o
        10          0          0          0          0         68   _sputc.o
        18          0          0          0          0         80   exit.o
         6          0          0          0          0        152   heapauxi.o
         0          0          0          0          0          0   indicate_semi.o
        18          0          0          0          0         76   isspace.o
        44         10        272          0          0         76   lc_ctype_c.o
         2          0          0          0          0          0   libinit.o
        20          0          0          0          0          0   libinit2.o
         2          0          0          0          0          0   libshutdown.o
         2          0          0          0          0          0   libshutdown2.o
         8          4          0          0         96         68   libspace.o
        40          6          0          0          0         84   noretval__2sprintf.o
        16          4          0          0          0         76   rt_ctype_table.o
         8          4          0          0          0         68   rt_errno_addr_intlibspace.o
         8          4          0          0          0         68   rt_locale_intlibspace.o
        68          0          0          0          0         68   rt_memclr.o
        78          0          0          0          0         80   rt_memclr_w.o
         2          0          0          0          0          0   rtexit.o
        10          0          0          0          0          0   rtexit2.o
        44          8          0          0          0         84   scanf_char.o
       128          0          0          0          0         68   strcmpv7m.o
        62          0          0          0          0         76   strlen.o
        86          0          0          0          0         76   strncpy.o
        12          4          0          0          0         68   sys_exit.o
        74          0          0          0          0         80   sys_stackheap_outer.o
         2          0          0          0          0         68   use_no_semi.o
       826         16          0          0          0        348   daddsub_clz.o
        16          4          0          0          0         68   dcheck1.o
        24          0          0          0          0         68   dcmpi.o
       688        140          0          0          0        208   ddiv.o
       120          4          0          0          0         92   deqf.o
        94          4          0          0          0         92   dfix.o
        46          0          0          0          0         68   dflt_clz.o
       120          4          0          0          0         92   dleqf.o
       340         12          0          0          0        104   dmul.o
       156          4          0          0          0         92   dnaninf.o
        12          0          0          0          0         68   dretinf.o
       108          0          0          0          0         80   drleqf.o
       460         56          0          0          0        120   dsqrt_noumaal.o
        86          4          0          0          0         84   f2d.o
       140          4          0          0          0         84   fnaninf.o
       100          0          0          0          0         68   retnan.o
        92          0          0          0          0         68   scalbn.o
        48          0          0          0          0         68   trapv.o
         0          0          0          0          0          0   usenofp.o
       544         70        152          0          0        124   atan.o
        22          6          0          0          0        136   dunder.o
        40          0          0          0          0         68   fpclassify.o
       170          0          0          0          0         96   poly.o
        76          0          0          0          0         84   sqrt.o

    ----------------------------------------------------------------------
      7100        416        424          0        100       4824   Library Totals
        22          0          0          0          4          0   (incl. Padding)

    ----------------------------------------------------------------------

      Code (inc. data)   RO Data    RW Data    ZI Data      Debug   Library Name

      2750         88        272          0         96       2444   c_w.l
      3476        252          0          0          0       1872   fz_ws.l
       852         76        152          0          0        508   m_ws.l

    ----------------------------------------------------------------------
      7100        416        424          0        100       4824   Library Totals

    ----------------------------------------------------------------------

==============================================================================


      Code (inc. data)   RO Data    RW Data    ZI Data      Debug   

     15092       1050        692        184       2056     333575   Grand Totals
     15092       1050        692        184       2056     333575   ELF Image Totals
     15092       1050        692        184          0          0   ROM Totals

==============================================================================

    Total RO  Size (Code + RO Data)                15784 (  15.41kB)
    Total RW  Size (RW Data + ZI Data)              2240 (   2.19kB)
    Total ROM Size (Code + RO Data + RW Data)      15968 (  15.59kB)

==============================================================================

